Archive member included to satisfy reference by file (symbol)

/Applications/STM32CubeIDE.app/Contents/Eclipse/plugins/com.st.stm32cube.ide.mcu.externaltools.gnu-tools-for-stm32.11.3.rel1.macos64_1.1.100.202310310803/tools/bin/../lib/gcc/arm-none-eabi/11.3.1/../../../../arm-none-eabi/lib/thumb/v7e-m+fp/hard/libc_nano.a(libc_a-exit.o)
                              /Applications/STM32CubeIDE.app/Contents/Eclipse/plugins/com.st.stm32cube.ide.mcu.externaltools.gnu-tools-for-stm32.11.3.rel1.macos64_1.1.100.202310310803/tools/bin/../lib/gcc/arm-none-eabi/11.3.1/../../../../arm-none-eabi/lib/thumb/v7e-m+fp/hard/crt0.o (exit)
/Applications/STM32CubeIDE.app/Contents/Eclipse/plugins/com.st.stm32cube.ide.mcu.externaltools.gnu-tools-for-stm32.11.3.rel1.macos64_1.1.100.202310310803/tools/bin/../lib/gcc/arm-none-eabi/11.3.1/../../../../arm-none-eabi/lib/thumb/v7e-m+fp/hard/libc_nano.a(libc_a-findfp.o)
                              ./Middlewares/Third_Party/FreeRTOS/Source/tasks.o (__sf)
/Applications/STM32CubeIDE.app/Contents/Eclipse/plugins/com.st.stm32cube.ide.mcu.externaltools.gnu-tools-for-stm32.11.3.rel1.macos64_1.1.100.202310310803/tools/bin/../lib/gcc/arm-none-eabi/11.3.1/../../../../arm-none-eabi/lib/thumb/v7e-m+fp/hard/libc_nano.a(libc_a-fwalk.o)
                              /Applications/STM32CubeIDE.app/Contents/Eclipse/plugins/com.st.stm32cube.ide.mcu.externaltools.gnu-tools-for-stm32.11.3.rel1.macos64_1.1.100.202310310803/tools/bin/../lib/gcc/arm-none-eabi/11.3.1/../../../../arm-none-eabi/lib/thumb/v7e-m+fp/hard/libc_nano.a(libc_a-findfp.o) (_fwalk_sglue)
/Applications/STM32CubeIDE.app/Contents/Eclipse/plugins/com.st.stm32cube.ide.mcu.externaltools.gnu-tools-for-stm32.11.3.rel1.macos64_1.1.100.202310310803/tools/bin/../lib/gcc/arm-none-eabi/11.3.1/../../../../arm-none-eabi/lib/thumb/v7e-m+fp/hard/libc_nano.a(libc_a-memset.o)
                              /Applications/STM32CubeIDE.app/Contents/Eclipse/plugins/com.st.stm32cube.ide.mcu.externaltools.gnu-tools-for-stm32.11.3.rel1.macos64_1.1.100.202310310803/tools/bin/../lib/gcc/arm-none-eabi/11.3.1/../../../../arm-none-eabi/lib/thumb/v7e-m+fp/hard/crt0.o (memset)
/Applications/STM32CubeIDE.app/Contents/Eclipse/plugins/com.st.stm32cube.ide.mcu.externaltools.gnu-tools-for-stm32.11.3.rel1.macos64_1.1.100.202310310803/tools/bin/../lib/gcc/arm-none-eabi/11.3.1/../../../../arm-none-eabi/lib/thumb/v7e-m+fp/hard/libc_nano.a(libc_a-reent.o)
                              ./Middlewares/Third_Party/FreeRTOS/Source/tasks.o (_reclaim_reent)
/Applications/STM32CubeIDE.app/Contents/Eclipse/plugins/com.st.stm32cube.ide.mcu.externaltools.gnu-tools-for-stm32.11.3.rel1.macos64_1.1.100.202310310803/tools/bin/../lib/gcc/arm-none-eabi/11.3.1/../../../../arm-none-eabi/lib/thumb/v7e-m+fp/hard/libc_nano.a(libc_a-impure.o)
                              ./Middlewares/Third_Party/FreeRTOS/Source/tasks.o (_impure_ptr)
/Applications/STM32CubeIDE.app/Contents/Eclipse/plugins/com.st.stm32cube.ide.mcu.externaltools.gnu-tools-for-stm32.11.3.rel1.macos64_1.1.100.202310310803/tools/bin/../lib/gcc/arm-none-eabi/11.3.1/../../../../arm-none-eabi/lib/thumb/v7e-m+fp/hard/libc_nano.a(libc_a-errno.o)
                              ./Core/Src/syscalls.o (__errno)
/Applications/STM32CubeIDE.app/Contents/Eclipse/plugins/com.st.stm32cube.ide.mcu.externaltools.gnu-tools-for-stm32.11.3.rel1.macos64_1.1.100.202310310803/tools/bin/../lib/gcc/arm-none-eabi/11.3.1/../../../../arm-none-eabi/lib/thumb/v7e-m+fp/hard/libc_nano.a(libc_a-init.o)
                              /Applications/STM32CubeIDE.app/Contents/Eclipse/plugins/com.st.stm32cube.ide.mcu.externaltools.gnu-tools-for-stm32.11.3.rel1.macos64_1.1.100.202310310803/tools/bin/../lib/gcc/arm-none-eabi/11.3.1/../../../../arm-none-eabi/lib/thumb/v7e-m+fp/hard/crt0.o (__libc_init_array)
/Applications/STM32CubeIDE.app/Contents/Eclipse/plugins/com.st.stm32cube.ide.mcu.externaltools.gnu-tools-for-stm32.11.3.rel1.macos64_1.1.100.202310310803/tools/bin/../lib/gcc/arm-none-eabi/11.3.1/../../../../arm-none-eabi/lib/thumb/v7e-m+fp/hard/libc_nano.a(libc_a-lock.o)
                              /Applications/STM32CubeIDE.app/Contents/Eclipse/plugins/com.st.stm32cube.ide.mcu.externaltools.gnu-tools-for-stm32.11.3.rel1.macos64_1.1.100.202310310803/tools/bin/../lib/gcc/arm-none-eabi/11.3.1/../../../../arm-none-eabi/lib/thumb/v7e-m+fp/hard/libc_nano.a(libc_a-findfp.o) (__retarget_lock_init_recursive)
/Applications/STM32CubeIDE.app/Contents/Eclipse/plugins/com.st.stm32cube.ide.mcu.externaltools.gnu-tools-for-stm32.11.3.rel1.macos64_1.1.100.202310310803/tools/bin/../lib/gcc/arm-none-eabi/11.3.1/../../../../arm-none-eabi/lib/thumb/v7e-m+fp/hard/libc_nano.a(libc_a-memcpy-stub.o)
                              ./Middlewares/Third_Party/FreeRTOS/Source/CMSIS_RTOS_V2/cmsis_os2.o (memcpy)
[...]
Memory Configuration

Name             Origin             Length             Attributes
RAM              0x0000000020000000 0x0000000000020000 xrw
FLASH            0x0000000008000000 0x0000000000080000 xr
*default*        0x0000000000000000 0xffffffffffffffff

Linker script and memory map

LOAD /Applications/STM32CubeIDE.app/Contents/Eclipse/plugins/com.st.stm32cube.ide.mcu.externaltools.gnu-tools-for-stm32.11.3.rel1.macos64_1.1.100.202310310803/tools/bin/../lib/gcc/arm-none-eabi/11.3.1/thumb/v7e-m+fp/hard/crti.o
LOAD /Applications/STM32CubeIDE.app/Contents/Eclipse/plugins/com.st.stm32cube.ide.mcu.externaltools.gnu-tools-for-stm32.11.3.rel1.macos64_1.1.100.202310310803/tools/bin/../lib/gcc/arm-none-eabi/11.3.1/thumb/v7e-m+fp/hard/crtbegin.o
LOAD /Applications/STM32CubeIDE.app/Contents/Eclipse/plugins/com.st.stm32cube.ide.mcu.externaltools.gnu-tools-for-stm32.11.3.rel1.macos64_1.1.100.202310310803/tools/bin/../lib/gcc/arm-none-eabi/11.3.1/../../../../arm-none-eabi/lib/thumb/v7e-m+fp/hard/crt0.o
LOAD ./Core/Src/crc.o
LOAD ./Core/Src/fdcan.o
LOAD ./Core/Src/freertos.o
LOAD ./Core/Src/gpio.o
LOAD ./Core/Src/i2c.o
LOAD ./Core/Src/iwdg.o
LOAD ./Core/Src/main.o
LOAD ./Core/Src/spi.o
LOAD ./Core/Src/stm32g4xx_hal_msp.o
LOAD ./Core/Src/stm32g4xx_it.o
LOAD ./Core/Src/syscalls.o
LOAD ./Core/Src/sysmem.o
LOAD ./Core/Src/system_stm32g4xx.o
LOAD ./Core/Startup/startup_stm32g483retx.o
LOAD ./Drivers/STM32G4xx_HAL_Driver/Src/stm32g4xx_hal.o
LOAD ./Drivers/STM32G4xx_HAL_Driver/Src/stm32g4xx_hal_cortex.o
LOAD ./Drivers/STM32G4xx_HAL_Driver/Src/stm32g4xx_hal_crc.o
LOAD ./Drivers/STM32G4xx_HAL_Driver/Src/stm32g4xx_hal_crc_ex.o
LOAD ./Drivers/STM32G4xx_HAL_Driver/Src/stm32g4xx_hal_dma.o
LOAD ./Drivers/STM32G4xx_HAL_Driver/Src/stm32g4xx_hal_dma_ex.o
LOAD ./Drivers/STM32G4xx_HAL_Driver/Src/stm32g4xx_hal_exti.o
LOAD ./Drivers/STM32G4xx_HAL_Driver/Src/stm32g4xx_hal_fdcan.o
LOAD ./Drivers/STM32G4xx_HAL_Driver/Src/stm32g4xx_hal_flash.o
LOAD ./Drivers/STM32G4xx_HAL_Driver/Src/stm32g4xx_hal_flash_ex.o
LOAD ./Drivers/STM32G4xx_HAL_Driver/Src/stm32g4xx_hal_flash_ramfunc.o
LOAD ./Drivers/STM32G4xx_HAL_Driver/Src/stm32g4xx_hal_gpio.o
LOAD ./Drivers/STM32G4xx_HAL_Driver/Src/stm32g4xx_hal_i2c.o
LOAD ./Drivers/STM32G4xx_HAL_Driver/Src/stm32g4xx_hal_i2c_ex.o
LOAD ./Drivers/STM32G4xx_HAL_Driver/Src/stm32g4xx_hal_iwdg.o
LOAD ./Drivers/STM32G4xx_HAL_Driver/Src/stm32g4xx_hal_pcd.o
LOAD ./Drivers/STM32G4xx_HAL_Driver/Src/stm32g4xx_hal_pcd_ex.o
LOAD ./Drivers/STM32G4xx_HAL_Driver/Src/stm32g4xx_hal_pwr.o
LOAD ./Drivers/STM32G4xx_HAL_Driver/Src/stm32g4xx_hal_pwr_ex.o
LOAD ./Drivers/STM32G4xx_HAL_Driver/Src/stm32g4xx_hal_rcc.o
LOAD ./Drivers/STM32G4xx_HAL_Driver/Src/stm32g4xx_hal_rcc_ex.o
LOAD ./Drivers/STM32G4xx_HAL_Driver/Src/stm32g4xx_hal_spi.o
LOAD ./Drivers/STM32G4xx_HAL_Driver/Src/stm32g4xx_hal_spi_ex.o
LOAD ./Drivers/STM32G4xx_HAL_Driver/Src/stm32g4xx_hal_tim.o
LOAD ./Drivers/STM32G4xx_HAL_Driver/Src/stm32g4xx_hal_tim_ex.o
LOAD ./Drivers/STM32G4xx_HAL_Driver/Src/stm32g4xx_ll_usb.o
LOAD ./Middlewares/ST/STM32_USB_Device_Library/Class/CDC/Src/usbd_cdc.o
LOAD ./Middlewares/ST/STM32_USB_Device_Library/Core/Src/usbd_core.o
LOAD ./Middlewares/ST/STM32_USB_Device_Library/Core/Src/usbd_ctlreq.o
LOAD ./Middlewares/ST/STM32_USB_Device_Library/Core/Src/usbd_ioreq.o
LOAD ./Middlewares/Third_Party/FreeRTOS/Source/CMSIS_RTOS_V2/cmsis_os2.o
LOAD ./Middlewares/Third_Party/FreeRTOS/Source/croutine.o
LOAD ./Middlewares/Third_Party/FreeRTOS/Source/event_groups.o
LOAD ./Middlewares/Third_Party/FreeRTOS/Source/list.o
LOAD ./Middlewares/Third_Party/FreeRTOS/Source/queue.o
LOAD ./Middlewares/Third_Party/FreeRTOS/Source/stream_buffer.o
LOAD ./Middlewares/Third_Party/FreeRTOS/Source/tasks.o
LOAD ./Middlewares/Third_Party/FreeRTOS/Source/timers.o
LOAD ./Middlewares/Third_Party/FreeRTOS/Source/portable/GCC/ARM_CM4F/port.o
LOAD ./Middlewares/Third_Party/FreeRTOS/Source/portable/MemMang/heap_4.o
LOAD ./USB_Device/App/usb_device.o
LOAD ./USB_Device/App/usbd_cdc_if.o
LOAD ./USB_Device/App/usbd_desc.o
LOAD ./USB_Device/Target/usbd_conf.o
START GROUP
LOAD /Applications/STM32CubeIDE.app/Contents/Eclipse/plugins/com.st.stm32cube.ide.mcu.externaltools.gnu-tools-for-stm32.11.3.rel1.macos64_1.1.100.202310310803/tools/bin/../lib/gcc/arm-none-eabi/11.3.1/../../../../arm-none-eabi/lib/thumb/v7e-m+fp/hard/libstdc++_nano.a
LOAD /Applications/STM32CubeIDE.app/Contents/Eclipse/plugins/com.st.stm32cube.ide.mcu.externaltools.gnu-tools-for-stm32.11.3.rel1.macos64_1.1.100.202310310803/tools/bin/../lib/gcc/arm-none-eabi/11.3.1/../../../../arm-none-eabi/lib/thumb/v7e-m+fp/hard/libsupc++_nano.a
END GROUP
LOAD /Applications/STM32CubeIDE.app/Contents/Eclipse/plugins/com.st.stm32cube.ide.mcu.externaltools.gnu-tools-for-stm32.11.3.rel1.macos64_1.1.100.202310310803/tools/bin/../lib/gcc/arm-none-eabi/11.3.1/../../../../arm-none-eabi/lib/thumb/v7e-m+fp/hard/libstdc++_nano.a
LOAD /Applications/STM32CubeIDE.app/Contents/Eclipse/plugins/com.st.stm32cube.ide.mcu.externaltools.gnu-tools-for-stm32.11.3.rel1.macos64_1.1.100.202310310803/tools/bin/../lib/gcc/arm-none-eabi/11.3.1/../../../../arm-none-eabi/lib/thumb/v7e-m+fp/hard/libm.a
LOAD /Applications/STM32CubeIDE.app/Contents/Eclipse/plugins/com.st.stm32cube.ide.mcu.externaltools.gnu-tools-for-stm32.11.3.rel1.macos64_1.1.100.202310310803/tools/bin/../lib/gcc/arm-none-eabi/11.3.1/../../../../arm-none-eabi/lib/thumb/v7e-m+fp/hard/libc_nano.a
START GROUP
LOAD /Applications/STM32CubeIDE.app/Contents/Eclipse/plugins/com.st.stm32cube.ide.mcu.externaltools.gnu-tools-for-stm32.11.3.rel1.macos64_1.1.100.202310310803/tools/bin/../lib/gcc/arm-none-eabi/11.3.1/thumb/v7e-m+fp/hard/libgcc.a
LOAD /Applications/STM32CubeIDE.app/Contents/Eclipse/plugins/com.st.stm32cube.ide.mcu.externaltools.gnu-tools-for-stm32.11.3.rel1.macos64_1.1.100.202310310803/tools/bin/../lib/gcc/arm-none-eabi/11.3.1/../../../../arm-none-eabi/lib/thumb/v7e-m+fp/hard/libc_nano.a
END GROUP
START GROUP
LOAD /Applications/STM32CubeIDE.app/Contents/Eclipse/plugins/com.st.stm32cube.ide.mcu.externaltools.gnu-tools-for-stm32.11.3.rel1.macos64_1.1.100.202310310803/tools/bin/../lib/gcc/arm-none-eabi/11.3.1/thumb/v7e-m+fp/hard/libgcc.a
LOAD /Applications/STM32CubeIDE.app/Contents/Eclipse/plugins/com.st.stm32cube.ide.mcu.externaltools.gnu-tools-for-stm32.11.3.rel1.macos64_1.1.100.202310310803/tools/bin/../lib/gcc/arm-none-eabi/11.3.1/../../../../arm-none-eabi/lib/thumb/v7e-m+fp/hard/libc_nano.a
LOAD /Applications/STM32CubeIDE.app/Contents/Eclipse/plugins/com.st.stm32cube.ide.mcu.externaltools.gnu-tools-for-stm32.11.3.rel1.macos64_1.1.100.202310310803/tools/bin/../lib/gcc/arm-none-eabi/11.3.1/../../../../arm-none-eabi/lib/thumb/v7e-m+fp/hard/libnosys.a
END GROUP
START GROUP
LOAD /Applications/STM32CubeIDE.app/Contents/Eclipse/plugins/com.st.stm32cube.ide.mcu.externaltools.gnu-tools-for-stm32.11.3.rel1.macos64_1.1.100.202310310803/tools/bin/../lib/gcc/arm-none-eabi/11.3.1/thumb/v7e-m+fp/hard/libgcc.a
LOAD /Applications/STM32CubeIDE.app/Contents/Eclipse/plugins/com.st.stm32cube.ide.mcu.externaltools.gnu-tools-for-stm32.11.3.rel1.macos64_1.1.100.202310310803/tools/bin/../lib/gcc/arm-none-eabi/11.3.1/../../../../arm-none-eabi/lib/thumb/v7e-m+fp/hard/libc_nano.a
LOAD /Applications/STM32CubeIDE.app/Contents/Eclipse/plugins/com.st.stm32cube.ide.mcu.externaltools.gnu-tools-for-stm32.11.3.rel1.macos64_1.1.100.202310310803/tools/bin/../lib/gcc/arm-none-eabi/11.3.1/../../../../arm-none-eabi/lib/thumb/v7e-m+fp/hard/libnosys.a
END GROUP
LOAD /Applications/STM32CubeIDE.app/Contents/Eclipse/plugins/com.st.stm32cube.ide.mcu.externaltools.gnu-tools-for-stm32.11.3.rel1.macos64_1.1.100.202310310803/tools/bin/../lib/gcc/arm-none-eabi/11.3.1/thumb/v7e-m+fp/hard/crtend.o
LOAD /Applications/STM32CubeIDE.app/Contents/Eclipse/plugins/com.st.stm32cube.ide.mcu.externaltools.gnu-tools-for-stm32.11.3.rel1.macos64_1.1.100.202310310803/tools/bin/../lib/gcc/arm-none-eabi/11.3.1/thumb/v7e-m+fp/hard/crtn.o
                0x0000000020020000                _estack = (ORIGIN (RAM) + LENGTH (RAM))
                0x0000000000000200                _Min_Heap_Size = 0x200
                0x0000000000000400                _Min_Stack_Size = 0x400

.isr_vector     0x0000000008000000      0x1d8
                0x0000000008000000                . = ALIGN (0x4)
 *(.isr_vector)
 .isr_vector    0x0000000008000000      0x1d8 ./Core/Startup/startup_stm32g483retx.o
                0x0000000008000000                g_pfnVectors
                0x00000000080001d8                . = ALIGN (0x4)

.text           0x00000000080001e0     0xbc80
                0x00000000080001e0                . = ALIGN (0x4)
 *(.text)
 .text          0x00000000080001e0       0x40 /Applications/STM32CubeIDE.app/Contents/Eclipse/plugins/com.st.stm32cube.ide.mcu.externaltools.gnu-tools-for-stm32.11.3.rel1.macos64_1.1.100.202310310803/tools/bin/../lib/gcc/arm-none-eabi/11.3.1/thumb/v7e-m+fp/hard/crtbegin.o
 *(.text*)
 .text.MX_CRC_Init
                0x0000000008000220       0x58 ./Core/Src/crc.o
                0x0000000008000220                MX_CRC_Init
 .text.HAL_CRC_MspInit
                0x0000000008000278       0x40 ./Core/Src/crc.o
                0x0000000008000278                HAL_CRC_MspInit
 .text.MX_FDCAN1_Init
                0x00000000080002b8       0x8c ./Core/Src/fdcan.o
                0x00000000080002b8                MX_FDCAN1_Init
 .text.MX_FDCAN2_Init
                0x0000000008000344       0x8c ./Core/Src/fdcan.o
                0x0000000008000344                MX_FDCAN2_Init
 .text.HAL_FDCAN_MspInit
                0x00000000080003d0      0x160 ./Core/Src/fdcan.o
                0x00000000080003d0                HAL_FDCAN_MspInit
 .text.MX_FREERTOS_Init
                0x0000000008000530       0x40 ./Core/Src/freertos.o
                0x0000000008000530                MX_FREERTOS_Init
 .text.MX_GPIO_Init
                0x0000000008000570      0x1a4 ./Core/Src/gpio.o
                0x0000000008000570                MX_GPIO_Init
 .text.MX_I2C2_Init
                0x0000000008000714       0x80 ./Core/Src/i2c.o
                0x0000000008000714                MX_I2C2_Init
 .text.MX_I2C3_Init
                0x0000000008000794       0x80 ./Core/Src/i2c.o
                0x0000000008000794                MX_I2C3_Init
 .text.HAL_I2C_MspInit
                0x0000000008000814      0x134 ./Core/Src/i2c.o
                0x0000000008000814                HAL_I2C_MspInit
 .text.MX_IWDG_Init
                0x0000000008000948       0x3c ./Core/Src/iwdg.o
                0x0000000008000948                MX_IWDG_Init
 .text.main     0x0000000008000984       0x46 ./Core/Src/main.o
                0x0000000008000984                main
 .text.SystemClock_Config
                0x00000000080009ca       0x98 ./Core/Src/main.o
                0x00000000080009ca                SystemClock_Config
 .text.Error_Handler
                0x0000000008000a62        0xa ./Core/Src/main.o
                0x0000000008000a62                Error_Handler
 .text.MX_SPI1_Init
                0x0000000008000a6c       0x7c ./Core/Src/spi.o
                0x0000000008000a6c                MX_SPI1_Init
 .text.MX_SPI2_Init
                0x0000000008000ae8       0x7c ./Core/Src/spi.o
                0x0000000008000ae8                MX_SPI2_Init
 .text.MX_SPI3_Init
                0x0000000008000b64       0x7c ./Core/Src/spi.o
                0x0000000008000b64                MX_SPI3_Init
 .text.HAL_SPI_MspInit
                0x0000000008000be0      0x18c ./Core/Src/spi.o
                0x0000000008000be0                HAL_SPI_MspInit
 .text.HAL_MspInit
                0x0000000008000d6c       0x50 ./Core/Src/stm32g4xx_hal_msp.o
                0x0000000008000d6c                HAL_MspInit
 .text.NMI_Handler
                0x0000000008000dbc        0x6 ./Core/Src/stm32g4xx_it.o
                0x0000000008000dbc                NMI_Handler
 .text.HardFault_Handler
                0x0000000008000dc2        0x6 ./Core/Src/stm32g4xx_it.o
                0x0000000008000dc2                HardFault_Handler
 .text.MemManage_Handler
                0x0000000008000dc8        0x6 ./Core/Src/stm32g4xx_it.o
                0x0000000008000dc8                MemManage_Handler
 .text.BusFault_Handler
                0x0000000008000dce        0x6 ./Core/Src/stm32g4xx_it.o
                0x0000000008000dce                BusFault_Handler
 .text.UsageFault_Handler
                0x0000000008000dd4        0x6 ./Core/Src/stm32g4xx_it.o
                0x0000000008000dd4                UsageFault_Handler
 .text.DebugMon_Handler
                0x0000000008000dda        0xe ./Core/Src/stm32g4xx_it.o
                0x0000000008000dda                DebugMon_Handler
 .text.SysTick_Handler
                0x0000000008000de8       0x1a ./Core/Src/stm32g4xx_it.o
                0x0000000008000de8                SysTick_Handler
 *fill*         0x0000000008000e02        0x2 
 .text.USB_LP_IRQHandler
                0x0000000008000e04       0x14 ./Core/Src/stm32g4xx_it.o
                0x0000000008000e04                USB_LP_IRQHandler
 .text.SystemInit
                0x0000000008000e18       0x24 ./Core/Src/system_stm32g4xx.o
                0x0000000008000e18                SystemInit
 .text.Reset_Handler
                0x0000000008000e3c       0x50 ./Core/Startup/startup_stm32g483retx.o
                0x0000000008000e3c                Reset_Handler
 .text.Default_Handler
                0x0000000008000e8c        0x2 ./Core/Startup/startup_stm32g483retx.o
                0x0000000008000e8c                TIM1_BRK_TIM15_IRQHandler
                0x0000000008000e8c                EXTI2_IRQHandler
                0x0000000008000e8c                TIM8_TRG_COM_IRQHandler
                0x0000000008000e8c                TIM8_CC_IRQHandler
                0x0000000008000e8c                SPI4_IRQHandler
                0x0000000008000e8c                FDCAN3_IT0_IRQHandler
                0x0000000008000e8c                TIM1_CC_IRQHandler
                0x0000000008000e8c                USB_HP_IRQHandler
                0x0000000008000e8c                CORDIC_IRQHandler
                0x0000000008000e8c                DMA2_Channel8_IRQHandler
                0x0000000008000e8c                EXTI3_IRQHandler
                0x0000000008000e8c                I2C3_ER_IRQHandler
                0x0000000008000e8c                EXTI0_IRQHandler
                0x0000000008000e8c                I2C2_EV_IRQHandler
                0x0000000008000e8c                FPU_IRQHandler
                0x0000000008000e8c                FDCAN1_IT1_IRQHandler
                0x0000000008000e8c                TIM1_UP_TIM16_IRQHandler
                0x0000000008000e8c                ADC1_2_IRQHandler
                0x0000000008000e8c                SPI1_IRQHandler
                0x0000000008000e8c                TIM6_DAC_IRQHandler
                0x0000000008000e8c                TIM8_UP_IRQHandler
                0x0000000008000e8c                DMA2_Channel2_IRQHandler
                0x0000000008000e8c                DMA1_Channel4_IRQHandler
                0x0000000008000e8c                TIM20_TRG_COM_IRQHandler
                0x0000000008000e8c                USART3_IRQHandler
                0x0000000008000e8c                DMA1_Channel7_IRQHandler
                0x0000000008000e8c                UART5_IRQHandler
                0x0000000008000e8c                ADC3_IRQHandler
                0x0000000008000e8c                TIM4_IRQHandler
                0x0000000008000e8c                DMA2_Channel1_IRQHandler
                0x0000000008000e8c                QUADSPI_IRQHandler
                0x0000000008000e8c                I2C1_EV_IRQHandler
                0x0000000008000e8c                DMA1_Channel6_IRQHandler
                0x0000000008000e8c                UART4_IRQHandler
                0x0000000008000e8c                DMA2_Channel4_IRQHandler
                0x0000000008000e8c                TIM3_IRQHandler
                0x0000000008000e8c                RCC_IRQHandler
                0x0000000008000e8c                TIM20_UP_IRQHandler
                0x0000000008000e8c                DMA1_Channel1_IRQHandler
                0x0000000008000e8c                Default_Handler
                0x0000000008000e8c                DMA2_Channel7_IRQHandler
                0x0000000008000e8c                RTC_TAMP_LSECSS_IRQHandler
                0x0000000008000e8c                FMAC_IRQHandler
                0x0000000008000e8c                EXTI15_10_IRQHandler
                0x0000000008000e8c                DMA1_Channel8_IRQHandler
                0x0000000008000e8c                TIM7_DAC_IRQHandler
                0x0000000008000e8c                FDCAN3_IT1_IRQHandler
                0x0000000008000e8c                TIM5_IRQHandler
                0x0000000008000e8c                UCPD1_IRQHandler
                0x0000000008000e8c                I2C3_EV_IRQHandler
                0x0000000008000e8c                EXTI9_5_IRQHandler
                0x0000000008000e8c                RTC_WKUP_IRQHandler
                0x0000000008000e8c                PVD_PVM_IRQHandler
                0x0000000008000e8c                SPI2_IRQHandler
                0x0000000008000e8c                ADC5_IRQHandler
                0x0000000008000e8c                DMA2_Channel5_IRQHandler
                0x0000000008000e8c                CRS_IRQHandler
                0x0000000008000e8c                DMA1_Channel5_IRQHandler
                0x0000000008000e8c                EXTI4_IRQHandler
                0x0000000008000e8c                RNG_IRQHandler
                0x0000000008000e8c                TIM1_TRG_COM_TIM17_IRQHandler
                0x0000000008000e8c                FDCAN2_IT1_IRQHandler
                0x0000000008000e8c                DMA1_Channel3_IRQHandler
                0x0000000008000e8c                ADC4_IRQHandler
                0x0000000008000e8c                WWDG_IRQHandler
                0x0000000008000e8c                I2C4_EV_IRQHandler
                0x0000000008000e8c                FDCAN2_IT0_IRQHandler
                0x0000000008000e8c                LPUART1_IRQHandler
                0x0000000008000e8c                DMA2_Channel6_IRQHandler
                0x0000000008000e8c                FDCAN1_IT0_IRQHandler
                0x0000000008000e8c                TIM2_IRQHandler
                0x0000000008000e8c                COMP7_IRQHandler
                0x0000000008000e8c                COMP1_2_3_IRQHandler
                0x0000000008000e8c                EXTI1_IRQHandler
                0x0000000008000e8c                AES_IRQHandler
                0x0000000008000e8c                USART2_IRQHandler
                0x0000000008000e8c                COMP4_5_6_IRQHandler
                0x0000000008000e8c                TIM20_BRK_IRQHandler
                0x0000000008000e8c                I2C2_ER_IRQHandler
                0x0000000008000e8c                DMA1_Channel2_IRQHandler
                0x0000000008000e8c                TIM8_BRK_IRQHandler
                0x0000000008000e8c                FLASH_IRQHandler
                0x0000000008000e8c                TIM20_CC_IRQHandler
                0x0000000008000e8c                USART1_IRQHandler
                0x0000000008000e8c                SPI3_IRQHandler
                0x0000000008000e8c                I2C1_ER_IRQHandler
                0x0000000008000e8c                FMC_IRQHandler
                0x0000000008000e8c                LPTIM1_IRQHandler
                0x0000000008000e8c                DMAMUX_OVR_IRQHandler
                0x0000000008000e8c                I2C4_ER_IRQHandler
                0x0000000008000e8c                USBWakeUp_IRQHandler
                0x0000000008000e8c                SAI1_IRQHandler
                0x0000000008000e8c                DMA2_Channel3_IRQHandler
                0x0000000008000e8c                RTC_Alarm_IRQHandler
 .text.HAL_Init
                0x0000000008000e8e       0x30 ./Drivers/STM32G4xx_HAL_Driver/Src/stm32g4xx_hal.o
                0x0000000008000e8e                HAL_Init
 *fill*         0x0000000008000ebe        0x2 
 .text.HAL_InitTick
                0x0000000008000ec0       0x74 ./Drivers/STM32G4xx_HAL_Driver/Src/stm32g4xx_hal.o
                0x0000000008000ec0                HAL_InitTick
 .text.HAL_IncTick
                0x0000000008000f34       0x24 ./Drivers/STM32G4xx_HAL_Driver/Src/stm32g4xx_hal.o
                0x0000000008000f34                HAL_IncTick
 .text.HAL_GetTick
                0x0000000008000f58       0x18 ./Drivers/STM32G4xx_HAL_Driver/Src/stm32g4xx_hal.o
                0x0000000008000f58                HAL_GetTick
 .text.__NVIC_SetPriorityGrouping
                0x0000000008000f70       0x48 ./Drivers/STM32G4xx_HAL_Driver/Src/stm32g4xx_hal_cortex.o
 .text.__NVIC_GetPriorityGrouping
                0x0000000008000fb8       0x1c ./Drivers/STM32G4xx_HAL_Driver/Src/stm32g4xx_hal_cortex.o
 .text.__NVIC_EnableIRQ
                0x0000000008000fd4       0x3c ./Drivers/STM32G4xx_HAL_Driver/Src/stm32g4xx_hal_cortex.o
 .text.__NVIC_SetPriority
                0x0000000008001010       0x54 ./Drivers/STM32G4xx_HAL_Driver/Src/stm32g4xx_hal_cortex.o
 .text.NVIC_EncodePriority
                0x0000000008001064       0x66 ./Drivers/STM32G4xx_HAL_Driver/Src/stm32g4xx_hal_cortex.o
 *fill*         0x00000000080010ca        0x2 
 .text.SysTick_Config
                0x00000000080010cc       0x44 ./Drivers/STM32G4xx_HAL_Driver/Src/stm32g4xx_hal_cortex.o
 .text.HAL_NVIC_SetPriorityGrouping
                0x0000000008001110       0x16 ./Drivers/STM32G4xx_HAL_Driver/Src/stm32g4xx_hal_cortex.o
                0x0000000008001110                HAL_NVIC_SetPriorityGrouping
 .text.HAL_NVIC_SetPriority
                0x0000000008001126       0x34 ./Drivers/STM32G4xx_HAL_Driver/Src/stm32g4xx_hal_cortex.o
                0x0000000008001126                HAL_NVIC_SetPriority
 .text.HAL_NVIC_EnableIRQ
                0x000000000800115a       0x1c ./Drivers/STM32G4xx_HAL_Driver/Src/stm32g4xx_hal_cortex.o
                0x000000000800115a                HAL_NVIC_EnableIRQ
 .text.HAL_SYSTICK_Config
                0x0000000008001176       0x18 ./Drivers/STM32G4xx_HAL_Driver/Src/stm32g4xx_hal_cortex.o
                0x0000000008001176                HAL_SYSTICK_Config
 *fill*         0x000000000800118e        0x2 
 .text.HAL_CRC_Init
                0x0000000008001190       0xc8 ./Drivers/STM32G4xx_HAL_Driver/Src/stm32g4xx_hal_crc.o
                0x0000000008001190                HAL_CRC_Init
 .text.HAL_CRCEx_Polynomial_Set
                0x0000000008001258      0x11c ./Drivers/STM32G4xx_HAL_Driver/Src/stm32g4xx_hal_crc_ex.o
                0x0000000008001258                HAL_CRCEx_Polynomial_Set
 .text.HAL_FDCAN_Init
                0x0000000008001374      0x2b4 ./Drivers/STM32G4xx_HAL_Driver/Src/stm32g4xx_hal_fdcan.o
                0x0000000008001374                HAL_FDCAN_Init
 .text.FDCAN_CalcultateRamBlockAddresses
                0x0000000008001628       0xd8 ./Drivers/STM32G4xx_HAL_Driver/Src/stm32g4xx_hal_fdcan.o
 .text.HAL_GPIO_Init
                0x0000000008001700      0x304 ./Drivers/STM32G4xx_HAL_Driver/Src/stm32g4xx_hal_gpio.o
                0x0000000008001700                HAL_GPIO_Init
 .text.HAL_GPIO_WritePin
                0x0000000008001a04       0x30 ./Drivers/STM32G4xx_HAL_Driver/Src/stm32g4xx_hal_gpio.o
                0x0000000008001a04                HAL_GPIO_WritePin
 .text.HAL_I2C_Init
                0x0000000008001a34      0x136 ./Drivers/STM32G4xx_HAL_Driver/Src/stm32g4xx_hal_i2c.o
                0x0000000008001a34                HAL_I2C_Init
 .text.HAL_I2CEx_ConfigAnalogFilter
                0x0000000008001b6a       0x96 ./Drivers/STM32G4xx_HAL_Driver/Src/stm32g4xx_hal_i2c_ex.o
                0x0000000008001b6a                HAL_I2CEx_ConfigAnalogFilter
 .text.HAL_I2CEx_ConfigDigitalFilter
                0x0000000008001c00       0x98 ./Drivers/STM32G4xx_HAL_Driver/Src/stm32g4xx_hal_i2c_ex.o
                0x0000000008001c00                HAL_I2CEx_ConfigDigitalFilter
 .text.HAL_IWDG_Init
                0x0000000008001c98       0x9e ./Drivers/STM32G4xx_HAL_Driver/Src/stm32g4xx_hal_iwdg.o
                0x0000000008001c98                HAL_IWDG_Init
 .text.HAL_PCD_Init
                0x0000000008001d36      0x19c ./Drivers/STM32G4xx_HAL_Driver/Src/stm32g4xx_hal_pcd.o
                0x0000000008001d36                HAL_PCD_Init
 .text.HAL_PCD_Start
                0x0000000008001ed2       0x44 ./Drivers/STM32G4xx_HAL_Driver/Src/stm32g4xx_hal_pcd.o
                0x0000000008001ed2                HAL_PCD_Start
 .text.HAL_PCD_IRQHandler
                0x0000000008001f16      0x24e ./Drivers/STM32G4xx_HAL_Driver/Src/stm32g4xx_hal_pcd.o
                0x0000000008001f16                HAL_PCD_IRQHandler
 .text.HAL_PCD_SetAddress
                0x0000000008002164       0x48 ./Drivers/STM32G4xx_HAL_Driver/Src/stm32g4xx_hal_pcd.o
                0x0000000008002164                HAL_PCD_SetAddress
 .text.HAL_PCD_EP_Open
                0x00000000080021ac       0xba ./Drivers/STM32G4xx_HAL_Driver/Src/stm32g4xx_hal_pcd.o
                0x00000000080021ac                HAL_PCD_EP_Open
 .text.HAL_PCD_EP_Close
                0x0000000008002266       0x90 ./Drivers/STM32G4xx_HAL_Driver/Src/stm32g4xx_hal_pcd.o
                0x0000000008002266                HAL_PCD_EP_Close
 .text.HAL_PCD_EP_Receive
                0x00000000080022f6       0x62 ./Drivers/STM32G4xx_HAL_Driver/Src/stm32g4xx_hal_pcd.o
                0x00000000080022f6                HAL_PCD_EP_Receive
 .text.HAL_PCD_EP_GetRxCount
                0x0000000008002358       0x30 ./Drivers/STM32G4xx_HAL_Driver/Src/stm32g4xx_hal_pcd.o
                0x0000000008002358                HAL_PCD_EP_GetRxCount
 .text.HAL_PCD_EP_Transmit
                0x0000000008002388       0x6e ./Drivers/STM32G4xx_HAL_Driver/Src/stm32g4xx_hal_pcd.o
                0x0000000008002388                HAL_PCD_EP_Transmit
 .text.HAL_PCD_EP_SetStall
                0x00000000080023f6       0xa4 ./Drivers/STM32G4xx_HAL_Driver/Src/stm32g4xx_hal_pcd.o
                0x00000000080023f6                HAL_PCD_EP_SetStall
 .text.HAL_PCD_EP_ClrStall
                0x000000000800249a       0xa8 ./Drivers/STM32G4xx_HAL_Driver/Src/stm32g4xx_hal_pcd.o
                0x000000000800249a                HAL_PCD_EP_ClrStall
 .text.PCD_EP_ISR_Handler
                0x0000000008002542      0x784 ./Drivers/STM32G4xx_HAL_Driver/Src/stm32g4xx_hal_pcd.o
 .text.HAL_PCD_EP_DB_Receive
                0x0000000008002cc6      0x212 ./Drivers/STM32G4xx_HAL_Driver/Src/stm32g4xx_hal_pcd.o
 .text.HAL_PCD_EP_DB_Transmit
                0x0000000008002ed8      0x7ec ./Drivers/STM32G4xx_HAL_Driver/Src/stm32g4xx_hal_pcd.o
 .text.HAL_PCDEx_PMAConfig
                0x00000000080036c4       0x86 ./Drivers/STM32G4xx_HAL_Driver/Src/stm32g4xx_hal_pcd_ex.o
                0x00000000080036c4                HAL_PCDEx_PMAConfig
 .text.HAL_PCDEx_ActivateLPM
                0x000000000800374a       0x54 ./Drivers/STM32G4xx_HAL_Driver/Src/stm32g4xx_hal_pcd_ex.o
                0x000000000800374a                HAL_PCDEx_ActivateLPM
 *fill*         0x000000000800379e        0x2 
 .text.HAL_PWREx_ControlVoltageScaling
                0x00000000080037a0      0x148 ./Drivers/STM32G4xx_HAL_Driver/Src/stm32g4xx_hal_pwr_ex.o
                0x00000000080037a0                HAL_PWREx_ControlVoltageScaling
 .text.HAL_RCC_OscConfig
                0x00000000080038e8      0x624 ./Drivers/STM32G4xx_HAL_Driver/Src/stm32g4xx_hal_rcc.o
                0x00000000080038e8                HAL_RCC_OscConfig
 .text.HAL_RCC_ClockConfig
                0x0000000008003f0c      0x278 ./Drivers/STM32G4xx_HAL_Driver/Src/stm32g4xx_hal_rcc.o
                0x0000000008003f0c                HAL_RCC_ClockConfig
 .text.HAL_RCC_GetSysClockFreq
                0x0000000008004184       0xc4 ./Drivers/STM32G4xx_HAL_Driver/Src/stm32g4xx_hal_rcc.o
                0x0000000008004184                HAL_RCC_GetSysClockFreq
 .text.RCC_GetSysClockFreqFromPLLSource
                0x0000000008004248       0x8c ./Drivers/STM32G4xx_HAL_Driver/Src/stm32g4xx_hal_rcc.o
 .text.HAL_RCCEx_PeriphCLKConfig
                0x00000000080042d4      0x49c ./Drivers/STM32G4xx_HAL_Driver/Src/stm32g4xx_hal_rcc_ex.o
                0x00000000080042d4                HAL_RCCEx_PeriphCLKConfig
 .text.HAL_SPI_Init
                0x0000000008004770      0x156 ./Drivers/STM32G4xx_HAL_Driver/Src/stm32g4xx_hal_spi.o
                0x0000000008004770                HAL_SPI_Init
 .text.USB_EnableGlobalInt
                0x00000000080048c6       0x2e ./Drivers/STM32G4xx_HAL_Driver/Src/stm32g4xx_ll_usb.o
                0x00000000080048c6                USB_EnableGlobalInt
 .text.USB_DisableGlobalInt
                0x00000000080048f4       0x36 ./Drivers/STM32G4xx_HAL_Driver/Src/stm32g4xx_ll_usb.o
                0x00000000080048f4                USB_DisableGlobalInt
 .text.USB_DevInit
                0x000000000800492a       0x3c ./Drivers/STM32G4xx_HAL_Driver/Src/stm32g4xx_ll_usb.o
                0x000000000800492a                USB_DevInit
 *fill*         0x0000000008004966        0x2 
 .text.USB_ActivateEndpoint
                0x0000000008004968      0x788 ./Drivers/STM32G4xx_HAL_Driver/Src/stm32g4xx_ll_usb.o
                0x0000000008004968                USB_ActivateEndpoint
 .text.USB_DeactivateEndpoint
                0x00000000080050f0      0x3da ./Drivers/STM32G4xx_HAL_Driver/Src/stm32g4xx_ll_usb.o
                0x00000000080050f0                USB_DeactivateEndpoint
 .text.USB_EPStartXfer
                0x00000000080054ca     0x1762 ./Drivers/STM32G4xx_HAL_Driver/Src/stm32g4xx_ll_usb.o
                0x00000000080054ca                USB_EPStartXfer
 .text.USB_EPSetStall
                0x0000000008006c2c       0xa2 ./Drivers/STM32G4xx_HAL_Driver/Src/stm32g4xx_ll_usb.o
                0x0000000008006c2c                USB_EPSetStall
 .text.USB_EPClearStall
                0x0000000008006cce      0x15c ./Drivers/STM32G4xx_HAL_Driver/Src/stm32g4xx_ll_usb.o
                0x0000000008006cce                USB_EPClearStall
 .text.USB_SetDevAddress
                0x0000000008006e2a       0x28 ./Drivers/STM32G4xx_HAL_Driver/Src/stm32g4xx_ll_usb.o
                0x0000000008006e2a                USB_SetDevAddress
 .text.USB_DevConnect
                0x0000000008006e52       0x2e ./Drivers/STM32G4xx_HAL_Driver/Src/stm32g4xx_ll_usb.o
                0x0000000008006e52                USB_DevConnect
 .text.USB_ReadInterrupts
                0x0000000008006e80       0x20 ./Drivers/STM32G4xx_HAL_Driver/Src/stm32g4xx_ll_usb.o
                0x0000000008006e80                USB_ReadInterrupts
 .text.USB_WritePMA
                0x0000000008006ea0       0x84 ./Drivers/STM32G4xx_HAL_Driver/Src/stm32g4xx_ll_usb.o
                0x0000000008006ea0                USB_WritePMA
 .text.USB_ReadPMA
                0x0000000008006f24       0x98 ./Drivers/STM32G4xx_HAL_Driver/Src/stm32g4xx_ll_usb.o
                0x0000000008006f24                USB_ReadPMA
 .text.USBD_CDC_Init
                0x0000000008006fbc       0xfe ./Middlewares/ST/STM32_USB_Device_Library/Class/CDC/Src/usbd_cdc.o
 .text.USBD_CDC_DeInit
                0x00000000080070ba       0x74 ./Middlewares/ST/STM32_USB_Device_Library/Class/CDC/Src/usbd_cdc.o
 *fill*         0x000000000800712e        0x2 
 .text.USBD_CDC_Setup
                0x0000000008007130      0x190 ./Middlewares/ST/STM32_USB_Device_Library/Class/CDC/Src/usbd_cdc.o
 .text.USBD_CDC_DataIn
                0x00000000080072c0       0xca ./Middlewares/ST/STM32_USB_Device_Library/Class/CDC/Src/usbd_cdc.o
 .text.USBD_CDC_DataOut
                0x000000000800738a       0x56 ./Middlewares/ST/STM32_USB_Device_Library/Class/CDC/Src/usbd_cdc.o
 .text.USBD_CDC_EP0_RxReady
                0x00000000080073e0       0x5a ./Middlewares/ST/STM32_USB_Device_Library/Class/CDC/Src/usbd_cdc.o
 *fill*         0x000000000800743a        0x2 
 .text.USBD_CDC_GetFSCfgDesc
                0x000000000800743c       0x20 ./Middlewares/ST/STM32_USB_Device_Library/Class/CDC/Src/usbd_cdc.o
 .text.USBD_CDC_GetHSCfgDesc
                0x000000000800745c       0x20 ./Middlewares/ST/STM32_USB_Device_Library/Class/CDC/Src/usbd_cdc.o
 .text.USBD_CDC_GetOtherSpeedCfgDesc
                0x000000000800747c       0x20 ./Middlewares/ST/STM32_USB_Device_Library/Class/CDC/Src/usbd_cdc.o
 .text.USBD_CDC_GetDeviceQualifierDescriptor
                0x000000000800749c       0x20 ./Middlewares/ST/STM32_USB_Device_Library/Class/CDC/Src/usbd_cdc.o
                0x000000000800749c                USBD_CDC_GetDeviceQualifierDescriptor
 .text.USBD_CDC_RegisterInterface
                0x00000000080074bc       0x2a ./Middlewares/ST/STM32_USB_Device_Library/Class/CDC/Src/usbd_cdc.o
                0x00000000080074bc                USBD_CDC_RegisterInterface
 .text.USBD_CDC_SetTxBuffer
                0x00000000080074e6       0x3c ./Middlewares/ST/STM32_USB_Device_Library/Class/CDC/Src/usbd_cdc.o
                0x00000000080074e6                USBD_CDC_SetTxBuffer
 .text.USBD_CDC_SetRxBuffer
                0x0000000008007522       0x32 ./Middlewares/ST/STM32_USB_Device_Library/Class/CDC/Src/usbd_cdc.o
                0x0000000008007522                USBD_CDC_SetRxBuffer
 .text.USBD_CDC_ReceivePacket
                0x0000000008007554       0x54 ./Middlewares/ST/STM32_USB_Device_Library/Class/CDC/Src/usbd_cdc.o
                0x0000000008007554                USBD_CDC_ReceivePacket
 .text.USBD_Init
                0x00000000080075a8       0x60 ./Middlewares/ST/STM32_USB_Device_Library/Core/Src/usbd_core.o
                0x00000000080075a8                USBD_Init
 .text.USBD_RegisterClass
                0x0000000008007608       0x4e ./Middlewares/ST/STM32_USB_Device_Library/Core/Src/usbd_core.o
                0x0000000008007608                USBD_RegisterClass
 .text.USBD_Start
                0x0000000008007656       0x18 ./Middlewares/ST/STM32_USB_Device_Library/Core/Src/usbd_core.o
                0x0000000008007656                USBD_Start
 .text.USBD_RunTestMode
                0x000000000800766e       0x16 ./Middlewares/ST/STM32_USB_Device_Library/Core/Src/usbd_core.o
                0x000000000800766e                USBD_RunTestMode
 .text.USBD_SetClassConfig
                0x0000000008007684       0x38 ./Middlewares/ST/STM32_USB_Device_Library/Core/Src/usbd_core.o
                0x0000000008007684                USBD_SetClassConfig
 .text.USBD_ClrClassConfig
                0x00000000080076bc       0x30 ./Middlewares/ST/STM32_USB_Device_Library/Core/Src/usbd_core.o
                0x00000000080076bc                USBD_ClrClassConfig
 .text.USBD_LL_SetupStage
                0x00000000080076ec       0xaa ./Middlewares/ST/STM32_USB_Device_Library/Core/Src/usbd_core.o
                0x00000000080076ec                USBD_LL_SetupStage
 .text.USBD_LL_DataOutStage
                0x0000000008007796       0xc6 ./Middlewares/ST/STM32_USB_Device_Library/Core/Src/usbd_core.o
                0x0000000008007796                USBD_LL_DataOutStage
 .text.USBD_LL_DataInStage
                0x000000000800785c      0x12c ./Middlewares/ST/STM32_USB_Device_Library/Core/Src/usbd_core.o
                0x000000000800785c                USBD_LL_DataInStage
 .text.USBD_LL_Reset
                0x0000000008007988       0x9c ./Middlewares/ST/STM32_USB_Device_Library/Core/Src/usbd_core.o
                0x0000000008007988                USBD_LL_Reset
 .text.USBD_LL_SetSpeed
                0x0000000008007a24       0x20 ./Middlewares/ST/STM32_USB_Device_Library/Core/Src/usbd_core.o
                0x0000000008007a24                USBD_LL_SetSpeed
 .text.USBD_LL_Suspend
                0x0000000008007a44       0x2c ./Middlewares/ST/STM32_USB_Device_Library/Core/Src/usbd_core.o
                0x0000000008007a44                USBD_LL_Suspend
 .text.USBD_LL_Resume
                0x0000000008007a70       0x30 ./Middlewares/ST/STM32_USB_Device_Library/Core/Src/usbd_core.o
                0x0000000008007a70                USBD_LL_Resume
 .text.USBD_LL_SOF
                0x0000000008007aa0       0x44 ./Middlewares/ST/STM32_USB_Device_Library/Core/Src/usbd_core.o
                0x0000000008007aa0                USBD_LL_SOF
 .text.SWAPBYTE
                0x0000000008007ae4       0x3c ./Middlewares/ST/STM32_USB_Device_Library/Core/Src/usbd_ctlreq.o
 .text.USBD_StdDevReq
                0x0000000008007b20       0xdc ./Middlewares/ST/STM32_USB_Device_Library/Core/Src/usbd_ctlreq.o
                0x0000000008007b20                USBD_StdDevReq
 .text.USBD_StdItfReq
                0x0000000008007bfc       0x92 ./Middlewares/ST/STM32_USB_Device_Library/Core/Src/usbd_ctlreq.o
                0x0000000008007bfc                USBD_StdItfReq
 .text.USBD_StdEPReq
                0x0000000008007c8e      0x2c4 ./Middlewares/ST/STM32_USB_Device_Library/Core/Src/usbd_ctlreq.o
                0x0000000008007c8e                USBD_StdEPReq
 *fill*         0x0000000008007f52        0x2 
 .text.USBD_GetDescriptor
                0x0000000008007f54      0x328 ./Middlewares/ST/STM32_USB_Device_Library/Core/Src/usbd_ctlreq.o
 .text.USBD_SetAddress
                0x000000000800827c       0x88 ./Middlewares/ST/STM32_USB_Device_Library/Core/Src/usbd_ctlreq.o
 .text.USBD_SetConfig
                0x0000000008008304      0x14c ./Middlewares/ST/STM32_USB_Device_Library/Core/Src/usbd_ctlreq.o
 .text.USBD_GetConfig
                0x0000000008008450       0x6c ./Middlewares/ST/STM32_USB_Device_Library/Core/Src/usbd_ctlreq.o
 .text.USBD_GetStatus
                0x00000000080084bc       0x68 ./Middlewares/ST/STM32_USB_Device_Library/Core/Src/usbd_ctlreq.o
 .text.USBD_SetFeature
                0x0000000008008524       0x28 ./Middlewares/ST/STM32_USB_Device_Library/Core/Src/usbd_ctlreq.o
 .text.USBD_ClrFeature
                0x000000000800854c       0x44 ./Middlewares/ST/STM32_USB_Device_Library/Core/Src/usbd_ctlreq.o
 .text.USBD_ParseSetupRequest
                0x0000000008008590       0x74 ./Middlewares/ST/STM32_USB_Device_Library/Core/Src/usbd_ctlreq.o
                0x0000000008008590                USBD_ParseSetupRequest
 .text.USBD_CtlError
                0x0000000008008604       0x22 ./Middlewares/ST/STM32_USB_Device_Library/Core/Src/usbd_ctlreq.o
                0x0000000008008604                USBD_CtlError
 .text.USBD_GetString
                0x0000000008008626       0x8c ./Middlewares/ST/STM32_USB_Device_Library/Core/Src/usbd_ctlreq.o
                0x0000000008008626                USBD_GetString
 .text.USBD_GetLen
                0x00000000080086b2       0x34 ./Middlewares/ST/STM32_USB_Device_Library/Core/Src/usbd_ctlreq.o
 .text.USBD_CtlSendData
                0x00000000080086e6       0x36 ./Middlewares/ST/STM32_USB_Device_Library/Core/Src/usbd_ioreq.o
                0x00000000080086e6                USBD_CtlSendData
 .text.USBD_CtlContinueSendData
                0x000000000800871c       0x22 ./Middlewares/ST/STM32_USB_Device_Library/Core/Src/usbd_ioreq.o
                0x000000000800871c                USBD_CtlContinueSendData
 .text.USBD_CtlPrepareRx
                0x000000000800873e       0x3a ./Middlewares/ST/STM32_USB_Device_Library/Core/Src/usbd_ioreq.o
                0x000000000800873e                USBD_CtlPrepareRx
 .text.USBD_CtlContinueRx
                0x0000000008008778       0x22 ./Middlewares/ST/STM32_USB_Device_Library/Core/Src/usbd_ioreq.o
                0x0000000008008778                USBD_CtlContinueRx
 .text.USBD_CtlSendStatus
                0x000000000800879a       0x26 ./Middlewares/ST/STM32_USB_Device_Library/Core/Src/usbd_ioreq.o
                0x000000000800879a                USBD_CtlSendStatus
 .text.USBD_CtlReceiveStatus
                0x00000000080087c0       0x26 ./Middlewares/ST/STM32_USB_Device_Library/Core/Src/usbd_ioreq.o
                0x00000000080087c0                USBD_CtlReceiveStatus
 *fill*         0x00000000080087e6        0x2 
 .text.__NVIC_SetPriority
                0x00000000080087e8       0x54 ./Middlewares/Third_Party/FreeRTOS/Source/CMSIS_RTOS_V2/cmsis_os2.o
 .text.SVC_Setup
                0x000000000800883c       0x12 ./Middlewares/Third_Party/FreeRTOS/Source/CMSIS_RTOS_V2/cmsis_os2.o
 *fill*         0x000000000800884e        0x2 
 .text.osKernelInitialize
                0x0000000008008850       0x48 ./Middlewares/Third_Party/FreeRTOS/Source/CMSIS_RTOS_V2/cmsis_os2.o
                0x0000000008008850                osKernelInitialize
 .text.osKernelStart
                0x0000000008008898       0x4c ./Middlewares/Third_Party/FreeRTOS/Source/CMSIS_RTOS_V2/cmsis_os2.o
                0x0000000008008898                osKernelStart
 .text.osThreadNew
                0x00000000080088e4      0x124 ./Middlewares/Third_Party/FreeRTOS/Source/CMSIS_RTOS_V2/cmsis_os2.o
                0x00000000080088e4                osThreadNew
 .text.vApplicationGetIdleTaskMemory
                0x0000000008008a08       0x34 ./Middlewares/Third_Party/FreeRTOS/Source/CMSIS_RTOS_V2/cmsis_os2.o
                0x0000000008008a08                vApplicationGetIdleTaskMemory
 .text.vApplicationGetTimerTaskMemory
                0x0000000008008a3c       0x34 ./Middlewares/Third_Party/FreeRTOS/Source/CMSIS_RTOS_V2/cmsis_os2.o
                0x0000000008008a3c                vApplicationGetTimerTaskMemory
 .text.vListInitialise
                0x0000000008008a70       0x40 ./Middlewares/Third_Party/FreeRTOS/Source/list.o
                0x0000000008008a70                vListInitialise
 .text.vListInitialiseItem
                0x0000000008008ab0       0x1a ./Middlewares/Third_Party/FreeRTOS/Source/list.o
                0x0000000008008ab0                vListInitialiseItem
 .text.vListInsertEnd
                0x0000000008008aca       0x48 ./Middlewares/Third_Party/FreeRTOS/Source/list.o
                0x0000000008008aca                vListInsertEnd
 .text.vListInsert
                0x0000000008008b12       0x72 ./Middlewares/Third_Party/FreeRTOS/Source/list.o
                0x0000000008008b12                vListInsert
 .text.uxListRemove
                0x0000000008008b84       0x54 ./Middlewares/Third_Party/FreeRTOS/Source/list.o
                0x0000000008008b84                uxListRemove
 .text.xQueueGenericReset
                0x0000000008008bd8       0xd0 ./Middlewares/Third_Party/FreeRTOS/Source/queue.o
                0x0000000008008bd8                xQueueGenericReset
 .text.xQueueGenericCreateStatic
                0x0000000008008ca8       0xf0 ./Middlewares/Third_Party/FreeRTOS/Source/queue.o
                0x0000000008008ca8                xQueueGenericCreateStatic
 .text.prvInitialiseNewQueue
                0x0000000008008d98       0x46 ./Middlewares/Third_Party/FreeRTOS/Source/queue.o
 *fill*         0x0000000008008dde        0x2 
 .text.xQueueGenericSend
                0x0000000008008de0      0x1fc ./Middlewares/Third_Party/FreeRTOS/Source/queue.o
                0x0000000008008de0                xQueueGenericSend
 .text.xQueueGenericSendFromISR
                0x0000000008008fdc      0x136 ./Middlewares/Third_Party/FreeRTOS/Source/queue.o
                0x0000000008008fdc                xQueueGenericSendFromISR
 *fill*         0x0000000008009112        0x2 
 .text.xQueueReceive
                0x0000000008009114      0x1c0 ./Middlewares/Third_Party/FreeRTOS/Source/queue.o
                0x0000000008009114                xQueueReceive
 .text.prvCopyDataToQueue
                0x00000000080092d4       0xd4 ./Middlewares/Third_Party/FreeRTOS/Source/queue.o
 .text.prvCopyDataFromQueue
                0x00000000080093a8       0x4c ./Middlewares/Third_Party/FreeRTOS/Source/queue.o
 .text.prvUnlockQueue
                0x00000000080093f4       0xa4 ./Middlewares/Third_Party/FreeRTOS/Source/queue.o
 .text.prvIsQueueEmpty
                0x0000000008009498       0x2c ./Middlewares/Third_Party/FreeRTOS/Source/queue.o
 .text.prvIsQueueFull
                0x00000000080094c4       0x30 ./Middlewares/Third_Party/FreeRTOS/Source/queue.o
 .text.vQueueAddToRegistry
                0x00000000080094f4       0x54 ./Middlewares/Third_Party/FreeRTOS/Source/queue.o
                0x00000000080094f4                vQueueAddToRegistry
 .text.vQueueWaitForMessageRestricted
                0x0000000008009548       0x68 ./Middlewares/Third_Party/FreeRTOS/Source/queue.o
                0x0000000008009548                vQueueWaitForMessageRestricted
 .text.xTaskCreateStatic
                0x00000000080095b0       0xba ./Middlewares/Third_Party/FreeRTOS/Source/tasks.o
                0x00000000080095b0                xTaskCreateStatic
 .text.xTaskCreate
                0x000000000800966a       0x8a ./Middlewares/Third_Party/FreeRTOS/Source/tasks.o
                0x000000000800966a                xTaskCreate
 .text.prvInitialiseNewTask
                0x00000000080096f4      0x14c ./Middlewares/Third_Party/FreeRTOS/Source/tasks.o
 .text.prvAddNewTaskToReadyList
                0x0000000008009840       0xe0 ./Middlewares/Third_Party/FreeRTOS/Source/tasks.o
 .text.vTaskStartScheduler
                0x0000000008009920       0xe0 ./Middlewares/Third_Party/FreeRTOS/Source/tasks.o
                0x0000000008009920                vTaskStartScheduler
 .text.vTaskSuspendAll
                0x0000000008009a00       0x1c ./Middlewares/Third_Party/FreeRTOS/Source/tasks.o
                0x0000000008009a00                vTaskSuspendAll
 .text.xTaskResumeAll
                0x0000000008009a1c      0x13c ./Middlewares/Third_Party/FreeRTOS/Source/tasks.o
                0x0000000008009a1c                xTaskResumeAll
 .text.xTaskGetTickCount
                0x0000000008009b58       0x20 ./Middlewares/Third_Party/FreeRTOS/Source/tasks.o
                0x0000000008009b58                xTaskGetTickCount
 .text.xTaskIncrementTick
                0x0000000008009b78      0x174 ./Middlewares/Third_Party/FreeRTOS/Source/tasks.o
                0x0000000008009b78                xTaskIncrementTick
 .text.vTaskSwitchContext
                0x0000000008009cec       0xc8 ./Middlewares/Third_Party/FreeRTOS/Source/tasks.o
                0x0000000008009cec                vTaskSwitchContext
 .text.vTaskPlaceOnEventList
                0x0000000008009db4       0x48 ./Middlewares/Third_Party/FreeRTOS/Source/tasks.o
                0x0000000008009db4                vTaskPlaceOnEventList
 .text.vTaskPlaceOnEventListRestricted
                0x0000000008009dfc       0x58 ./Middlewares/Third_Party/FreeRTOS/Source/tasks.o
                0x0000000008009dfc                vTaskPlaceOnEventListRestricted
 .text.xTaskRemoveFromEventList
                0x0000000008009e54       0xc8 ./Middlewares/Third_Party/FreeRTOS/Source/tasks.o
                0x0000000008009e54                xTaskRemoveFromEventList
 .text.vTaskInternalSetTimeOutState
                0x0000000008009f1c       0x2c ./Middlewares/Third_Party/FreeRTOS/Source/tasks.o
                0x0000000008009f1c                vTaskInternalSetTimeOutState
 .text.xTaskCheckForTimeOut
                0x0000000008009f48       0xc4 ./Middlewares/Third_Party/FreeRTOS/Source/tasks.o
                0x0000000008009f48                xTaskCheckForTimeOut
 .text.vTaskMissedYield
                0x000000000800a00c       0x18 ./Middlewares/Third_Party/FreeRTOS/Source/tasks.o
                0x000000000800a00c                vTaskMissedYield
 .text.prvIdleTask
                0x000000000800a024       0x30 ./Middlewares/Third_Party/FreeRTOS/Source/tasks.o
 .text.prvInitialiseTaskLists
                0x000000000800a054       0x80 ./Middlewares/Third_Party/FreeRTOS/Source/tasks.o
 .text.prvCheckTasksWaitingTermination
                0x000000000800a0d4       0x5c ./Middlewares/Third_Party/FreeRTOS/Source/tasks.o
 .text.prvDeleteTCB
                0x000000000800a130       0x68 ./Middlewares/Third_Party/FreeRTOS/Source/tasks.o
 .text.prvResetNextTaskUnblockTime
                0x000000000800a198       0x40 ./Middlewares/Third_Party/FreeRTOS/Source/tasks.o
 .text.xTaskGetSchedulerState
                0x000000000800a1d8       0x3c ./Middlewares/Third_Party/FreeRTOS/Source/tasks.o
                0x000000000800a1d8                xTaskGetSchedulerState
 .text.xTaskPriorityDisinherit
                0x000000000800a214       0xdc ./Middlewares/Third_Party/FreeRTOS/Source/tasks.o
                0x000000000800a214                xTaskPriorityDisinherit
 .text.prvAddCurrentTaskToDelayedList
                0x000000000800a2f0       0xa8 ./Middlewares/Third_Party/FreeRTOS/Source/tasks.o
 .text.xTimerCreateTimerTask
                0x000000000800a398       0x90 ./Middlewares/Third_Party/FreeRTOS/Source/timers.o
                0x000000000800a398                xTimerCreateTimerTask
 .text.xTimerGenericCommand
                0x000000000800a428       0x9c ./Middlewares/Third_Party/FreeRTOS/Source/timers.o
                0x000000000800a428                xTimerGenericCommand
 .text.prvProcessExpiredTimer
                0x000000000800a4c4       0x98 ./Middlewares/Third_Party/FreeRTOS/Source/timers.o
 .text.prvTimerTask
                0x000000000800a55c       0x24 ./Middlewares/Third_Party/FreeRTOS/Source/timers.o
 .text.prvProcessTimerOrBlockTask
                0x000000000800a580       0x9c ./Middlewares/Third_Party/FreeRTOS/Source/timers.o
 .text.prvGetNextExpireTime
                0x000000000800a61c       0x48 ./Middlewares/Third_Party/FreeRTOS/Source/timers.o
 .text.prvSampleTimeNow
                0x000000000800a664       0x40 ./Middlewares/Third_Party/FreeRTOS/Source/timers.o
 .text.prvInsertTimerInActiveList
                0x000000000800a6a4       0x84 ./Middlewares/Third_Party/FreeRTOS/Source/timers.o
 .text.prvProcessReceivedCommands
                0x000000000800a728      0x1c4 ./Middlewares/Third_Party/FreeRTOS/Source/timers.o
 .text.prvSwitchTimerLists
                0x000000000800a8ec       0xc8 ./Middlewares/Third_Party/FreeRTOS/Source/timers.o
 .text.prvCheckForValidListAndQueue
                0x000000000800a9b4       0x80 ./Middlewares/Third_Party/FreeRTOS/Source/timers.o
 .text.pxPortInitialiseStack
                0x000000000800aa34       0x68 ./Middlewares/Third_Party/FreeRTOS/Source/portable/GCC/ARM_CM4F/port.o
                0x000000000800aa34                pxPortInitialiseStack
 .text.prvTaskExitError
                0x000000000800aa9c       0x58 ./Middlewares/Third_Party/FreeRTOS/Source/portable/GCC/ARM_CM4F/port.o
 *fill*         0x000000000800aaf4        0xc 
 .text.SVC_Handler
                0x000000000800ab00       0x28 ./Middlewares/Third_Party/FreeRTOS/Source/portable/GCC/ARM_CM4F/port.o
                0x000000000800ab00                SVC_Handler
 .text.prvPortStartFirstTask
                0x000000000800ab28       0x28 ./Middlewares/Third_Party/FreeRTOS/Source/portable/GCC/ARM_CM4F/port.o
 .text.xPortStartScheduler
                0x000000000800ab50      0x144 ./Middlewares/Third_Party/FreeRTOS/Source/portable/GCC/ARM_CM4F/port.o
                0x000000000800ab50                xPortStartScheduler
 .text.vPortEnterCritical
                0x000000000800ac94       0x60 ./Middlewares/Third_Party/FreeRTOS/Source/portable/GCC/ARM_CM4F/port.o
                0x000000000800ac94                vPortEnterCritical
 .text.vPortExitCritical
                0x000000000800acf4       0x54 ./Middlewares/Third_Party/FreeRTOS/Source/portable/GCC/ARM_CM4F/port.o
                0x000000000800acf4                vPortExitCritical
 *fill*         0x000000000800ad48        0x8 
 .text.PendSV_Handler
                0x000000000800ad50       0x68 ./Middlewares/Third_Party/FreeRTOS/Source/portable/GCC/ARM_CM4F/port.o
                0x000000000800ad50                PendSV_Handler
 .text.xPortSysTickHandler
                0x000000000800adb8       0x44 ./Middlewares/Third_Party/FreeRTOS/Source/portable/GCC/ARM_CM4F/port.o
                0x000000000800adb8                xPortSysTickHandler
 .text.vPortSetupTimerInterrupt
                0x000000000800adfc       0x48 ./Middlewares/Third_Party/FreeRTOS/Source/portable/GCC/ARM_CM4F/port.o
                0x000000000800adfc                vPortSetupTimerInterrupt
 .text.vPortEnableVFP
                0x000000000800ae44       0x14 ./Middlewares/Third_Party/FreeRTOS/Source/portable/GCC/ARM_CM4F/port.o
 .text.vPortValidateInterruptPriority
                0x000000000800ae58       0x80 ./Middlewares/Third_Party/FreeRTOS/Source/portable/GCC/ARM_CM4F/port.o
                0x000000000800ae58                vPortValidateInterruptPriority
 .text.pvPortMalloc
                0x000000000800aed8      0x198 ./Middlewares/Third_Party/FreeRTOS/Source/portable/MemMang/heap_4.o
                0x000000000800aed8                pvPortMalloc
 .text.vPortFree
                0x000000000800b070       0xc4 ./Middlewares/Third_Party/FreeRTOS/Source/portable/MemMang/heap_4.o
                0x000000000800b070                vPortFree
 .text.prvHeapInit
                0x000000000800b134       0xc4 ./Middlewares/Third_Party/FreeRTOS/Source/portable/MemMang/heap_4.o
 .text.prvInsertBlockIntoFreeList
                0x000000000800b1f8       0xb4 ./Middlewares/Third_Party/FreeRTOS/Source/portable/MemMang/heap_4.o
 .text.MX_USB_Device_Init
                0x000000000800b2ac       0x60 ./USB_Device/App/usb_device.o
                0x000000000800b2ac                MX_USB_Device_Init
 .text.CDC_Init_FS
                0x000000000800b30c       0x28 ./USB_Device/App/usbd_cdc_if.o
 .text.CDC_DeInit_FS
                0x000000000800b334       0x10 ./USB_Device/App/usbd_cdc_if.o
 .text.CDC_Control_FS
                0x000000000800b344       0xbc ./USB_Device/App/usbd_cdc_if.o
 .text.CDC_Receive_FS
                0x000000000800b400       0x28 ./USB_Device/App/usbd_cdc_if.o
 .text.CDC_TransmitCplt_FS
                0x000000000800b428       0x22 ./USB_Device/App/usbd_cdc_if.o
 *fill*         0x000000000800b44a        0x2 
 .text.USBD_CDC_DeviceDescriptor
                0x000000000800b44c       0x24 ./USB_Device/App/usbd_desc.o
                0x000000000800b44c                USBD_CDC_DeviceDescriptor
 .text.USBD_CDC_LangIDStrDescriptor
                0x000000000800b470       0x24 ./USB_Device/App/usbd_desc.o
                0x000000000800b470                USBD_CDC_LangIDStrDescriptor
 .text.USBD_CDC_ProductStrDescriptor
                0x000000000800b494       0x3c ./USB_Device/App/usbd_desc.o
                0x000000000800b494                USBD_CDC_ProductStrDescriptor
 .text.USBD_CDC_ManufacturerStrDescriptor
                0x000000000800b4d0       0x28 ./USB_Device/App/usbd_desc.o
                0x000000000800b4d0                USBD_CDC_ManufacturerStrDescriptor
 .text.USBD_CDC_SerialStrDescriptor
                0x000000000800b4f8       0x24 ./USB_Device/App/usbd_desc.o
                0x000000000800b4f8                USBD_CDC_SerialStrDescriptor
 .text.USBD_CDC_ConfigStrDescriptor
                0x000000000800b51c       0x3c ./USB_Device/App/usbd_desc.o
                0x000000000800b51c                USBD_CDC_ConfigStrDescriptor
 .text.USBD_CDC_InterfaceStrDescriptor
                0x000000000800b558       0x3c ./USB_Device/App/usbd_desc.o
                0x000000000800b558                USBD_CDC_InterfaceStrDescriptor
 .text.Get_SerialNum
                0x000000000800b594       0x58 ./USB_Device/App/usbd_desc.o
 .text.IntToUnicode
                0x000000000800b5ec       0x7e ./USB_Device/App/usbd_desc.o
 *fill*         0x000000000800b66a        0x2 
 .text.HAL_PCD_MspInit
                0x000000000800b66c       0x78 ./USB_Device/Target/usbd_conf.o
                0x000000000800b66c                HAL_PCD_MspInit
 .text.HAL_PCD_SetupStageCallback
                0x000000000800b6e4       0x24 ./USB_Device/Target/usbd_conf.o
                0x000000000800b6e4                HAL_PCD_SetupStageCallback
 .text.HAL_PCD_DataOutStageCallback
                0x000000000800b708       0x36 ./USB_Device/Target/usbd_conf.o
                0x000000000800b708                HAL_PCD_DataOutStageCallback
 .text.HAL_PCD_DataInStageCallback
                0x000000000800b73e       0x34 ./USB_Device/Target/usbd_conf.o
                0x000000000800b73e                HAL_PCD_DataInStageCallback
 .text.HAL_PCD_SOFCallback
                0x000000000800b772       0x1c ./USB_Device/Target/usbd_conf.o
                0x000000000800b772                HAL_PCD_SOFCallback
 .text.HAL_PCD_ResetCallback
                0x000000000800b78e       0x3c ./USB_Device/Target/usbd_conf.o
                0x000000000800b78e                HAL_PCD_ResetCallback
 *fill*         0x000000000800b7ca        0x2 
 .text.HAL_PCD_SuspendCallback
                0x000000000800b7cc       0x34 ./USB_Device/Target/usbd_conf.o
                0x000000000800b7cc                HAL_PCD_SuspendCallback
 .text.HAL_PCD_ResumeCallback
                0x000000000800b800       0x38 ./USB_Device/Target/usbd_conf.o
                0x000000000800b800                HAL_PCD_ResumeCallback
 .text.USBD_LL_Init
                0x000000000800b838       0xc0 ./USB_Device/Target/usbd_conf.o
                0x000000000800b838                USBD_LL_Init
 .text.USBD_LL_Start
                0x000000000800b8f8       0x36 ./USB_Device/Target/usbd_conf.o
                0x000000000800b8f8                USBD_LL_Start
 .text.USBD_LL_OpenEP
                0x000000000800b92e       0x4c ./USB_Device/Target/usbd_conf.o
                0x000000000800b92e                USBD_LL_OpenEP
 .text.USBD_LL_CloseEP
                0x000000000800b97a       0x3e ./USB_Device/Target/usbd_conf.o
                0x000000000800b97a                USBD_LL_CloseEP
 .text.USBD_LL_StallEP
                0x000000000800b9b8       0x3e ./USB_Device/Target/usbd_conf.o
                0x000000000800b9b8                USBD_LL_StallEP
 .text.USBD_LL_ClearStallEP
                0x000000000800b9f6       0x3e ./USB_Device/Target/usbd_conf.o
                0x000000000800b9f6                USBD_LL_ClearStallEP
 .text.USBD_LL_IsStallEP
                0x000000000800ba34       0x58 ./USB_Device/Target/usbd_conf.o
                0x000000000800ba34                USBD_LL_IsStallEP
 .text.USBD_LL_SetUSBAddress
                0x000000000800ba8c       0x3e ./USB_Device/Target/usbd_conf.o
                0x000000000800ba8c                USBD_LL_SetUSBAddress
 .text.USBD_LL_Transmit
                0x000000000800baca       0x42 ./USB_Device/Target/usbd_conf.o
                0x000000000800baca                USBD_LL_Transmit
 .text.USBD_LL_PrepareReceive
                0x000000000800bb0c       0x42 ./USB_Device/Target/usbd_conf.o
                0x000000000800bb0c                USBD_LL_PrepareReceive
 .text.USBD_LL_GetRxDataSize
                0x000000000800bb4e       0x26 ./USB_Device/Target/usbd_conf.o
                0x000000000800bb4e                USBD_LL_GetRxDataSize
 .text.HAL_PCDEx_LPM_Callback
                0x000000000800bb74       0x6c ./USB_Device/Target/usbd_conf.o
                0x000000000800bb74                HAL_PCDEx_LPM_Callback
 .text.USBD_static_malloc
                0x000000000800bbe0       0x1c ./USB_Device/Target/usbd_conf.o
                0x000000000800bbe0                USBD_static_malloc
 .text.USBD_static_free
                0x000000000800bbfc       0x14 ./USB_Device/Target/usbd_conf.o
                0x000000000800bbfc                USBD_static_free
 .text.SystemClockConfig_Resume
                0x000000000800bc10        0xc ./USB_Device/Target/usbd_conf.o
 .text.USBD_Get_USB_Status
                0x000000000800bc1c       0x58 ./USB_Device/Target/usbd_conf.o
 .text.memset   0x000000000800bc74       0x10 /Applications/STM32CubeIDE.app/Contents/Eclipse/plugins/com.st.stm32cube.ide.mcu.externaltools.gnu-tools-for-stm32.11.3.rel1.macos64_1.1.100.202310310803/tools/bin/../lib/gcc/arm-none-eabi/11.3.1/../../../../arm-none-eabi/lib/thumb/v7e-m+fp/hard/libc_nano.a(libc_a-memset.o)
                0x000000000800bc74                memset
 .text._reclaim_reent
                0x000000000800bc84       0xac /Applications/STM32CubeIDE.app/Contents/Eclipse/plugins/com.st.stm32cube.ide.mcu.externaltools.gnu-tools-for-stm32.11.3.rel1.macos64_1.1.100.202310310803/tools/bin/../lib/gcc/arm-none-eabi/11.3.1/../../../../arm-none-eabi/lib/thumb/v7e-m+fp/hard/libc_nano.a(libc_a-reent.o)
                0x000000000800bc84                _reclaim_reent
 .text.__libc_init_array
                0x000000000800bd30       0x48 /Applications/STM32CubeIDE.app/Contents/Eclipse/plugins/com.st.stm32cube.ide.mcu.externaltools.gnu-tools-for-stm32.11.3.rel1.macos64_1.1.100.202310310803/tools/bin/../lib/gcc/arm-none-eabi/11.3.1/../../../../arm-none-eabi/lib/thumb/v7e-m+fp/hard/libc_nano.a(libc_a-init.o)
                0x000000000800bd30                __libc_init_array
 .text.__retarget_lock_acquire_recursive
                0x000000000800bd78        0x2 /Applications/STM32CubeIDE.app/Contents/Eclipse/plugins/com.st.stm32cube.ide.mcu.externaltools.gnu-tools-for-stm32.11.3.rel1.macos64_1.1.100.202310310803/tools/bin/../lib/gcc/arm-none-eabi/11.3.1/../../../../arm-none-eabi/lib/thumb/v7e-m+fp/hard/libc_nano.a(libc_a-lock.o)
                0x000000000800bd78                __retarget_lock_acquire_recursive
 .text.__retarget_lock_release_recursive
                0x000000000800bd7a        0x2 /Applications/STM32CubeIDE.app/Contents/Eclipse/plugins/com.st.stm32cube.ide.mcu.externaltools.gnu-tools-for-stm32.11.3.rel1.macos64_1.1.100.202310310803/tools/bin/../lib/gcc/arm-none-eabi/11.3.1/../../../../arm-none-eabi/lib/thumb/v7e-m+fp/hard/libc_nano.a(libc_a-lock.o)
                0x000000000800bd7a                __retarget_lock_release_recursive
 .text.memcpy   0x000000000800bd7c       0x1c /Applications/STM32CubeIDE.app/Contents/Eclipse/plugins/com.st.stm32cube.ide.mcu.externaltools.gnu-tools-for-stm32.11.3.rel1.macos64_1.1.100.202310310803/tools/bin/../lib/gcc/arm-none-eabi/11.3.1/../../../../arm-none-eabi/lib/thumb/v7e-m+fp/hard/libc_nano.a(libc_a-memcpy-stub.o)
                0x000000000800bd7c                memcpy
 .text._free_r  0x000000000800bd98       0x98 /Applications/STM32CubeIDE.app/Contents/Eclipse/plugins/com.st.stm32cube.ide.mcu.externaltools.gnu-tools-for-stm32.11.3.rel1.macos64_1.1.100.202310310803/tools/bin/../lib/gcc/arm-none-eabi/11.3.1/../../../../arm-none-eabi/lib/thumb/v7e-m+fp/hard/libc_nano.a(libc_a-freer.o)
                0x000000000800bd98                _free_r
 .text.__malloc_lock
                0x000000000800be30        0xc /Applications/STM32CubeIDE.app/Contents/Eclipse/plugins/com.st.stm32cube.ide.mcu.externaltools.gnu-tools-for-stm32.11.3.rel1.macos64_1.1.100.202310310803/tools/bin/../lib/gcc/arm-none-eabi/11.3.1/../../../../arm-none-eabi/lib/thumb/v7e-m+fp/hard/libc_nano.a(libc_a-mlock.o)
                0x000000000800be30                __malloc_lock
 .text.__malloc_unlock
                0x000000000800be3c        0xc /Applications/STM32CubeIDE.app/Contents/Eclipse/plugins/com.st.stm32cube.ide.mcu.externaltools.gnu-tools-for-stm32.11.3.rel1.macos64_1.1.100.202310310803/tools/bin/../lib/gcc/arm-none-eabi/11.3.1/../../../../arm-none-eabi/lib/thumb/v7e-m+fp/hard/libc_nano.a(libc_a-mlock.o)
                0x000000000800be3c                __malloc_unlock
 *(.glue_7)
 .glue_7        0x000000000800be48        0x0 linker stubs
 *(.glue_7t)
 .glue_7t       0x000000000800be48        0x0 linker stubs
 *(.eh_frame)
 .eh_frame      0x000000000800be48        0x0 /Applications/STM32CubeIDE.app/Contents/Eclipse/plugins/com.st.stm32cube.ide.mcu.externaltools.gnu-tools-for-stm32.11.3.rel1.macos64_1.1.100.202310310803/tools/bin/../lib/gcc/arm-none-eabi/11.3.1/thumb/v7e-m+fp/hard/crtbegin.o
 *(.init)
 .init          0x000000000800be48        0x4 /Applications/STM32CubeIDE.app/Contents/Eclipse/plugins/com.st.stm32cube.ide.mcu.externaltools.gnu-tools-for-stm32.11.3.rel1.macos64_1.1.100.202310310803/tools/bin/../lib/gcc/arm-none-eabi/11.3.1/thumb/v7e-m+fp/hard/crti.o
                0x000000000800be48                _init
 .init          0x000000000800be4c        0x8 /Applications/STM32CubeIDE.app/Contents/Eclipse/plugins/com.st.stm32cube.ide.mcu.externaltools.gnu-tools-for-stm32.11.3.rel1.macos64_1.1.100.202310310803/tools/bin/../lib/gcc/arm-none-eabi/11.3.1/thumb/v7e-m+fp/hard/crtn.o
 *(.fini)
 .fini          0x000000000800be54        0x4 /Applications/STM32CubeIDE.app/Contents/Eclipse/plugins/com.st.stm32cube.ide.mcu.externaltools.gnu-tools-for-stm32.11.3.rel1.macos64_1.1.100.202310310803/tools/bin/../lib/gcc/arm-none-eabi/11.3.1/thumb/v7e-m+fp/hard/crti.o
                0x000000000800be54                _fini
 .fini          0x000000000800be58        0x8 /Applications/STM32CubeIDE.app/Contents/Eclipse/plugins/com.st.stm32cube.ide.mcu.externaltools.gnu-tools-for-stm32.11.3.rel1.macos64_1.1.100.202310310803/tools/bin/../lib/gcc/arm-none-eabi/11.3.1/thumb/v7e-m+fp/hard/crtn.o
                0x000000000800be60                . = ALIGN (0x4)
                0x000000000800be60                _etext = .

.vfp11_veneer   0x000000000800be60        0x0
 .vfp11_veneer  0x000000000800be60        0x0 linker stubs

.v4_bx          0x000000000800be60        0x0
 .v4_bx         0x000000000800be60        0x0 linker stubs

.iplt           0x000000000800be60        0x0
 .iplt          0x000000000800be60        0x0 /Applications/STM32CubeIDE.app/Contents/Eclipse/plugins/com.st.stm32cube.ide.mcu.externaltools.gnu-tools-for-stm32.11.3.rel1.macos64_1.1.100.202310310803/tools/bin/../lib/gcc/arm-none-eabi/11.3.1/thumb/v7e-m+fp/hard/crtbegin.o

.rodata         0x000000000800be60       0x84
                0x000000000800be60                . = ALIGN (0x4)
 *(.rodata)
 .rodata        0x000000000800be60       0x13 ./Core/Src/freertos.o
 *fill*         0x000000000800be73        0x1 
 .rodata        0x000000000800be74        0x5 ./Middlewares/Third_Party/FreeRTOS/Source/tasks.o
 *fill*         0x000000000800be79        0x3 
 .rodata        0x000000000800be7c        0xd ./Middlewares/Third_Party/FreeRTOS/Source/timers.o
 *fill*         0x000000000800be89        0x3 
 .rodata        0x000000000800be8c       0x46 ./USB_Device/App/usbd_desc.o
 *(.rodata*)
 *fill*         0x000000000800bed2        0x2 
 .rodata.AHBPrescTable
                0x000000000800bed4       0x10 ./Core/Src/system_stm32g4xx.o
                0x000000000800bed4                AHBPrescTable
                0x000000000800bee4                . = ALIGN (0x4)

.rel.dyn        0x000000000800bee4        0x0
 .rel.iplt      0x000000000800bee4        0x0 /Applications/STM32CubeIDE.app/Contents/Eclipse/plugins/com.st.stm32cube.ide.mcu.externaltools.gnu-tools-for-stm32.11.3.rel1.macos64_1.1.100.202310310803/tools/bin/../lib/gcc/arm-none-eabi/11.3.1/thumb/v7e-m+fp/hard/crtbegin.o

.ARM.extab      0x000000000800bee4        0x0
                0x000000000800bee4                . = ALIGN (0x4)
 *(.ARM.extab* .gnu.linkonce.armextab.*)
                0x000000000800bee4                . = ALIGN (0x4)

.ARM            0x000000000800bee4        0x0
                0x000000000800bee4                . = ALIGN (0x4)
                0x000000000800bee4                __exidx_start = .
 *(.ARM.exidx*)
                0x000000000800bee4                __exidx_end = .
                0x000000000800bee4                . = ALIGN (0x4)

.preinit_array  0x000000000800bee4        0x0
                0x000000000800bee4                . = ALIGN (0x4)
                0x000000000800bee4                PROVIDE (__preinit_array_start = .)
 *(.preinit_array*)
                0x000000000800bee4                PROVIDE (__preinit_array_end = .)
                0x000000000800bee4                . = ALIGN (0x4)

.init_array     0x000000000800bee4        0x4
                0x000000000800bee4                . = ALIGN (0x4)
                0x000000000800bee4                PROVIDE (__init_array_start = .)
 *(SORT_BY_NAME(.init_array.*))
 *(.init_array*)
 .init_array    0x000000000800bee4        0x4 /Applications/STM32CubeIDE.app/Contents/Eclipse/plugins/com.st.stm32cube.ide.mcu.externaltools.gnu-tools-for-stm32.11.3.rel1.macos64_1.1.100.202310310803/tools/bin/../lib/gcc/arm-none-eabi/11.3.1/thumb/v7e-m+fp/hard/crtbegin.o
                0x000000000800bee8                PROVIDE (__init_array_end = .)
                0x000000000800bee8                . = ALIGN (0x4)

.fini_array     0x000000000800bee8        0x4
                0x000000000800bee8                . = ALIGN (0x4)
                [!provide]                        PROVIDE (__fini_array_start = .)
 *(SORT_BY_NAME(.fini_array.*))
 *(.fini_array*)
 .fini_array    0x000000000800bee8        0x4 /Applications/STM32CubeIDE.app/Contents/Eclipse/plugins/com.st.stm32cube.ide.mcu.externaltools.gnu-tools-for-stm32.11.3.rel1.macos64_1.1.100.202310310803/tools/bin/../lib/gcc/arm-none-eabi/11.3.1/thumb/v7e-m+fp/hard/crtbegin.o
                [!provide]                        PROVIDE (__fini_array_end = .)
                0x000000000800beec                . = ALIGN (0x4)
                0x000000000800beec                _sidata = LOADADDR (.data)

.data           0x0000000020000000      0x1d8 load address 0x000000000800beec
                0x0000000020000000                . = ALIGN (0x4)
                0x0000000020000000                _sdata = .
 *(.data)
 *(.data*)
 .data.SystemCoreClock
                0x0000000020000000        0x4 ./Core/Src/system_stm32g4xx.o
                0x0000000020000000                SystemCoreClock
 .data.uwTickPrio
                0x0000000020000004        0x4 ./Drivers/STM32G4xx_HAL_Driver/Src/stm32g4xx_hal.o
                0x0000000020000004                uwTickPrio
 .data.uwTickFreq
                0x0000000020000008        0x4 ./Drivers/STM32G4xx_HAL_Driver/Src/stm32g4xx_hal.o
                0x0000000020000008                uwTickFreq
 .data.USBD_CDC_DeviceQualifierDesc
                0x000000002000000c        0xa ./Middlewares/ST/STM32_USB_Device_Library/Class/CDC/Src/usbd_cdc.o
 *fill*         0x0000000020000016        0x2 
 .data.USBD_CDC
                0x0000000020000018       0x38 ./Middlewares/ST/STM32_USB_Device_Library/Class/CDC/Src/usbd_cdc.o
                0x0000000020000018                USBD_CDC
 .data.USBD_CDC_CfgHSDesc
                0x0000000020000050       0x43 ./Middlewares/ST/STM32_USB_Device_Library/Class/CDC/Src/usbd_cdc.o
 *fill*         0x0000000020000093        0x1 
 .data.USBD_CDC_CfgFSDesc
                0x0000000020000094       0x43 ./Middlewares/ST/STM32_USB_Device_Library/Class/CDC/Src/usbd_cdc.o
 *fill*         0x00000000200000d7        0x1 
 .data.USBD_CDC_OtherSpeedCfgDesc
                0x00000000200000d8       0x43 ./Middlewares/ST/STM32_USB_Device_Library/Class/CDC/Src/usbd_cdc.o
 *fill*         0x000000002000011b        0x1 
 .data.uxCriticalNesting
                0x000000002000011c        0x4 ./Middlewares/Third_Party/FreeRTOS/Source/portable/GCC/ARM_CM4F/port.o
 .data.USBD_Interface_fops_FS
                0x0000000020000120       0x14 ./USB_Device/App/usbd_cdc_if.o
                0x0000000020000120                USBD_Interface_fops_FS
 .data.CDC_Desc
                0x0000000020000134       0x20 ./USB_Device/App/usbd_desc.o
                0x0000000020000134                CDC_Desc
 .data.USBD_CDC_DeviceDesc
                0x0000000020000154       0x12 ./USB_Device/App/usbd_desc.o
                0x0000000020000154                USBD_CDC_DeviceDesc
 *fill*         0x0000000020000166        0x2 
 .data.USBD_LangIDDesc
                0x0000000020000168        0x4 ./USB_Device/App/usbd_desc.o
                0x0000000020000168                USBD_LangIDDesc
 .data.USBD_StringSerial
                0x000000002000016c       0x1a ./USB_Device/App/usbd_desc.o
                0x000000002000016c                USBD_StringSerial
 *fill*         0x0000000020000186        0x2 
 .data._impure_data
                0x0000000020000188       0x4c /Applications/STM32CubeIDE.app/Contents/Eclipse/plugins/com.st.stm32cube.ide.mcu.externaltools.gnu-tools-for-stm32.11.3.rel1.macos64_1.1.100.202310310803/tools/bin/../lib/gcc/arm-none-eabi/11.3.1/../../../../arm-none-eabi/lib/thumb/v7e-m+fp/hard/libc_nano.a(libc_a-impure.o)
                0x0000000020000188                _impure_data
 .data._impure_ptr
                0x00000000200001d4        0x4 /Applications/STM32CubeIDE.app/Contents/Eclipse/plugins/com.st.stm32cube.ide.mcu.externaltools.gnu-tools-for-stm32.11.3.rel1.macos64_1.1.100.202310310803/tools/bin/../lib/gcc/arm-none-eabi/11.3.1/../../../../arm-none-eabi/lib/thumb/v7e-m+fp/hard/libc_nano.a(libc_a-impure.o)
                0x00000000200001d4                _impure_ptr
 *(.RamFunc)
 *(.RamFunc*)
                0x00000000200001d8                . = ALIGN (0x4)
                0x00000000200001d8                _edata = .

.igot.plt       0x00000000200001d8        0x0 load address 0x000000000800c0c4
 .igot.plt      0x00000000200001d8        0x0 /Applications/STM32CubeIDE.app/Contents/Eclipse/plugins/com.st.stm32cube.ide.mcu.externaltools.gnu-tools-for-stm32.11.3.rel1.macos64_1.1.100.202310310803/tools/bin/../lib/gcc/arm-none-eabi/11.3.1/thumb/v7e-m+fp/hard/crtbegin.o
                0x00000000200001d8                . = ALIGN (0x4)

.bss            0x00000000200001d8    0x11bec load address 0x000000000800c0c4
                0x00000000200001d8                _sbss = .
                0x00000000200001d8                __bss_start__ = _sbss
 *(.bss)
 .bss           0x00000000200001d8       0x1c /Applications/STM32CubeIDE.app/Contents/Eclipse/plugins/com.st.stm32cube.ide.mcu.externaltools.gnu-tools-for-stm32.11.3.rel1.macos64_1.1.100.202310310803/tools/bin/../lib/gcc/arm-none-eabi/11.3.1/thumb/v7e-m+fp/hard/crtbegin.o
 *(.bss*)
 .bss.hcrc      0x00000000200001f4       0x24 ./Core/Src/crc.o
                0x00000000200001f4                hcrc
 .bss.hfdcan1   0x0000000020000218       0x64 ./Core/Src/fdcan.o
                0x0000000020000218                hfdcan1
 .bss.hfdcan2   0x000000002000027c       0x64 ./Core/Src/fdcan.o
                0x000000002000027c                hfdcan2
 .bss.HAL_RCC_FDCAN_CLK_ENABLED
                0x00000000200002e0        0x4 ./Core/Src/fdcan.o
 .bss.hi2c2     0x00000000200002e4       0x54 ./Core/Src/i2c.o
                0x00000000200002e4                hi2c2
 .bss.hi2c3     0x0000000020000338       0x54 ./Core/Src/i2c.o
                0x0000000020000338                hi2c3
 .bss.hiwdg     0x000000002000038c       0x10 ./Core/Src/iwdg.o
                0x000000002000038c                hiwdg
 .bss.hspi1     0x000000002000039c       0x64 ./Core/Src/spi.o
                0x000000002000039c                hspi1
 .bss.hspi2     0x0000000020000400       0x64 ./Core/Src/spi.o
                0x0000000020000400                hspi2
 .bss.hspi3     0x0000000020000464       0x64 ./Core/Src/spi.o
                0x0000000020000464                hspi3
 .bss.uwTick    0x00000000200004c8        0x4 ./Drivers/STM32G4xx_HAL_Driver/Src/stm32g4xx_hal.o
                0x00000000200004c8                uwTick
 .bss.cfgidx.0  0x00000000200004cc        0x1 ./Middlewares/ST/STM32_USB_Device_Library/Core/Src/usbd_ctlreq.o
 *fill*         0x00000000200004cd        0x3 
 .bss.KernelState
                0x00000000200004d0        0x4 ./Middlewares/Third_Party/FreeRTOS/Source/CMSIS_RTOS_V2/cmsis_os2.o
 .bss.Idle_TCB.3
                0x00000000200004d4       0xa8 ./Middlewares/Third_Party/FreeRTOS/Source/CMSIS_RTOS_V2/cmsis_os2.o
 .bss.Idle_Stack.2
                0x000000002000057c      0x200 ./Middlewares/Third_Party/FreeRTOS/Source/CMSIS_RTOS_V2/cmsis_os2.o
 .bss.Timer_TCB.1
                0x000000002000077c       0xa8 ./Middlewares/Third_Party/FreeRTOS/Source/CMSIS_RTOS_V2/cmsis_os2.o
 .bss.Timer_Stack.0
                0x0000000020000824      0x400 ./Middlewares/Third_Party/FreeRTOS/Source/CMSIS_RTOS_V2/cmsis_os2.o
 .bss.xQueueRegistry
                0x0000000020000c24       0x40 ./Middlewares/Third_Party/FreeRTOS/Source/queue.o
                0x0000000020000c24                xQueueRegistry
 .bss.pxCurrentTCB
                0x0000000020000c64        0x4 ./Middlewares/Third_Party/FreeRTOS/Source/tasks.o
                0x0000000020000c64                pxCurrentTCB
 .bss.pxReadyTasksLists
                0x0000000020000c68      0x460 ./Middlewares/Third_Party/FreeRTOS/Source/tasks.o
 .bss.xDelayedTaskList1
                0x00000000200010c8       0x14 ./Middlewares/Third_Party/FreeRTOS/Source/tasks.o
 .bss.xDelayedTaskList2
                0x00000000200010dc       0x14 ./Middlewares/Third_Party/FreeRTOS/Source/tasks.o
 .bss.pxDelayedTaskList
                0x00000000200010f0        0x4 ./Middlewares/Third_Party/FreeRTOS/Source/tasks.o
 .bss.pxOverflowDelayedTaskList
                0x00000000200010f4        0x4 ./Middlewares/Third_Party/FreeRTOS/Source/tasks.o
 .bss.xPendingReadyList
                0x00000000200010f8       0x14 ./Middlewares/Third_Party/FreeRTOS/Source/tasks.o
 .bss.xTasksWaitingTermination
                0x000000002000110c       0x14 ./Middlewares/Third_Party/FreeRTOS/Source/tasks.o
 .bss.uxDeletedTasksWaitingCleanUp
                0x0000000020001120        0x4 ./Middlewares/Third_Party/FreeRTOS/Source/tasks.o
 .bss.xSuspendedTaskList
                0x0000000020001124       0x14 ./Middlewares/Third_Party/FreeRTOS/Source/tasks.o
 .bss.uxCurrentNumberOfTasks
                0x0000000020001138        0x4 ./Middlewares/Third_Party/FreeRTOS/Source/tasks.o
 .bss.xTickCount
                0x000000002000113c        0x4 ./Middlewares/Third_Party/FreeRTOS/Source/tasks.o
 .bss.uxTopReadyPriority
                0x0000000020001140        0x4 ./Middlewares/Third_Party/FreeRTOS/Source/tasks.o
 .bss.xSchedulerRunning
                0x0000000020001144        0x4 ./Middlewares/Third_Party/FreeRTOS/Source/tasks.o
 .bss.xPendedTicks
                0x0000000020001148        0x4 ./Middlewares/Third_Party/FreeRTOS/Source/tasks.o
 .bss.xYieldPending
                0x000000002000114c        0x4 ./Middlewares/Third_Party/FreeRTOS/Source/tasks.o
 .bss.xNumOfOverflows
                0x0000000020001150        0x4 ./Middlewares/Third_Party/FreeRTOS/Source/tasks.o
 .bss.uxTaskNumber
                0x0000000020001154        0x4 ./Middlewares/Third_Party/FreeRTOS/Source/tasks.o
 .bss.xNextTaskUnblockTime
                0x0000000020001158        0x4 ./Middlewares/Third_Party/FreeRTOS/Source/tasks.o
 .bss.xIdleTaskHandle
                0x000000002000115c        0x4 ./Middlewares/Third_Party/FreeRTOS/Source/tasks.o
 .bss.uxSchedulerSuspended
                0x0000000020001160        0x4 ./Middlewares/Third_Party/FreeRTOS/Source/tasks.o
 .bss.xActiveTimerList1
                0x0000000020001164       0x14 ./Middlewares/Third_Party/FreeRTOS/Source/timers.o
 .bss.xActiveTimerList2
                0x0000000020001178       0x14 ./Middlewares/Third_Party/FreeRTOS/Source/timers.o
 .bss.pxCurrentTimerList
                0x000000002000118c        0x4 ./Middlewares/Third_Party/FreeRTOS/Source/timers.o
 .bss.pxOverflowTimerList
                0x0000000020001190        0x4 ./Middlewares/Third_Party/FreeRTOS/Source/timers.o
 .bss.xTimerQueue
                0x0000000020001194        0x4 ./Middlewares/Third_Party/FreeRTOS/Source/timers.o
 .bss.xTimerTaskHandle
                0x0000000020001198        0x4 ./Middlewares/Third_Party/FreeRTOS/Source/timers.o
 .bss.xLastTime.2
                0x000000002000119c        0x4 ./Middlewares/Third_Party/FreeRTOS/Source/timers.o
 .bss.ucStaticTimerQueueStorage.1
                0x00000000200011a0       0xa0 ./Middlewares/Third_Party/FreeRTOS/Source/timers.o
 .bss.xStaticTimerQueue.0
                0x0000000020001240       0x50 ./Middlewares/Third_Party/FreeRTOS/Source/timers.o
 .bss.ucMaxSysCallPriority
                0x0000000020001290        0x1 ./Middlewares/Third_Party/FreeRTOS/Source/portable/GCC/ARM_CM4F/port.o
 *fill*         0x0000000020001291        0x3 
 .bss.ulMaxPRIGROUPValue
                0x0000000020001294        0x4 ./Middlewares/Third_Party/FreeRTOS/Source/portable/GCC/ARM_CM4F/port.o
 .bss.ucHeap    0x0000000020001298     0xf000 ./Middlewares/Third_Party/FreeRTOS/Source/portable/MemMang/heap_4.o
 .bss.xStart    0x0000000020010298        0x8 ./Middlewares/Third_Party/FreeRTOS/Source/portable/MemMang/heap_4.o
 .bss.pxEnd     0x00000000200102a0        0x4 ./Middlewares/Third_Party/FreeRTOS/Source/portable/MemMang/heap_4.o
 .bss.xFreeBytesRemaining
                0x00000000200102a4        0x4 ./Middlewares/Third_Party/FreeRTOS/Source/portable/MemMang/heap_4.o
 .bss.xMinimumEverFreeBytesRemaining
                0x00000000200102a8        0x4 ./Middlewares/Third_Party/FreeRTOS/Source/portable/MemMang/heap_4.o
 .bss.xNumberOfSuccessfulAllocations
                0x00000000200102ac        0x4 ./Middlewares/Third_Party/FreeRTOS/Source/portable/MemMang/heap_4.o
 .bss.xNumberOfSuccessfulFrees
                0x00000000200102b0        0x4 ./Middlewares/Third_Party/FreeRTOS/Source/portable/MemMang/heap_4.o
 .bss.xBlockAllocatedBit
                0x00000000200102b4        0x4 ./Middlewares/Third_Party/FreeRTOS/Source/portable/MemMang/heap_4.o
 .bss.hUsbDeviceFS
                0x00000000200102b8      0x2d0 ./USB_Device/App/usb_device.o
                0x00000000200102b8                hUsbDeviceFS
 .bss.UserRxBufferFS
                0x0000000020010588      0x800 ./USB_Device/App/usbd_cdc_if.o
                0x0000000020010588                UserRxBufferFS
 .bss.UserTxBufferFS
                0x0000000020010d88      0x800 ./USB_Device/App/usbd_cdc_if.o
                0x0000000020010d88                UserTxBufferFS
 .bss.USBD_StrDesc
                0x0000000020011588      0x200 ./USB_Device/App/usbd_desc.o
                0x0000000020011588                USBD_StrDesc
 .bss.hpcd_USB_FS
                0x0000000020011788      0x2dc ./USB_Device/Target/usbd_conf.o
                0x0000000020011788                hpcd_USB_FS
 .bss.mem.0     0x0000000020011a64      0x220 ./USB_Device/Target/usbd_conf.o
 .bss.__sf      0x0000000020011c84      0x138 /Applications/STM32CubeIDE.app/Contents/Eclipse/plugins/com.st.stm32cube.ide.mcu.externaltools.gnu-tools-for-stm32.11.3.rel1.macos64_1.1.100.202310310803/tools/bin/../lib/gcc/arm-none-eabi/11.3.1/../../../../arm-none-eabi/lib/thumb/v7e-m+fp/hard/libc_nano.a(libc_a-findfp.o)
                0x0000000020011c84                __sf
 .bss.__lock___malloc_recursive_mutex
                0x0000000020011dbc        0x1 /Applications/STM32CubeIDE.app/Contents/Eclipse/plugins/com.st.stm32cube.ide.mcu.externaltools.gnu-tools-for-stm32.11.3.rel1.macos64_1.1.100.202310310803/tools/bin/../lib/gcc/arm-none-eabi/11.3.1/../../../../arm-none-eabi/lib/thumb/v7e-m+fp/hard/libc_nano.a(libc_a-lock.o)
                0x0000000020011dbc                __lock___malloc_recursive_mutex
 *fill*         0x0000000020011dbd        0x3 
 .bss.__malloc_free_list
                0x0000000020011dc0        0x4 /Applications/STM32CubeIDE.app/Contents/Eclipse/plugins/com.st.stm32cube.ide.mcu.externaltools.gnu-tools-for-stm32.11.3.rel1.macos64_1.1.100.202310310803/tools/bin/../lib/gcc/arm-none-eabi/11.3.1/../../../../arm-none-eabi/lib/thumb/v7e-m+fp/hard/libc_nano.a(libc_a-mallocr.o)
                0x0000000020011dc0                __malloc_free_list
 *(COMMON)
                0x0000000020011dc4                . = ALIGN (0x4)
                0x0000000020011dc4                _ebss = .
                0x0000000020011dc4                __bss_end__ = _ebss

._user_heap_stack
                0x0000000020011dc4      0x604 load address 0x000000000800c0c4
                0x0000000020011dc8                . = ALIGN (0x8)
 *fill*         0x0000000020011dc4        0x4 
                [!provide]                        PROVIDE (end = .)
                0x0000000020011dc8                PROVIDE (_end = .)
                0x0000000020011fc8                . = (. + _Min_Heap_Size)
 *fill*         0x0000000020011dc8      0x200 
                0x00000000200123c8                . = (. + _Min_Stack_Size)
 *fill*         0x0000000020011fc8      0x400 
                0x00000000200123c8                . = ALIGN (0x8)

/DISCARD/
 libc.a(*)
 libm.a(*)
 libgcc.a(*)

.ARM.attributes
                0x0000000000000000       0x30
 *(.ARM.attributes)
 .ARM.attributes
                0x0000000000000000       0x1e /Applications/STM32CubeIDE.app/Contents/Eclipse/plugins/com.st.stm32cube.ide.mcu.externaltools.gnu-tools-for-stm32.11.3.rel1.macos64_1.1.100.202310310803/tools/bin/../lib/gcc/arm-none-eabi/11.3.1/thumb/v7e-m+fp/hard/crti.o
 .ARM.attributes
                0x000000000000001e       0x34 /Applications/STM32CubeIDE.app/Contents/Eclipse/plugins/com.st.stm32cube.ide.mcu.externaltools.gnu-tools-for-stm32.11.3.rel1.macos64_1.1.100.202310310803/tools/bin/../lib/gcc/arm-none-eabi/11.3.1/thumb/v7e-m+fp/hard/crtbegin.o
 .ARM.attributes
                0x0000000000000052       0x34 ./Core/Src/crc.o
 .ARM.attributes
                0x0000000000000086       0x34 ./Core/Src/fdcan.o
 .ARM.attributes
                0x00000000000000ba       0x34 ./Core/Src/freertos.o
 .ARM.attributes
                0x00000000000000ee       0x34 ./Core/Src/gpio.o
 .ARM.attributes
                0x0000000000000122       0x34 ./Core/Src/i2c.o
 .ARM.attributes
                0x0000000000000156       0x34 ./Core/Src/iwdg.o
 .ARM.attributes
                0x000000000000018a       0x34 ./Core/Src/main.o
 .ARM.attributes
                0x00000000000001be       0x34 ./Core/Src/spi.o
 .ARM.attributes
                0x00000000000001f2       0x34 ./Core/Src/stm32g4xx_hal_msp.o
 .ARM.attributes
                0x0000000000000226       0x34 ./Core/Src/stm32g4xx_it.o
 .ARM.attributes
                0x000000000000025a       0x34 ./Core/Src/system_stm32g4xx.o
 .ARM.attributes
                0x000000000000028e       0x21 ./Core/Startup/startup_stm32g483retx.o
 .ARM.attributes
                0x00000000000002af       0x34 ./Drivers/STM32G4xx_HAL_Driver/Src/stm32g4xx_hal.o
 .ARM.attributes
                0x00000000000002e3       0x34 ./Drivers/STM32G4xx_HAL_Driver/Src/stm32g4xx_hal_cortex.o
 .ARM.attributes
                0x0000000000000317       0x34 ./Drivers/STM32G4xx_HAL_Driver/Src/stm32g4xx_hal_crc.o
 .ARM.attributes
                0x000000000000034b       0x34 ./Drivers/STM32G4xx_HAL_Driver/Src/stm32g4xx_hal_crc_ex.o
 .ARM.attributes
                0x000000000000037f       0x34 ./Drivers/STM32G4xx_HAL_Driver/Src/stm32g4xx_hal_fdcan.o
 .ARM.attributes
                0x00000000000003b3       0x34 ./Drivers/STM32G4xx_HAL_Driver/Src/stm32g4xx_hal_gpio.o
 .ARM.attributes
                0x00000000000003e7       0x34 ./Drivers/STM32G4xx_HAL_Driver/Src/stm32g4xx_hal_i2c.o
 .ARM.attributes
                0x000000000000041b       0x34 ./Drivers/STM32G4xx_HAL_Driver/Src/stm32g4xx_hal_i2c_ex.o
 .ARM.attributes
                0x000000000000044f       0x34 ./Drivers/STM32G4xx_HAL_Driver/Src/stm32g4xx_hal_iwdg.o
 .ARM.attributes
                0x0000000000000483       0x34 ./Drivers/STM32G4xx_HAL_Driver/Src/stm32g4xx_hal_pcd.o
 .ARM.attributes
                0x00000000000004b7       0x34 ./Drivers/STM32G4xx_HAL_Driver/Src/stm32g4xx_hal_pcd_ex.o
 .ARM.attributes
                0x00000000000004eb       0x34 ./Drivers/STM32G4xx_HAL_Driver/Src/stm32g4xx_hal_pwr_ex.o
 .ARM.attributes
                0x000000000000051f       0x34 ./Drivers/STM32G4xx_HAL_Driver/Src/stm32g4xx_hal_rcc.o
 .ARM.attributes
                0x0000000000000553       0x34 ./Drivers/STM32G4xx_HAL_Driver/Src/stm32g4xx_hal_rcc_ex.o
 .ARM.attributes
                0x0000000000000587       0x34 ./Drivers/STM32G4xx_HAL_Driver/Src/stm32g4xx_hal_spi.o
 .ARM.attributes
                0x00000000000005bb       0x34 ./Drivers/STM32G4xx_HAL_Driver/Src/stm32g4xx_ll_usb.o
 .ARM.attributes
                0x00000000000005ef       0x34 ./Middlewares/ST/STM32_USB_Device_Library/Class/CDC/Src/usbd_cdc.o
 .ARM.attributes
                0x0000000000000623       0x34 ./Middlewares/ST/STM32_USB_Device_Library/Core/Src/usbd_core.o
 .ARM.attributes
                0x0000000000000657       0x34 ./Middlewares/ST/STM32_USB_Device_Library/Core/Src/usbd_ctlreq.o
 .ARM.attributes
                0x000000000000068b       0x34 ./Middlewares/ST/STM32_USB_Device_Library/Core/Src/usbd_ioreq.o
 .ARM.attributes
                0x00000000000006bf       0x34 ./Middlewares/Third_Party/FreeRTOS/Source/CMSIS_RTOS_V2/cmsis_os2.o
 .ARM.attributes
                0x00000000000006f3       0x34 ./Middlewares/Third_Party/FreeRTOS/Source/list.o
 .ARM.attributes
                0x0000000000000727       0x34 ./Middlewares/Third_Party/FreeRTOS/Source/queue.o
 .ARM.attributes
                0x000000000000075b       0x34 ./Middlewares/Third_Party/FreeRTOS/Source/tasks.o
 .ARM.attributes
                0x000000000000078f       0x34 ./Middlewares/Third_Party/FreeRTOS/Source/timers.o
 .ARM.attributes
                0x00000000000007c3       0x34 ./Middlewares/Third_Party/FreeRTOS/Source/portable/GCC/ARM_CM4F/port.o
 .ARM.attributes
                0x00000000000007f7       0x34 ./Middlewares/Third_Party/FreeRTOS/Source/portable/MemMang/heap_4.o
 .ARM.attributes
                0x000000000000082b       0x34 ./USB_Device/App/usb_device.o
 .ARM.attributes
                0x000000000000085f       0x34 ./USB_Device/App/usbd_cdc_if.o
 .ARM.attributes
                0x0000000000000893       0x34 ./USB_Device/App/usbd_desc.o
 .ARM.attributes
                0x00000000000008c7       0x34 ./USB_Device/Target/usbd_conf.o
 .ARM.attributes
                0x00000000000008fb       0x34 /Applications/STM32CubeIDE.app/Contents/Eclipse/plugins/com.st.stm32cube.ide.mcu.externaltools.gnu-tools-for-stm32.11.3.rel1.macos64_1.1.100.202310310803/tools/bin/../lib/gcc/arm-none-eabi/11.3.1/../../../../arm-none-eabi/lib/thumb/v7e-m+fp/hard/libc_nano.a(libc_a-findfp.o)
 .ARM.attributes
                0x000000000000092f       0x34 /Applications/STM32CubeIDE.app/Contents/Eclipse/plugins/com.st.stm32cube.ide.mcu.externaltools.gnu-tools-for-stm32.11.3.rel1.macos64_1.1.100.202310310803/tools/bin/../lib/gcc/arm-none-eabi/11.3.1/../../../../arm-none-eabi/lib/thumb/v7e-m+fp/hard/libc_nano.a(libc_a-memset.o)
 .ARM.attributes
                0x0000000000000963       0x34 /Applications/STM32CubeIDE.app/Contents/Eclipse/plugins/com.st.stm32cube.ide.mcu.externaltools.gnu-tools-for-stm32.11.3.rel1.macos64_1.1.100.202310310803/tools/bin/../lib/gcc/arm-none-eabi/11.3.1/../../../../arm-none-eabi/lib/thumb/v7e-m+fp/hard/libc_nano.a(libc_a-reent.o)
 .ARM.attributes
                0x0000000000000997       0x34 /Applications/STM32CubeIDE.app/Contents/Eclipse/plugins/com.st.stm32cube.ide.mcu.externaltools.gnu-tools-for-stm32.11.3.rel1.macos64_1.1.100.202310310803/tools/bin/../lib/gcc/arm-none-eabi/11.3.1/../../../../arm-none-eabi/lib/thumb/v7e-m+fp/hard/libc_nano.a(libc_a-impure.o)
 .ARM.attributes
                0x00000000000009cb       0x34 /Applications/STM32CubeIDE.app/Contents/Eclipse/plugins/com.st.stm32cube.ide.mcu.externaltools.gnu-tools-for-stm32.11.3.rel1.macos64_1.1.100.202310310803/tools/bin/../lib/gcc/arm-none-eabi/11.3.1/../../../../arm-none-eabi/lib/thumb/v7e-m+fp/hard/libc_nano.a(libc_a-init.o)
 .ARM.attributes
                0x00000000000009ff       0x34 /Applications/STM32CubeIDE.app/Contents/Eclipse/plugins/com.st.stm32cube.ide.mcu.externaltools.gnu-tools-for-stm32.11.3.rel1.macos64_1.1.100.202310310803/tools/bin/../lib/gcc/arm-none-eabi/11.3.1/../../../../arm-none-eabi/lib/thumb/v7e-m+fp/hard/libc_nano.a(libc_a-lock.o)
 .ARM.attributes
                0x0000000000000a33       0x34 /Applications/STM32CubeIDE.app/Contents/Eclipse/plugins/com.st.stm32cube.ide.mcu.externaltools.gnu-tools-for-stm32.11.3.rel1.macos64_1.1.100.202310310803/tools/bin/../lib/gcc/arm-none-eabi/11.3.1/../../../../arm-none-eabi/lib/thumb/v7e-m+fp/hard/libc_nano.a(libc_a-memcpy-stub.o)
 .ARM.attributes
                0x0000000000000a67       0x34 /Applications/STM32CubeIDE.app/Contents/Eclipse/plugins/com.st.stm32cube.ide.mcu.externaltools.gnu-tools-for-stm32.11.3.rel1.macos64_1.1.100.202310310803/tools/bin/../lib/gcc/arm-none-eabi/11.3.1/../../../../arm-none-eabi/lib/thumb/v7e-m+fp/hard/libc_nano.a(libc_a-freer.o)
 .ARM.attributes
                0x0000000000000a9b       0x34 /Applications/STM32CubeIDE.app/Contents/Eclipse/plugins/com.st.stm32cube.ide.mcu.externaltools.gnu-tools-for-stm32.11.3.rel1.macos64_1.1.100.202310310803/tools/bin/../lib/gcc/arm-none-eabi/11.3.1/../../../../arm-none-eabi/lib/thumb/v7e-m+fp/hard/libc_nano.a(libc_a-mallocr.o)
 .ARM.attributes
                0x0000000000000acf       0x34 /Applications/STM32CubeIDE.app/Contents/Eclipse/plugins/com.st.stm32cube.ide.mcu.externaltools.gnu-tools-for-stm32.11.3.rel1.macos64_1.1.100.202310310803/tools/bin/../lib/gcc/arm-none-eabi/11.3.1/../../../../arm-none-eabi/lib/thumb/v7e-m+fp/hard/libc_nano.a(libc_a-mlock.o)
 .ARM.attributes
                0x0000000000000b03       0x1e /Applications/STM32CubeIDE.app/Contents/Eclipse/plugins/com.st.stm32cube.ide.mcu.externaltools.gnu-tools-for-stm32.11.3.rel1.macos64_1.1.100.202310310803/tools/bin/../lib/gcc/arm-none-eabi/11.3.1/thumb/v7e-m+fp/hard/crtn.o
OUTPUT(Geode_FW.elf elf32-littlearm)
LOAD linker stubs
LOAD /Applications/STM32CubeIDE.app/Contents/Eclipse/plugins/com.st.stm32cube.ide.mcu.externaltools.gnu-tools-for-stm32.11.3.rel1.macos64_1.1.100.202310310803/tools/bin/../lib/gcc/arm-none-eabi/11.3.1/../../../../arm-none-eabi/lib/thumb/v7e-m+fp/hard/libc.a
LOAD /Applications/STM32CubeIDE.app/Contents/Eclipse/plugins/com.st.stm32cube.ide.mcu.externaltools.gnu-tools-for-stm32.11.3.rel1.macos64_1.1.100.202310310803/tools/bin/../lib/gcc/arm-none-eabi/11.3.1/../../../../arm-none-eabi/lib/thumb/v7e-m+fp/hard/libm.a
LOAD /Applications/STM32CubeIDE.app/Contents/Eclipse/plugins/com.st.stm32cube.ide.mcu.externaltools.gnu-tools-for-stm32.11.3.rel1.macos64_1.1.100.202310310803/tools/bin/../lib/gcc/arm-none-eabi/11.3.1/thumb/v7e-m+fp/hard/libgcc.a

.comment        0x0000000000000000       0x43
 .comment       0x0000000000000000       0x43 /Applications/STM32CubeIDE.app/Contents/Eclipse/plugins/com.st.stm32cube.ide.mcu.externaltools.gnu-tools-for-stm32.11.3.rel1.macos64_1.1.100.202310310803/tools/bin/../lib/gcc/arm-none-eabi/11.3.1/thumb/v7e-m+fp/hard/crtbegin.o
                                         0x44 (size before relaxing)
 .comment       0x0000000000000043       0x44 ./Core/Src/crc.o
 .comment       0x0000000000000043       0x44 ./Core/Src/fdcan.o
 .comment       0x0000000000000043       0x44 ./Core/Src/freertos.o