Archive member included to satisfy reference by file (symbol)

/Applications/STM32CubeIDE.app/Contents/Eclipse/plugins/com.st.stm32cube.ide.mcu.externaltools.gnu-tools-for-stm32.11.3.rel1.macos64_1.1.100.202310310803/tools/bin/../lib/gcc/arm-none-eabi/11.3.1/../../../../arm-none-eabi/lib/thumb/v7e-m+fp/hard/libstdc++_nano.a(del_ops.o)
                              ./System/Thread/Src/FDCANTerminal.o (operator delete(void*, unsigned int))
/Applications/STM32CubeIDE.app/Contents/Eclipse/plugins/com.st.stm32cube.ide.mcu.externaltools.gnu-tools-for-stm32.11.3.rel1.macos64_1.1.100.202310310803/tools/bin/../lib/gcc/arm-none-eabi/11.3.1/../../../../arm-none-eabi/lib/thumb/v7e-m+fp/hard/libstdc++_nano.a(guard.o)
                              ./System/Core/Src/Communication.o (__cxa_guard_acquire)
/Applications/STM32CubeIDE.app/Contents/Eclipse/plugins/com.st.stm32cube.ide.mcu.externaltools.gnu-tools-for-stm32.11.3.rel1.macos64_1.1.100.202310310803/tools/bin/../lib/gcc/arm-none-eabi/11.3.1/../../../../arm-none-eabi/lib/thumb/v7e-m+fp/hard/libstdc++_nano.a(new_op.o)
                              ./System/Core/Src/Communication.o (operator new(unsigned int))
/Applications/STM32CubeIDE.app/Contents/Eclipse/plugins/com.st.stm32cube.ide.mcu.externaltools.gnu-tools-for-stm32.11.3.rel1.macos64_1.1.100.202310310803/tools/bin/../lib/gcc/arm-none-eabi/11.3.1/../../../../arm-none-eabi/lib/thumb/v7e-m+fp/hard/libstdc++_nano.a(del_op.o)
                              /Applications/STM32CubeIDE.app/Contents/Eclipse/plugins/com.st.stm32cube.ide.mcu.externaltools.gnu-tools-for-stm32.11.3.rel1.macos64_1.1.100.202310310803/tools/bin/../lib/gcc/arm-none-eabi/11.3.1/../../../../arm-none-eabi/lib/thumb/v7e-m+fp/hard/libstdc++_nano.a(del_ops.o) (operator delete(void*))
/Applications/STM32CubeIDE.app/Contents/Eclipse/plugins/com.st.stm32cube.ide.mcu.externaltools.gnu-tools-for-stm32.11.3.rel1.macos64_1.1.100.202310310803/tools/bin/../lib/gcc/arm-none-eabi/11.3.1/../../../../arm-none-eabi/lib/thumb/v7e-m+fp/hard/libstdc++_nano.a(new_handler.o)
                              /Applications/STM32CubeIDE.app/Contents/Eclipse/plugins/com.st.stm32cube.ide.mcu.externaltools.gnu-tools-for-stm32.11.3.rel1.macos64_1.1.100.202310310803/tools/bin/../lib/gcc/arm-none-eabi/11.3.1/../../../../arm-none-eabi/lib/thumb/v7e-m+fp/hard/libstdc++_nano.a(new_op.o) (std::get_new_handler())
/Applications/STM32CubeIDE.app/Contents/Eclipse/plugins/com.st.stm32cube.ide.mcu.externaltools.gnu-tools-for-stm32.11.3.rel1.macos64_1.1.100.202310310803/tools/bin/../lib/gcc/arm-none-eabi/11.3.1/../../../../arm-none-eabi/lib/thumb/v7e-m+fp/hard/libc_nano.a(libc_a-abort.o)
                              /Applications/STM32CubeIDE.app/Contents/Eclipse/plugins/com.st.stm32cube.ide.mcu.externaltools.gnu-tools-for-stm32.11.3.rel1.macos64_1.1.100.202310310803/tools/bin/../lib/gcc/arm-none-eabi/11.3.1/../../../../arm-none-eabi/lib/thumb/v7e-m+fp/hard/libstdc++_nano.a(new_op.o) (abort)
/Applications/STM32CubeIDE.app/Contents/Eclipse/plugins/com.st.stm32cube.ide.mcu.externaltools.gnu-tools-for-stm32.11.3.rel1.macos64_1.1.100.202310310803/tools/bin/../lib/gcc/arm-none-eabi/11.3.1/../../../../arm-none-eabi/lib/thumb/v7e-m+fp/hard/libc_nano.a(libc_a-exit.o)
                              /Applications/STM32CubeIDE.app/Contents/Eclipse/plugins/com.st.stm32cube.ide.mcu.externaltools.gnu-tools-for-stm32.11.3.rel1.macos64_1.1.100.202310310803/tools/bin/../lib/gcc/arm-none-eabi/11.3.1/../../../../arm-none-eabi/lib/thumb/v7e-m+fp/hard/crt0.o (exit)
/Applications/STM32CubeIDE.app/Contents/Eclipse/plugins/com.st.stm32cube.ide.mcu.externaltools.gnu-tools-for-stm32.11.3.rel1.macos64_1.1.100.202310310803/tools/bin/../lib/gcc/arm-none-eabi/11.3.1/../../../../arm-none-eabi/lib/thumb/v7e-m+fp/hard/libc_nano.a(libc_a-malloc.o)
                              /Applications/STM32CubeIDE.app/Contents/Eclipse/plugins/com.st.stm32cube.ide.mcu.externaltools.gnu-tools-for-stm32.11.3.rel1.macos64_1.1.100.202310310803/tools/bin/../lib/gcc/arm-none-eabi/11.3.1/../../../../arm-none-eabi/lib/thumb/v7e-m+fp/hard/libstdc++_nano.a(new_op.o) (malloc)
/Applications/STM32CubeIDE.app/Contents/Eclipse/plugins/com.st.stm32cube.ide.mcu.externaltools.gnu-tools-for-stm32.11.3.rel1.macos64_1.1.100.202310310803/tools/bin/../lib/gcc/arm-none-eabi/11.3.1/../../../../arm-none-eabi/lib/thumb/v7e-m+fp/hard/libc_nano.a(libc_a-mallocr.o)
                              /Applications/STM32CubeIDE.app/Contents/Eclipse/plugins/com.st.stm32cube.ide.mcu.externaltools.gnu-tools-for-stm32.11.3.rel1.macos64_1.1.100.202310310803/tools/bin/../lib/gcc/arm-none-eabi/11.3.1/../../../../arm-none-eabi/lib/thumb/v7e-m+fp/hard/libc_nano.a(libc_a-malloc.o) (_malloc_r)
/Applications/STM32CubeIDE.app/Contents/Eclipse/plugins/com.st.stm32cube.ide.mcu.externaltools.gnu-tools-for-stm32.11.3.rel1.macos64_1.1.100.202310310803/tools/bin/../lib/gcc/arm-none-eabi/11.3.1/../../../../arm-none-eabi/lib/thumb/v7e-m+fp/hard/libc_nano.a(libc_a-mlock.o)
[...]
Memory Configuration

Name             Origin             Length             Attributes
RAM              0x0000000020000000 0x0000000000020000 xrw
FLASH            0x0000000008000000 0x0000000000080000 xr
*default*        0x0000000000000000 0xffffffffffffffff

Linker script and memory map

LOAD /Applications/STM32CubeIDE.app/Contents/Eclipse/plugins/com.st.stm32cube.ide.mcu.externaltools.gnu-tools-for-stm32.11.3.rel1.macos64_1.1.100.202310310803/tools/bin/../lib/gcc/arm-none-eabi/11.3.1/thumb/v7e-m+fp/hard/crti.o
LOAD /Applications/STM32CubeIDE.app/Contents/Eclipse/plugins/com.st.stm32cube.ide.mcu.externaltools.gnu-tools-for-stm32.11.3.rel1.macos64_1.1.100.202310310803/tools/bin/../lib/gcc/arm-none-eabi/11.3.1/thumb/v7e-m+fp/hard/crtbegin.o
LOAD /Applications/STM32CubeIDE.app/Contents/Eclipse/plugins/com.st.stm32cube.ide.mcu.externaltools.gnu-tools-for-stm32.11.3.rel1.macos64_1.1.100.202310310803/tools/bin/../lib/gcc/arm-none-eabi/11.3.1/../../../../arm-none-eabi/lib/thumb/v7e-m+fp/hard/crt0.o
LOAD ./Core/Src/crc.o
LOAD ./Core/Src/fdcan.o
LOAD ./Core/Src/freertos.o
LOAD ./Core/Src/gpio.o
LOAD ./Core/Src/i2c.o
LOAD ./Core/Src/iwdg.o
LOAD ./Core/Src/main.o
LOAD ./Core/Src/spi.o
LOAD ./Core/Src/stm32g4xx_hal_msp.o
LOAD ./Core/Src/stm32g4xx_it.o
LOAD ./Core/Src/syscalls.o
LOAD ./Core/Src/sysmem.o
LOAD ./Core/Src/system_stm32g4xx.o
LOAD ./Core/Startup/startup_stm32g483retx.o
LOAD ./Drivers/STM32G4xx_HAL_Driver/Src/stm32g4xx_hal.o
LOAD ./Drivers/STM32G4xx_HAL_Driver/Src/stm32g4xx_hal_cortex.o
LOAD ./Drivers/STM32G4xx_HAL_Driver/Src/stm32g4xx_hal_crc.o
LOAD ./Drivers/STM32G4xx_HAL_Driver/Src/stm32g4xx_hal_crc_ex.o
LOAD ./Drivers/STM32G4xx_HAL_Driver/Src/stm32g4xx_hal_dma.o
LOAD ./Drivers/STM32G4xx_HAL_Driver/Src/stm32g4xx_hal_dma_ex.o
LOAD ./Drivers/STM32G4xx_HAL_Driver/Src/stm32g4xx_hal_exti.o
LOAD ./Drivers/STM32G4xx_HAL_Driver/Src/stm32g4xx_hal_fdcan.o
LOAD ./Drivers/STM32G4xx_HAL_Driver/Src/stm32g4xx_hal_flash.o
LOAD ./Drivers/STM32G4xx_HAL_Driver/Src/stm32g4xx_hal_flash_ex.o
LOAD ./Drivers/STM32G4xx_HAL_Driver/Src/stm32g4xx_hal_flash_ramfunc.o
LOAD ./Drivers/STM32G4xx_HAL_Driver/Src/stm32g4xx_hal_gpio.o
LOAD ./Drivers/STM32G4xx_HAL_Driver/Src/stm32g4xx_hal_i2c.o
LOAD ./Drivers/STM32G4xx_HAL_Driver/Src/stm32g4xx_hal_i2c_ex.o
LOAD ./Drivers/STM32G4xx_HAL_Driver/Src/stm32g4xx_hal_iwdg.o
LOAD ./Drivers/STM32G4xx_HAL_Driver/Src/stm32g4xx_hal_pcd.o
LOAD ./Drivers/STM32G4xx_HAL_Driver/Src/stm32g4xx_hal_pcd_ex.o
LOAD ./Drivers/STM32G4xx_HAL_Driver/Src/stm32g4xx_hal_pwr.o
LOAD ./Drivers/STM32G4xx_HAL_Driver/Src/stm32g4xx_hal_pwr_ex.o
LOAD ./Drivers/STM32G4xx_HAL_Driver/Src/stm32g4xx_hal_rcc.o
LOAD ./Drivers/STM32G4xx_HAL_Driver/Src/stm32g4xx_hal_rcc_ex.o
LOAD ./Drivers/STM32G4xx_HAL_Driver/Src/stm32g4xx_hal_spi.o
LOAD ./Drivers/STM32G4xx_HAL_Driver/Src/stm32g4xx_hal_spi_ex.o
LOAD ./Drivers/STM32G4xx_HAL_Driver/Src/stm32g4xx_hal_tim.o
LOAD ./Drivers/STM32G4xx_HAL_Driver/Src/stm32g4xx_hal_tim_ex.o
LOAD ./Drivers/STM32G4xx_HAL_Driver/Src/stm32g4xx_ll_usb.o
LOAD ./Middlewares/ST/STM32_USB_Device_Library/Class/CDC/Src/usbd_cdc.o
LOAD ./Middlewares/ST/STM32_USB_Device_Library/Core/Src/usbd_core.o
LOAD ./Middlewares/ST/STM32_USB_Device_Library/Core/Src/usbd_ctlreq.o
LOAD ./Middlewares/ST/STM32_USB_Device_Library/Core/Src/usbd_ioreq.o
LOAD ./Middlewares/Third_Party/FreeRTOS/Source/CMSIS_RTOS_V2/cmsis_os2.o
LOAD ./Middlewares/Third_Party/FreeRTOS/Source/croutine.o
LOAD ./Middlewares/Third_Party/FreeRTOS/Source/event_groups.o
LOAD ./Middlewares/Third_Party/FreeRTOS/Source/list.o
LOAD ./Middlewares/Third_Party/FreeRTOS/Source/queue.o
LOAD ./Middlewares/Third_Party/FreeRTOS/Source/stream_buffer.o
LOAD ./Middlewares/Third_Party/FreeRTOS/Source/tasks.o
LOAD ./Middlewares/Third_Party/FreeRTOS/Source/timers.o
LOAD ./Middlewares/Third_Party/FreeRTOS/Source/portable/GCC/ARM_CM4F/port.o
LOAD ./Middlewares/Third_Party/FreeRTOS/Source/portable/MemMang/heap_4.o
LOAD ./System/Core/Src/Communication.o
LOAD ./System/Core/Src/System.o
LOAD ./System/Thread/Src/FDCANTerminal.o
LOAD ./System/Thread/Src/PowerMonitor.o
LOAD ./System/Thread/Src/Thread.o
LOAD ./USB_Device/App/usb_device.o
LOAD ./USB_Device/App/usbd_cdc_if.o
LOAD ./USB_Device/App/usbd_desc.o
LOAD ./USB_Device/Target/usbd_conf.o
START GROUP
LOAD /Applications/STM32CubeIDE.app/Contents/Eclipse/plugins/com.st.stm32cube.ide.mcu.externaltools.gnu-tools-for-stm32.11.3.rel1.macos64_1.1.100.202310310803/tools/bin/../lib/gcc/arm-none-eabi/11.3.1/../../../../arm-none-eabi/lib/thumb/v7e-m+fp/hard/libstdc++_nano.a
LOAD /Applications/STM32CubeIDE.app/Contents/Eclipse/plugins/com.st.stm32cube.ide.mcu.externaltools.gnu-tools-for-stm32.11.3.rel1.macos64_1.1.100.202310310803/tools/bin/../lib/gcc/arm-none-eabi/11.3.1/../../../../arm-none-eabi/lib/thumb/v7e-m+fp/hard/libsupc++_nano.a
END GROUP
LOAD /Applications/STM32CubeIDE.app/Contents/Eclipse/plugins/com.st.stm32cube.ide.mcu.externaltools.gnu-tools-for-stm32.11.3.rel1.macos64_1.1.100.202310310803/tools/bin/../lib/gcc/arm-none-eabi/11.3.1/../../../../arm-none-eabi/lib/thumb/v7e-m+fp/hard/libstdc++_nano.a
LOAD /Applications/STM32CubeIDE.app/Contents/Eclipse/plugins/com.st.stm32cube.ide.mcu.externaltools.gnu-tools-for-stm32.11.3.rel1.macos64_1.1.100.202310310803/tools/bin/../lib/gcc/arm-none-eabi/11.3.1/../../../../arm-none-eabi/lib/thumb/v7e-m+fp/hard/libm.a
LOAD /Applications/STM32CubeIDE.app/Contents/Eclipse/plugins/com.st.stm32cube.ide.mcu.externaltools.gnu-tools-for-stm32.11.3.rel1.macos64_1.1.100.202310310803/tools/bin/../lib/gcc/arm-none-eabi/11.3.1/../../../../arm-none-eabi/lib/thumb/v7e-m+fp/hard/libc_nano.a
START GROUP
LOAD /Applications/STM32CubeIDE.app/Contents/Eclipse/plugins/com.st.stm32cube.ide.mcu.externaltools.gnu-tools-for-stm32.11.3.rel1.macos64_1.1.100.202310310803/tools/bin/../lib/gcc/arm-none-eabi/11.3.1/thumb/v7e-m+fp/hard/libgcc.a
LOAD /Applications/STM32CubeIDE.app/Contents/Eclipse/plugins/com.st.stm32cube.ide.mcu.externaltools.gnu-tools-for-stm32.11.3.rel1.macos64_1.1.100.202310310803/tools/bin/../lib/gcc/arm-none-eabi/11.3.1/../../../../arm-none-eabi/lib/thumb/v7e-m+fp/hard/libc_nano.a
END GROUP
START GROUP
LOAD /Applications/STM32CubeIDE.app/Contents/Eclipse/plugins/com.st.stm32cube.ide.mcu.externaltools.gnu-tools-for-stm32.11.3.rel1.macos64_1.1.100.202310310803/tools/bin/../lib/gcc/arm-none-eabi/11.3.1/thumb/v7e-m+fp/hard/libgcc.a
LOAD /Applications/STM32CubeIDE.app/Contents/Eclipse/plugins/com.st.stm32cube.ide.mcu.externaltools.gnu-tools-for-stm32.11.3.rel1.macos64_1.1.100.202310310803/tools/bin/../lib/gcc/arm-none-eabi/11.3.1/../../../../arm-none-eabi/lib/thumb/v7e-m+fp/hard/libc_nano.a
LOAD /Applications/STM32CubeIDE.app/Contents/Eclipse/plugins/com.st.stm32cube.ide.mcu.externaltools.gnu-tools-for-stm32.11.3.rel1.macos64_1.1.100.202310310803/tools/bin/../lib/gcc/arm-none-eabi/11.3.1/../../../../arm-none-eabi/lib/thumb/v7e-m+fp/hard/libnosys.a
END GROUP
START GROUP
LOAD /Applications/STM32CubeIDE.app/Contents/Eclipse/plugins/com.st.stm32cube.ide.mcu.externaltools.gnu-tools-for-stm32.11.3.rel1.macos64_1.1.100.202310310803/tools/bin/../lib/gcc/arm-none-eabi/11.3.1/thumb/v7e-m+fp/hard/libgcc.a
LOAD /Applications/STM32CubeIDE.app/Contents/Eclipse/plugins/com.st.stm32cube.ide.mcu.externaltools.gnu-tools-for-stm32.11.3.rel1.macos64_1.1.100.202310310803/tools/bin/../lib/gcc/arm-none-eabi/11.3.1/../../../../arm-none-eabi/lib/thumb/v7e-m+fp/hard/libc_nano.a
LOAD /Applications/STM32CubeIDE.app/Contents/Eclipse/plugins/com.st.stm32cube.ide.mcu.externaltools.gnu-tools-for-stm32.11.3.rel1.macos64_1.1.100.202310310803/tools/bin/../lib/gcc/arm-none-eabi/11.3.1/../../../../arm-none-eabi/lib/thumb/v7e-m+fp/hard/libnosys.a
END GROUP
LOAD /Applications/STM32CubeIDE.app/Contents/Eclipse/plugins/com.st.stm32cube.ide.mcu.externaltools.gnu-tools-for-stm32.11.3.rel1.macos64_1.1.100.202310310803/tools/bin/../lib/gcc/arm-none-eabi/11.3.1/thumb/v7e-m+fp/hard/crtend.o
LOAD /Applications/STM32CubeIDE.app/Contents/Eclipse/plugins/com.st.stm32cube.ide.mcu.externaltools.gnu-tools-for-stm32.11.3.rel1.macos64_1.1.100.202310310803/tools/bin/../lib/gcc/arm-none-eabi/11.3.1/thumb/v7e-m+fp/hard/crtn.o
                0x0000000020020000                _estack = (ORIGIN (RAM) + LENGTH (RAM))
                0x0000000000000200                _Min_Heap_Size = 0x200
                0x0000000000000400                _Min_Stack_Size = 0x400

.isr_vector     0x0000000008000000      0x1d8
                0x0000000008000000                . = ALIGN (0x4)
 *(.isr_vector)
 .isr_vector    0x0000000008000000      0x1d8 ./Core/Startup/startup_stm32g483retx.o
                0x0000000008000000                g_pfnVectors
                0x00000000080001d8                . = ALIGN (0x4)

.text           0x00000000080001e0     0xc4a4
                0x00000000080001e0                . = ALIGN (0x4)
 *(.text)
 .text          0x00000000080001e0       0x40 /Applications/STM32CubeIDE.app/Contents/Eclipse/plugins/com.st.stm32cube.ide.mcu.externaltools.gnu-tools-for-stm32.11.3.rel1.macos64_1.1.100.202310310803/tools/bin/../lib/gcc/arm-none-eabi/11.3.1/thumb/v7e-m+fp/hard/crtbegin.o
 .text          0x0000000008000220       0x10 /Applications/STM32CubeIDE.app/Contents/Eclipse/plugins/com.st.stm32cube.ide.mcu.externaltools.gnu-tools-for-stm32.11.3.rel1.macos64_1.1.100.202310310803/tools/bin/../lib/gcc/arm-none-eabi/11.3.1/../../../../arm-none-eabi/lib/thumb/v7e-m+fp/hard/libc_nano.a(libc_a-strlen.o)
                0x0000000008000220                strlen
 .text          0x0000000008000230       0x14 /Applications/STM32CubeIDE.app/Contents/Eclipse/plugins/com.st.stm32cube.ide.mcu.externaltools.gnu-tools-for-stm32.11.3.rel1.macos64_1.1.100.202310310803/tools/bin/../lib/gcc/arm-none-eabi/11.3.1/../../../../arm-none-eabi/lib/thumb/v7e-m+fp/hard/libc_nano.a(libc_a-strcmp.o)
                0x0000000008000230                strcmp
 *(.text*)
 .text.MX_CRC_Init
                0x0000000008000244       0x58 ./Core/Src/crc.o
                0x0000000008000244                MX_CRC_Init
 .text.HAL_CRC_MspInit
                0x000000000800029c       0x40 ./Core/Src/crc.o
                0x000000000800029c                HAL_CRC_MspInit
 .text.MX_FDCAN1_Init
                0x00000000080002dc       0x8c ./Core/Src/fdcan.o
                0x00000000080002dc                MX_FDCAN1_Init
 .text.MX_FDCAN2_Init
                0x0000000008000368       0x8c ./Core/Src/fdcan.o
                0x0000000008000368                MX_FDCAN2_Init
 .text.HAL_FDCAN_MspInit
                0x00000000080003f4      0x160 ./Core/Src/fdcan.o
                0x00000000080003f4                HAL_FDCAN_MspInit
 .text.MX_FREERTOS_Init
                0x0000000008000554       0x10 ./Core/Src/freertos.o
                0x0000000008000554                MX_FREERTOS_Init
 .text.MX_GPIO_Init
                0x0000000008000564      0x1a4 ./Core/Src/gpio.o
                0x0000000008000564                MX_GPIO_Init
 .text.MX_I2C2_Init
                0x0000000008000708       0x80 ./Core/Src/i2c.o
                0x0000000008000708                MX_I2C2_Init
 .text.MX_I2C3_Init
                0x0000000008000788       0x80 ./Core/Src/i2c.o
                0x0000000008000788                MX_I2C3_Init
 .text.HAL_I2C_MspInit
                0x0000000008000808      0x134 ./Core/Src/i2c.o
                0x0000000008000808                HAL_I2C_MspInit
 .text.MX_IWDG_Init
                0x000000000800093c       0x3c ./Core/Src/iwdg.o
                0x000000000800093c                MX_IWDG_Init
 .text.main     0x0000000008000978       0x42 ./Core/Src/main.o
                0x0000000008000978                main
 .text.SystemClock_Config
                0x00000000080009ba       0x98 ./Core/Src/main.o
                0x00000000080009ba                SystemClock_Config
 .text.Error_Handler
                0x0000000008000a52        0xa ./Core/Src/main.o
                0x0000000008000a52                Error_Handler
 .text.MX_SPI1_Init
                0x0000000008000a5c       0x7c ./Core/Src/spi.o
                0x0000000008000a5c                MX_SPI1_Init
 .text.MX_SPI2_Init
                0x0000000008000ad8       0x7c ./Core/Src/spi.o
                0x0000000008000ad8                MX_SPI2_Init
 .text.MX_SPI3_Init
                0x0000000008000b54       0x7c ./Core/Src/spi.o
                0x0000000008000b54                MX_SPI3_Init
 .text.HAL_SPI_MspInit
                0x0000000008000bd0      0x18c ./Core/Src/spi.o
                0x0000000008000bd0                HAL_SPI_MspInit
 .text.HAL_MspInit
                0x0000000008000d5c       0x50 ./Core/Src/stm32g4xx_hal_msp.o
                0x0000000008000d5c                HAL_MspInit
 .text.NMI_Handler
                0x0000000008000dac        0x6 ./Core/Src/stm32g4xx_it.o
                0x0000000008000dac                NMI_Handler
 .text.HardFault_Handler
                0x0000000008000db2        0x6 ./Core/Src/stm32g4xx_it.o
                0x0000000008000db2                HardFault_Handler
 .text.MemManage_Handler
                0x0000000008000db8        0x6 ./Core/Src/stm32g4xx_it.o
                0x0000000008000db8                MemManage_Handler
 .text.BusFault_Handler
                0x0000000008000dbe        0x6 ./Core/Src/stm32g4xx_it.o
                0x0000000008000dbe                BusFault_Handler
 .text.UsageFault_Handler
                0x0000000008000dc4        0x6 ./Core/Src/stm32g4xx_it.o
                0x0000000008000dc4                UsageFault_Handler
 .text.DebugMon_Handler
                0x0000000008000dca        0xe ./Core/Src/stm32g4xx_it.o
                0x0000000008000dca                DebugMon_Handler
 .text.SysTick_Handler
                0x0000000008000dd8       0x1a ./Core/Src/stm32g4xx_it.o
                0x0000000008000dd8                SysTick_Handler
 *fill*         0x0000000008000df2        0x2 
 .text.USB_LP_IRQHandler
                0x0000000008000df4       0x14 ./Core/Src/stm32g4xx_it.o
                0x0000000008000df4                USB_LP_IRQHandler
 .text._getpid  0x0000000008000e08       0x10 ./Core/Src/syscalls.o
                0x0000000008000e08                _getpid
 .text._kill    0x0000000008000e18       0x20 ./Core/Src/syscalls.o
                0x0000000008000e18                _kill
 .text._exit    0x0000000008000e38       0x14 ./Core/Src/syscalls.o
                0x0000000008000e38                _exit
 .text._sbrk    0x0000000008000e4c       0x6c ./Core/Src/sysmem.o
                0x0000000008000e4c                _sbrk
 .text.SystemInit
                0x0000000008000eb8       0x24 ./Core/Src/system_stm32g4xx.o
                0x0000000008000eb8                SystemInit
 .text.Reset_Handler
                0x0000000008000edc       0x50 ./Core/Startup/startup_stm32g483retx.o
                0x0000000008000edc                Reset_Handler
 .text.Default_Handler
                0x0000000008000f2c        0x2 ./Core/Startup/startup_stm32g483retx.o
                0x0000000008000f2c                TIM1_BRK_TIM15_IRQHandler
                0x0000000008000f2c                EXTI2_IRQHandler
                0x0000000008000f2c                TIM8_TRG_COM_IRQHandler
                0x0000000008000f2c                TIM8_CC_IRQHandler
                0x0000000008000f2c                SPI4_IRQHandler
                0x0000000008000f2c                FDCAN3_IT0_IRQHandler
                0x0000000008000f2c                TIM1_CC_IRQHandler
                0x0000000008000f2c                USB_HP_IRQHandler
                0x0000000008000f2c                CORDIC_IRQHandler
                0x0000000008000f2c                DMA2_Channel8_IRQHandler
                0x0000000008000f2c                EXTI3_IRQHandler
                0x0000000008000f2c                I2C3_ER_IRQHandler
                0x0000000008000f2c                EXTI0_IRQHandler
                0x0000000008000f2c                I2C2_EV_IRQHandler
                0x0000000008000f2c                FPU_IRQHandler
                0x0000000008000f2c                FDCAN1_IT1_IRQHandler
                0x0000000008000f2c                TIM1_UP_TIM16_IRQHandler
                0x0000000008000f2c                ADC1_2_IRQHandler
                0x0000000008000f2c                SPI1_IRQHandler
                0x0000000008000f2c                TIM6_DAC_IRQHandler
                0x0000000008000f2c                TIM8_UP_IRQHandler
                0x0000000008000f2c                DMA2_Channel2_IRQHandler
                0x0000000008000f2c                DMA1_Channel4_IRQHandler
                0x0000000008000f2c                TIM20_TRG_COM_IRQHandler
                0x0000000008000f2c                USART3_IRQHandler
                0x0000000008000f2c                DMA1_Channel7_IRQHandler
                0x0000000008000f2c                UART5_IRQHandler
                0x0000000008000f2c                ADC3_IRQHandler
                0x0000000008000f2c                TIM4_IRQHandler
                0x0000000008000f2c                DMA2_Channel1_IRQHandler
                0x0000000008000f2c                QUADSPI_IRQHandler
                0x0000000008000f2c                I2C1_EV_IRQHandler
                0x0000000008000f2c                DMA1_Channel6_IRQHandler
                0x0000000008000f2c                UART4_IRQHandler
                0x0000000008000f2c                DMA2_Channel4_IRQHandler
                0x0000000008000f2c                TIM3_IRQHandler
                0x0000000008000f2c                RCC_IRQHandler
                0x0000000008000f2c                TIM20_UP_IRQHandler
                0x0000000008000f2c                DMA1_Channel1_IRQHandler
                0x0000000008000f2c                Default_Handler
                0x0000000008000f2c                DMA2_Channel7_IRQHandler
                0x0000000008000f2c                RTC_TAMP_LSECSS_IRQHandler
                0x0000000008000f2c                FMAC_IRQHandler
                0x0000000008000f2c                EXTI15_10_IRQHandler
                0x0000000008000f2c                DMA1_Channel8_IRQHandler
                0x0000000008000f2c                TIM7_DAC_IRQHandler
                0x0000000008000f2c                FDCAN3_IT1_IRQHandler
                0x0000000008000f2c                TIM5_IRQHandler
                0x0000000008000f2c                UCPD1_IRQHandler
                0x0000000008000f2c                I2C3_EV_IRQHandler
                0x0000000008000f2c                EXTI9_5_IRQHandler
                0x0000000008000f2c                RTC_WKUP_IRQHandler
                0x0000000008000f2c                PVD_PVM_IRQHandler
                0x0000000008000f2c                SPI2_IRQHandler
                0x0000000008000f2c                ADC5_IRQHandler
                0x0000000008000f2c                DMA2_Channel5_IRQHandler
                0x0000000008000f2c                CRS_IRQHandler
                0x0000000008000f2c                DMA1_Channel5_IRQHandler
                0x0000000008000f2c                EXTI4_IRQHandler
                0x0000000008000f2c                RNG_IRQHandler
                0x0000000008000f2c                TIM1_TRG_COM_TIM17_IRQHandler
                0x0000000008000f2c                FDCAN2_IT1_IRQHandler
                0x0000000008000f2c                DMA1_Channel3_IRQHandler
                0x0000000008000f2c                ADC4_IRQHandler
                0x0000000008000f2c                WWDG_IRQHandler
                0x0000000008000f2c                I2C4_EV_IRQHandler
                0x0000000008000f2c                FDCAN2_IT0_IRQHandler
                0x0000000008000f2c                LPUART1_IRQHandler
                0x0000000008000f2c                DMA2_Channel6_IRQHandler
                0x0000000008000f2c                FDCAN1_IT0_IRQHandler
                0x0000000008000f2c                TIM2_IRQHandler
                0x0000000008000f2c                COMP7_IRQHandler
                0x0000000008000f2c                COMP1_2_3_IRQHandler
                0x0000000008000f2c                EXTI1_IRQHandler
                0x0000000008000f2c                AES_IRQHandler
                0x0000000008000f2c                USART2_IRQHandler
                0x0000000008000f2c                COMP4_5_6_IRQHandler
                0x0000000008000f2c                TIM20_BRK_IRQHandler
                0x0000000008000f2c                I2C2_ER_IRQHandler
                0x0000000008000f2c                DMA1_Channel2_IRQHandler
                0x0000000008000f2c                TIM8_BRK_IRQHandler
                0x0000000008000f2c                FLASH_IRQHandler
                0x0000000008000f2c                TIM20_CC_IRQHandler
                0x0000000008000f2c                USART1_IRQHandler
                0x0000000008000f2c                SPI3_IRQHandler
                0x0000000008000f2c                I2C1_ER_IRQHandler
                0x0000000008000f2c                FMC_IRQHandler
                0x0000000008000f2c                LPTIM1_IRQHandler
                0x0000000008000f2c                DMAMUX_OVR_IRQHandler
                0x0000000008000f2c                I2C4_ER_IRQHandler
                0x0000000008000f2c                USBWakeUp_IRQHandler
                0x0000000008000f2c                SAI1_IRQHandler
                0x0000000008000f2c                DMA2_Channel3_IRQHandler
                0x0000000008000f2c                RTC_Alarm_IRQHandler
 .text.HAL_Init
                0x0000000008000f2e       0x30 ./Drivers/STM32G4xx_HAL_Driver/Src/stm32g4xx_hal.o
                0x0000000008000f2e                HAL_Init
 *fill*         0x0000000008000f5e        0x2 
 .text.HAL_InitTick
                0x0000000008000f60       0x74 ./Drivers/STM32G4xx_HAL_Driver/Src/stm32g4xx_hal.o
                0x0000000008000f60                HAL_InitTick
 .text.HAL_IncTick
                0x0000000008000fd4       0x24 ./Drivers/STM32G4xx_HAL_Driver/Src/stm32g4xx_hal.o
                0x0000000008000fd4                HAL_IncTick
 .text.HAL_GetTick
                0x0000000008000ff8       0x18 ./Drivers/STM32G4xx_HAL_Driver/Src/stm32g4xx_hal.o
                0x0000000008000ff8                HAL_GetTick
 .text.__NVIC_SetPriorityGrouping
                0x0000000008001010       0x48 ./Drivers/STM32G4xx_HAL_Driver/Src/stm32g4xx_hal_cortex.o
 .text.__NVIC_GetPriorityGrouping
                0x0000000008001058       0x1c ./Drivers/STM32G4xx_HAL_Driver/Src/stm32g4xx_hal_cortex.o
 .text.__NVIC_SetPriority
                0x0000000008001074       0x54 ./Drivers/STM32G4xx_HAL_Driver/Src/stm32g4xx_hal_cortex.o
 .text.NVIC_EncodePriority
                0x00000000080010c8       0x66 ./Drivers/STM32G4xx_HAL_Driver/Src/stm32g4xx_hal_cortex.o
 *fill*         0x000000000800112e        0x2 
 .text.SysTick_Config
                0x0000000008001130       0x44 ./Drivers/STM32G4xx_HAL_Driver/Src/stm32g4xx_hal_cortex.o
 .text.HAL_NVIC_SetPriorityGrouping
                0x0000000008001174       0x16 ./Drivers/STM32G4xx_HAL_Driver/Src/stm32g4xx_hal_cortex.o
                0x0000000008001174                HAL_NVIC_SetPriorityGrouping
 .text.HAL_NVIC_SetPriority
                0x000000000800118a       0x34 ./Drivers/STM32G4xx_HAL_Driver/Src/stm32g4xx_hal_cortex.o
                0x000000000800118a                HAL_NVIC_SetPriority
 .text.HAL_SYSTICK_Config
                0x00000000080011be       0x18 ./Drivers/STM32G4xx_HAL_Driver/Src/stm32g4xx_hal_cortex.o
                0x00000000080011be                HAL_SYSTICK_Config
 *fill*         0x00000000080011d6        0x2 
 .text.HAL_CRC_Init
                0x00000000080011d8       0xc8 ./Drivers/STM32G4xx_HAL_Driver/Src/stm32g4xx_hal_crc.o
                0x00000000080011d8                HAL_CRC_Init
 .text.HAL_CRCEx_Polynomial_Set
                0x00000000080012a0      0x11c ./Drivers/STM32G4xx_HAL_Driver/Src/stm32g4xx_hal_crc_ex.o
                0x00000000080012a0                HAL_CRCEx_Polynomial_Set
 .text.HAL_FDCAN_Init
                0x00000000080013bc      0x2b4 ./Drivers/STM32G4xx_HAL_Driver/Src/stm32g4xx_hal_fdcan.o
                0x00000000080013bc                HAL_FDCAN_Init
 .text.HAL_FDCAN_ConfigFilter
                0x0000000008001670       0xb4 ./Drivers/STM32G4xx_HAL_Driver/Src/stm32g4xx_hal_fdcan.o
                0x0000000008001670                HAL_FDCAN_ConfigFilter
 .text.HAL_FDCAN_Start
                0x0000000008001724       0x50 ./Drivers/STM32G4xx_HAL_Driver/Src/stm32g4xx_hal_fdcan.o
                0x0000000008001724                HAL_FDCAN_Start
 .text.HAL_FDCAN_AddMessageToTxFifoQ
                0x0000000008001774       0x88 ./Drivers/STM32G4xx_HAL_Driver/Src/stm32g4xx_hal_fdcan.o
                0x0000000008001774                HAL_FDCAN_AddMessageToTxFifoQ
 .text.HAL_FDCAN_GetRxMessage
                0x00000000080017fc      0x210 ./Drivers/STM32G4xx_HAL_Driver/Src/stm32g4xx_hal_fdcan.o
                0x00000000080017fc                HAL_FDCAN_GetRxMessage
 .text.HAL_FDCAN_ActivateNotification
                0x0000000008001a0c      0x1cc ./Drivers/STM32G4xx_HAL_Driver/Src/stm32g4xx_hal_fdcan.o
                0x0000000008001a0c                HAL_FDCAN_ActivateNotification
 .text.FDCAN_CalcultateRamBlockAddresses
                0x0000000008001bd8       0xd8 ./Drivers/STM32G4xx_HAL_Driver/Src/stm32g4xx_hal_fdcan.o
 .text.FDCAN_CopyMessageToRAM
                0x0000000008001cb0       0xf8 ./Drivers/STM32G4xx_HAL_Driver/Src/stm32g4xx_hal_fdcan.o
 .text.HAL_GPIO_Init
                0x0000000008001da8      0x304 ./Drivers/STM32G4xx_HAL_Driver/Src/stm32g4xx_hal_gpio.o
                0x0000000008001da8                HAL_GPIO_Init
 .text.HAL_GPIO_WritePin
                0x00000000080020ac       0x30 ./Drivers/STM32G4xx_HAL_Driver/Src/stm32g4xx_hal_gpio.o
                0x00000000080020ac                HAL_GPIO_WritePin
 .text.HAL_I2C_Init
                0x00000000080020dc      0x136 ./Drivers/STM32G4xx_HAL_Driver/Src/stm32g4xx_hal_i2c.o
                0x00000000080020dc                HAL_I2C_Init
 .text.HAL_I2CEx_ConfigAnalogFilter
                0x0000000008002212       0x96 ./Drivers/STM32G4xx_HAL_Driver/Src/stm32g4xx_hal_i2c_ex.o
                0x0000000008002212                HAL_I2CEx_ConfigAnalogFilter
 .text.HAL_I2CEx_ConfigDigitalFilter
                0x00000000080022a8       0x98 ./Drivers/STM32G4xx_HAL_Driver/Src/stm32g4xx_hal_i2c_ex.o
                0x00000000080022a8                HAL_I2CEx_ConfigDigitalFilter
 .text.HAL_IWDG_Init
                0x0000000008002340       0x9e ./Drivers/STM32G4xx_HAL_Driver/Src/stm32g4xx_hal_iwdg.o
                0x0000000008002340                HAL_IWDG_Init
 .text.HAL_PCD_IRQHandler
                0x00000000080023de      0x24e ./Drivers/STM32G4xx_HAL_Driver/Src/stm32g4xx_hal_pcd.o
                0x00000000080023de                HAL_PCD_IRQHandler
 .text.HAL_PCD_SetAddress
                0x000000000800262c       0x48 ./Drivers/STM32G4xx_HAL_Driver/Src/stm32g4xx_hal_pcd.o
                0x000000000800262c                HAL_PCD_SetAddress
 .text.HAL_PCD_EP_Open
                0x0000000008002674       0xba ./Drivers/STM32G4xx_HAL_Driver/Src/stm32g4xx_hal_pcd.o
                0x0000000008002674                HAL_PCD_EP_Open
 .text.HAL_PCD_EP_Receive
                0x000000000800272e       0x62 ./Drivers/STM32G4xx_HAL_Driver/Src/stm32g4xx_hal_pcd.o
                0x000000000800272e                HAL_PCD_EP_Receive
 .text.HAL_PCD_EP_Transmit
                0x0000000008002790       0x6e ./Drivers/STM32G4xx_HAL_Driver/Src/stm32g4xx_hal_pcd.o
                0x0000000008002790                HAL_PCD_EP_Transmit
 .text.HAL_PCD_EP_SetStall
                0x00000000080027fe       0xa4 ./Drivers/STM32G4xx_HAL_Driver/Src/stm32g4xx_hal_pcd.o
                0x00000000080027fe                HAL_PCD_EP_SetStall
 .text.HAL_PCD_EP_ClrStall
                0x00000000080028a2       0xa8 ./Drivers/STM32G4xx_HAL_Driver/Src/stm32g4xx_hal_pcd.o
                0x00000000080028a2                HAL_PCD_EP_ClrStall
 .text.PCD_EP_ISR_Handler
                0x000000000800294a      0x784 ./Drivers/STM32G4xx_HAL_Driver/Src/stm32g4xx_hal_pcd.o
 .text.HAL_PCD_EP_DB_Receive
                0x00000000080030ce      0x212 ./Drivers/STM32G4xx_HAL_Driver/Src/stm32g4xx_hal_pcd.o
 .text.HAL_PCD_EP_DB_Transmit
                0x00000000080032e0      0x7ec ./Drivers/STM32G4xx_HAL_Driver/Src/stm32g4xx_hal_pcd.o
 .text.HAL_PWREx_ControlVoltageScaling
                0x0000000008003acc      0x148 ./Drivers/STM32G4xx_HAL_Driver/Src/stm32g4xx_hal_pwr_ex.o
                0x0000000008003acc                HAL_PWREx_ControlVoltageScaling
 .text.HAL_RCC_OscConfig
                0x0000000008003c14      0x624 ./Drivers/STM32G4xx_HAL_Driver/Src/stm32g4xx_hal_rcc.o
                0x0000000008003c14                HAL_RCC_OscConfig
 .text.HAL_RCC_ClockConfig
                0x0000000008004238      0x278 ./Drivers/STM32G4xx_HAL_Driver/Src/stm32g4xx_hal_rcc.o
                0x0000000008004238                HAL_RCC_ClockConfig
 .text.HAL_RCC_GetSysClockFreq
                0x00000000080044b0       0xc4 ./Drivers/STM32G4xx_HAL_Driver/Src/stm32g4xx_hal_rcc.o
                0x00000000080044b0                HAL_RCC_GetSysClockFreq
 .text.RCC_GetSysClockFreqFromPLLSource
                0x0000000008004574       0x8c ./Drivers/STM32G4xx_HAL_Driver/Src/stm32g4xx_hal_rcc.o
 .text.HAL_RCCEx_PeriphCLKConfig
                0x0000000008004600      0x49c ./Drivers/STM32G4xx_HAL_Driver/Src/stm32g4xx_hal_rcc_ex.o
                0x0000000008004600                HAL_RCCEx_PeriphCLKConfig
 .text.HAL_SPI_Init
                0x0000000008004a9c      0x156 ./Drivers/STM32G4xx_HAL_Driver/Src/stm32g4xx_hal_spi.o
                0x0000000008004a9c                HAL_SPI_Init
 .text.HAL_SPI_Transmit
                0x0000000008004bf2      0x2ea ./Drivers/STM32G4xx_HAL_Driver/Src/stm32g4xx_hal_spi.o
                0x0000000008004bf2                HAL_SPI_Transmit
 .text.HAL_SPI_TransmitReceive
                0x0000000008004edc      0x444 ./Drivers/STM32G4xx_HAL_Driver/Src/stm32g4xx_hal_spi.o
                0x0000000008004edc                HAL_SPI_TransmitReceive
 .text.SPI_WaitFlagStateUntilTimeout
                0x0000000008005320      0x110 ./Drivers/STM32G4xx_HAL_Driver/Src/stm32g4xx_hal_spi.o
 .text.SPI_WaitFifoStateUntilTimeout
                0x0000000008005430      0x12c ./Drivers/STM32G4xx_HAL_Driver/Src/stm32g4xx_hal_spi.o
 .text.SPI_EndRxTxTransaction
                0x000000000800555c       0x8c ./Drivers/STM32G4xx_HAL_Driver/Src/stm32g4xx_hal_spi.o
 .text.USB_ActivateEndpoint
                0x00000000080055e8      0x788 ./Drivers/STM32G4xx_HAL_Driver/Src/stm32g4xx_ll_usb.o
                0x00000000080055e8                USB_ActivateEndpoint
 .text.USB_EPStartXfer
                0x0000000008005d70     0x1762 ./Drivers/STM32G4xx_HAL_Driver/Src/stm32g4xx_ll_usb.o
                0x0000000008005d70                USB_EPStartXfer
 .text.USB_EPSetStall
                0x00000000080074d2       0xa2 ./Drivers/STM32G4xx_HAL_Driver/Src/stm32g4xx_ll_usb.o
                0x00000000080074d2                USB_EPSetStall
 .text.USB_EPClearStall
                0x0000000008007574      0x15c ./Drivers/STM32G4xx_HAL_Driver/Src/stm32g4xx_ll_usb.o
                0x0000000008007574                USB_EPClearStall
 .text.USB_SetDevAddress
                0x00000000080076d0       0x28 ./Drivers/STM32G4xx_HAL_Driver/Src/stm32g4xx_ll_usb.o
                0x00000000080076d0                USB_SetDevAddress
 .text.USB_ReadInterrupts
                0x00000000080076f8       0x20 ./Drivers/STM32G4xx_HAL_Driver/Src/stm32g4xx_ll_usb.o
                0x00000000080076f8                USB_ReadInterrupts
 .text.USB_WritePMA
                0x0000000008007718       0x84 ./Drivers/STM32G4xx_HAL_Driver/Src/stm32g4xx_ll_usb.o
                0x0000000008007718                USB_WritePMA
 .text.USB_ReadPMA
                0x000000000800779c       0x98 ./Drivers/STM32G4xx_HAL_Driver/Src/stm32g4xx_ll_usb.o
                0x000000000800779c                USB_ReadPMA
 .text.USBD_RunTestMode
                0x0000000008007834       0x16 ./Middlewares/ST/STM32_USB_Device_Library/Core/Src/usbd_core.o
                0x0000000008007834                USBD_RunTestMode
 .text.USBD_SetClassConfig
                0x000000000800784a       0x38 ./Middlewares/ST/STM32_USB_Device_Library/Core/Src/usbd_core.o
                0x000000000800784a                USBD_SetClassConfig
 .text.USBD_ClrClassConfig
                0x0000000008007882       0x30 ./Middlewares/ST/STM32_USB_Device_Library/Core/Src/usbd_core.o
                0x0000000008007882                USBD_ClrClassConfig
 .text.USBD_LL_SetupStage
                0x00000000080078b2       0xaa ./Middlewares/ST/STM32_USB_Device_Library/Core/Src/usbd_core.o
                0x00000000080078b2                USBD_LL_SetupStage
 .text.USBD_LL_DataOutStage
                0x000000000800795c       0xc6 ./Middlewares/ST/STM32_USB_Device_Library/Core/Src/usbd_core.o
                0x000000000800795c                USBD_LL_DataOutStage
 .text.USBD_LL_DataInStage
                0x0000000008007a22      0x12c ./Middlewares/ST/STM32_USB_Device_Library/Core/Src/usbd_core.o
                0x0000000008007a22                USBD_LL_DataInStage
 .text.USBD_LL_Reset
                0x0000000008007b4e       0x9c ./Middlewares/ST/STM32_USB_Device_Library/Core/Src/usbd_core.o
                0x0000000008007b4e                USBD_LL_Reset
 .text.USBD_LL_SetSpeed
                0x0000000008007bea       0x20 ./Middlewares/ST/STM32_USB_Device_Library/Core/Src/usbd_core.o
                0x0000000008007bea                USBD_LL_SetSpeed
 .text.USBD_LL_Suspend
                0x0000000008007c0a       0x2c ./Middlewares/ST/STM32_USB_Device_Library/Core/Src/usbd_core.o
                0x0000000008007c0a                USBD_LL_Suspend
 .text.USBD_LL_Resume
                0x0000000008007c36       0x30 ./Middlewares/ST/STM32_USB_Device_Library/Core/Src/usbd_core.o
                0x0000000008007c36                USBD_LL_Resume
 .text.USBD_LL_SOF
                0x0000000008007c66       0x44 ./Middlewares/ST/STM32_USB_Device_Library/Core/Src/usbd_core.o
                0x0000000008007c66                USBD_LL_SOF
 .text.SWAPBYTE
                0x0000000008007caa       0x3c ./Middlewares/ST/STM32_USB_Device_Library/Core/Src/usbd_ctlreq.o
 *fill*         0x0000000008007ce6        0x2 
 .text.USBD_StdDevReq
                0x0000000008007ce8       0xdc ./Middlewares/ST/STM32_USB_Device_Library/Core/Src/usbd_ctlreq.o
                0x0000000008007ce8                USBD_StdDevReq
 .text.USBD_StdItfReq
                0x0000000008007dc4       0x92 ./Middlewares/ST/STM32_USB_Device_Library/Core/Src/usbd_ctlreq.o
                0x0000000008007dc4                USBD_StdItfReq
 .text.USBD_StdEPReq
                0x0000000008007e56      0x2c4 ./Middlewares/ST/STM32_USB_Device_Library/Core/Src/usbd_ctlreq.o
                0x0000000008007e56                USBD_StdEPReq
 *fill*         0x000000000800811a        0x2 
 .text.USBD_GetDescriptor
                0x000000000800811c      0x328 ./Middlewares/ST/STM32_USB_Device_Library/Core/Src/usbd_ctlreq.o
 .text.USBD_SetAddress
                0x0000000008008444       0x88 ./Middlewares/ST/STM32_USB_Device_Library/Core/Src/usbd_ctlreq.o
 .text.USBD_SetConfig
                0x00000000080084cc      0x14c ./Middlewares/ST/STM32_USB_Device_Library/Core/Src/usbd_ctlreq.o
 .text.USBD_GetConfig
                0x0000000008008618       0x6c ./Middlewares/ST/STM32_USB_Device_Library/Core/Src/usbd_ctlreq.o
 .text.USBD_GetStatus
                0x0000000008008684       0x68 ./Middlewares/ST/STM32_USB_Device_Library/Core/Src/usbd_ctlreq.o
 .text.USBD_SetFeature
                0x00000000080086ec       0x28 ./Middlewares/ST/STM32_USB_Device_Library/Core/Src/usbd_ctlreq.o
 .text.USBD_ClrFeature
                0x0000000008008714       0x44 ./Middlewares/ST/STM32_USB_Device_Library/Core/Src/usbd_ctlreq.o
 .text.USBD_ParseSetupRequest
                0x0000000008008758       0x74 ./Middlewares/ST/STM32_USB_Device_Library/Core/Src/usbd_ctlreq.o
                0x0000000008008758                USBD_ParseSetupRequest
 .text.USBD_CtlError
                0x00000000080087cc       0x22 ./Middlewares/ST/STM32_USB_Device_Library/Core/Src/usbd_ctlreq.o
                0x00000000080087cc                USBD_CtlError
 .text.USBD_CtlSendData
                0x00000000080087ee       0x36 ./Middlewares/ST/STM32_USB_Device_Library/Core/Src/usbd_ioreq.o
                0x00000000080087ee                USBD_CtlSendData
 .text.USBD_CtlContinueSendData
                0x0000000008008824       0x22 ./Middlewares/ST/STM32_USB_Device_Library/Core/Src/usbd_ioreq.o
                0x0000000008008824                USBD_CtlContinueSendData
 .text.USBD_CtlContinueRx
                0x0000000008008846       0x22 ./Middlewares/ST/STM32_USB_Device_Library/Core/Src/usbd_ioreq.o
                0x0000000008008846                USBD_CtlContinueRx
 .text.USBD_CtlSendStatus
                0x0000000008008868       0x26 ./Middlewares/ST/STM32_USB_Device_Library/Core/Src/usbd_ioreq.o
                0x0000000008008868                USBD_CtlSendStatus
 .text.USBD_CtlReceiveStatus
                0x000000000800888e       0x26 ./Middlewares/ST/STM32_USB_Device_Library/Core/Src/usbd_ioreq.o
                0x000000000800888e                USBD_CtlReceiveStatus
 .text.__NVIC_SetPriority
                0x00000000080088b4       0x54 ./Middlewares/Third_Party/FreeRTOS/Source/CMSIS_RTOS_V2/cmsis_os2.o
 .text.SVC_Setup
                0x0000000008008908       0x12 ./Middlewares/Third_Party/FreeRTOS/Source/CMSIS_RTOS_V2/cmsis_os2.o
 *fill*         0x000000000800891a        0x2 
 .text.osKernelInitialize
                0x000000000800891c       0x48 ./Middlewares/Third_Party/FreeRTOS/Source/CMSIS_RTOS_V2/cmsis_os2.o
                0x000000000800891c                osKernelInitialize
 .text.osKernelStart
                0x0000000008008964       0x4c ./Middlewares/Third_Party/FreeRTOS/Source/CMSIS_RTOS_V2/cmsis_os2.o
                0x0000000008008964                osKernelStart
 .text.osThreadNew
                0x00000000080089b0      0x124 ./Middlewares/Third_Party/FreeRTOS/Source/CMSIS_RTOS_V2/cmsis_os2.o
                0x00000000080089b0                osThreadNew
 .text.osDelay  0x0000000008008ad4       0x36 ./Middlewares/Third_Party/FreeRTOS/Source/CMSIS_RTOS_V2/cmsis_os2.o
                0x0000000008008ad4                osDelay
 *fill*         0x0000000008008b0a        0x2 
 .text.vApplicationGetIdleTaskMemory
                0x0000000008008b0c       0x34 ./Middlewares/Third_Party/FreeRTOS/Source/CMSIS_RTOS_V2/cmsis_os2.o
                0x0000000008008b0c                vApplicationGetIdleTaskMemory
 .text.vApplicationGetTimerTaskMemory
                0x0000000008008b40       0x34 ./Middlewares/Third_Party/FreeRTOS/Source/CMSIS_RTOS_V2/cmsis_os2.o
                0x0000000008008b40                vApplicationGetTimerTaskMemory
 .text.vListInitialise
                0x0000000008008b74       0x40 ./Middlewares/Third_Party/FreeRTOS/Source/list.o
                0x0000000008008b74                vListInitialise
 .text.vListInitialiseItem
                0x0000000008008bb4       0x1a ./Middlewares/Third_Party/FreeRTOS/Source/list.o
                0x0000000008008bb4                vListInitialiseItem
 .text.vListInsertEnd
                0x0000000008008bce       0x48 ./Middlewares/Third_Party/FreeRTOS/Source/list.o
                0x0000000008008bce                vListInsertEnd
 .text.vListInsert
                0x0000000008008c16       0x72 ./Middlewares/Third_Party/FreeRTOS/Source/list.o
                0x0000000008008c16                vListInsert
 .text.uxListRemove
                0x0000000008008c88       0x54 ./Middlewares/Third_Party/FreeRTOS/Source/list.o
                0x0000000008008c88                uxListRemove
 .text.xQueueGenericReset
                0x0000000008008cdc       0xd0 ./Middlewares/Third_Party/FreeRTOS/Source/queue.o
                0x0000000008008cdc                xQueueGenericReset
 .text.xQueueGenericCreateStatic
                0x0000000008008dac       0xf0 ./Middlewares/Third_Party/FreeRTOS/Source/queue.o
                0x0000000008008dac                xQueueGenericCreateStatic
 .text.prvInitialiseNewQueue
                0x0000000008008e9c       0x46 ./Middlewares/Third_Party/FreeRTOS/Source/queue.o
 *fill*         0x0000000008008ee2        0x2 
 .text.xQueueGenericSend
                0x0000000008008ee4      0x1fc ./Middlewares/Third_Party/FreeRTOS/Source/queue.o
                0x0000000008008ee4                xQueueGenericSend
 .text.xQueueGenericSendFromISR
                0x00000000080090e0      0x136 ./Middlewares/Third_Party/FreeRTOS/Source/queue.o
                0x00000000080090e0                xQueueGenericSendFromISR
 *fill*         0x0000000008009216        0x2 
 .text.xQueueReceive
                0x0000000008009218      0x1c0 ./Middlewares/Third_Party/FreeRTOS/Source/queue.o
                0x0000000008009218                xQueueReceive
 .text.prvCopyDataToQueue
                0x00000000080093d8       0xd4 ./Middlewares/Third_Party/FreeRTOS/Source/queue.o
 .text.prvCopyDataFromQueue
                0x00000000080094ac       0x4c ./Middlewares/Third_Party/FreeRTOS/Source/queue.o
 .text.prvUnlockQueue
                0x00000000080094f8       0xa4 ./Middlewares/Third_Party/FreeRTOS/Source/queue.o
 .text.prvIsQueueEmpty
                0x000000000800959c       0x2c ./Middlewares/Third_Party/FreeRTOS/Source/queue.o
 .text.prvIsQueueFull
                0x00000000080095c8       0x30 ./Middlewares/Third_Party/FreeRTOS/Source/queue.o
 .text.vQueueAddToRegistry
                0x00000000080095f8       0x54 ./Middlewares/Third_Party/FreeRTOS/Source/queue.o
                0x00000000080095f8                vQueueAddToRegistry
 .text.vQueueWaitForMessageRestricted
                0x000000000800964c       0x68 ./Middlewares/Third_Party/FreeRTOS/Source/queue.o
                0x000000000800964c                vQueueWaitForMessageRestricted
 .text.xTaskCreateStatic
                0x00000000080096b4       0xba ./Middlewares/Third_Party/FreeRTOS/Source/tasks.o
                0x00000000080096b4                xTaskCreateStatic
 .text.xTaskCreate
                0x000000000800976e       0x8a ./Middlewares/Third_Party/FreeRTOS/Source/tasks.o
                0x000000000800976e                xTaskCreate
 .text.prvInitialiseNewTask
                0x00000000080097f8      0x14c ./Middlewares/Third_Party/FreeRTOS/Source/tasks.o
 .text.prvAddNewTaskToReadyList
                0x0000000008009944       0xe0 ./Middlewares/Third_Party/FreeRTOS/Source/tasks.o
 .text.vTaskDelete
                0x0000000008009a24       0xe4 ./Middlewares/Third_Party/FreeRTOS/Source/tasks.o
                0x0000000008009a24                vTaskDelete
 .text.vTaskDelay
                0x0000000008009b08       0x68 ./Middlewares/Third_Party/FreeRTOS/Source/tasks.o
                0x0000000008009b08                vTaskDelay
 .text.vTaskStartScheduler
                0x0000000008009b70       0xe0 ./Middlewares/Third_Party/FreeRTOS/Source/tasks.o
                0x0000000008009b70                vTaskStartScheduler
 .text.vTaskSuspendAll
                0x0000000008009c50       0x1c ./Middlewares/Third_Party/FreeRTOS/Source/tasks.o
                0x0000000008009c50                vTaskSuspendAll
 .text.xTaskResumeAll
                0x0000000008009c6c      0x13c ./Middlewares/Third_Party/FreeRTOS/Source/tasks.o
                0x0000000008009c6c                xTaskResumeAll
 .text.xTaskGetTickCount
                0x0000000008009da8       0x20 ./Middlewares/Third_Party/FreeRTOS/Source/tasks.o
                0x0000000008009da8                xTaskGetTickCount
 .text.xTaskIncrementTick
                0x0000000008009dc8      0x174 ./Middlewares/Third_Party/FreeRTOS/Source/tasks.o
                0x0000000008009dc8                xTaskIncrementTick
 .text.vTaskSwitchContext
                0x0000000008009f3c       0xc8 ./Middlewares/Third_Party/FreeRTOS/Source/tasks.o
                0x0000000008009f3c                vTaskSwitchContext
 .text.vTaskPlaceOnEventList
                0x000000000800a004       0x48 ./Middlewares/Third_Party/FreeRTOS/Source/tasks.o
                0x000000000800a004                vTaskPlaceOnEventList
 .text.vTaskPlaceOnEventListRestricted
                0x000000000800a04c       0x58 ./Middlewares/Third_Party/FreeRTOS/Source/tasks.o
                0x000000000800a04c                vTaskPlaceOnEventListRestricted
 .text.xTaskRemoveFromEventList
                0x000000000800a0a4       0xc8 ./Middlewares/Third_Party/FreeRTOS/Source/tasks.o
                0x000000000800a0a4                xTaskRemoveFromEventList
 .text.vTaskInternalSetTimeOutState
                0x000000000800a16c       0x2c ./Middlewares/Third_Party/FreeRTOS/Source/tasks.o
                0x000000000800a16c                vTaskInternalSetTimeOutState
 .text.xTaskCheckForTimeOut
                0x000000000800a198       0xc4 ./Middlewares/Third_Party/FreeRTOS/Source/tasks.o
                0x000000000800a198                xTaskCheckForTimeOut
 .text.vTaskMissedYield
                0x000000000800a25c       0x18 ./Middlewares/Third_Party/FreeRTOS/Source/tasks.o
                0x000000000800a25c                vTaskMissedYield
 .text.prvIdleTask
                0x000000000800a274       0x30 ./Middlewares/Third_Party/FreeRTOS/Source/tasks.o
 .text.prvInitialiseTaskLists
                0x000000000800a2a4       0x80 ./Middlewares/Third_Party/FreeRTOS/Source/tasks.o
 .text.prvCheckTasksWaitingTermination
                0x000000000800a324       0x5c ./Middlewares/Third_Party/FreeRTOS/Source/tasks.o
 .text.prvDeleteTCB
                0x000000000800a380       0x68 ./Middlewares/Third_Party/FreeRTOS/Source/tasks.o
 .text.prvResetNextTaskUnblockTime
                0x000000000800a3e8       0x40 ./Middlewares/Third_Party/FreeRTOS/Source/tasks.o
 .text.xTaskGetSchedulerState
                0x000000000800a428       0x3c ./Middlewares/Third_Party/FreeRTOS/Source/tasks.o
                0x000000000800a428                xTaskGetSchedulerState
 .text.xTaskPriorityDisinherit
                0x000000000800a464       0xdc ./Middlewares/Third_Party/FreeRTOS/Source/tasks.o
                0x000000000800a464                xTaskPriorityDisinherit
 .text.prvAddCurrentTaskToDelayedList
                0x000000000800a540       0xa8 ./Middlewares/Third_Party/FreeRTOS/Source/tasks.o
 .text.xTimerCreateTimerTask
                0x000000000800a5e8       0x90 ./Middlewares/Third_Party/FreeRTOS/Source/timers.o
                0x000000000800a5e8                xTimerCreateTimerTask
 .text.xTimerGenericCommand
                0x000000000800a678       0x9c ./Middlewares/Third_Party/FreeRTOS/Source/timers.o
                0x000000000800a678                xTimerGenericCommand
 .text.prvProcessExpiredTimer
                0x000000000800a714       0x98 ./Middlewares/Third_Party/FreeRTOS/Source/timers.o
 .text.prvTimerTask
                0x000000000800a7ac       0x24 ./Middlewares/Third_Party/FreeRTOS/Source/timers.o
 .text.prvProcessTimerOrBlockTask
                0x000000000800a7d0       0x9c ./Middlewares/Third_Party/FreeRTOS/Source/timers.o
 .text.prvGetNextExpireTime
                0x000000000800a86c       0x48 ./Middlewares/Third_Party/FreeRTOS/Source/timers.o
 .text.prvSampleTimeNow
                0x000000000800a8b4       0x40 ./Middlewares/Third_Party/FreeRTOS/Source/timers.o
 .text.prvInsertTimerInActiveList
                0x000000000800a8f4       0x84 ./Middlewares/Third_Party/FreeRTOS/Source/timers.o
 .text.prvProcessReceivedCommands
                0x000000000800a978      0x1c4 ./Middlewares/Third_Party/FreeRTOS/Source/timers.o
 .text.prvSwitchTimerLists
                0x000000000800ab3c       0xc8 ./Middlewares/Third_Party/FreeRTOS/Source/timers.o
 .text.prvCheckForValidListAndQueue
                0x000000000800ac04       0x80 ./Middlewares/Third_Party/FreeRTOS/Source/timers.o
 .text.pxPortInitialiseStack
                0x000000000800ac84       0x68 ./Middlewares/Third_Party/FreeRTOS/Source/portable/GCC/ARM_CM4F/port.o
                0x000000000800ac84                pxPortInitialiseStack
 .text.prvTaskExitError
                0x000000000800acec       0x58 ./Middlewares/Third_Party/FreeRTOS/Source/portable/GCC/ARM_CM4F/port.o
 *fill*         0x000000000800ad44        0xc 
 .text.SVC_Handler
                0x000000000800ad50       0x28 ./Middlewares/Third_Party/FreeRTOS/Source/portable/GCC/ARM_CM4F/port.o
                0x000000000800ad50                SVC_Handler
 .text.prvPortStartFirstTask
                0x000000000800ad78       0x28 ./Middlewares/Third_Party/FreeRTOS/Source/portable/GCC/ARM_CM4F/port.o
 .text.xPortStartScheduler
                0x000000000800ada0      0x144 ./Middlewares/Third_Party/FreeRTOS/Source/portable/GCC/ARM_CM4F/port.o
                0x000000000800ada0                xPortStartScheduler
 .text.vPortEnterCritical
                0x000000000800aee4       0x60 ./Middlewares/Third_Party/FreeRTOS/Source/portable/GCC/ARM_CM4F/port.o
                0x000000000800aee4                vPortEnterCritical
 .text.vPortExitCritical
                0x000000000800af44       0x54 ./Middlewares/Third_Party/FreeRTOS/Source/portable/GCC/ARM_CM4F/port.o
                0x000000000800af44                vPortExitCritical
 *fill*         0x000000000800af98        0x8 
 .text.PendSV_Handler
                0x000000000800afa0       0x68 ./Middlewares/Third_Party/FreeRTOS/Source/portable/GCC/ARM_CM4F/port.o
                0x000000000800afa0                PendSV_Handler
 .text.xPortSysTickHandler
                0x000000000800b008       0x44 ./Middlewares/Third_Party/FreeRTOS/Source/portable/GCC/ARM_CM4F/port.o
                0x000000000800b008                xPortSysTickHandler
 .text.vPortSetupTimerInterrupt
                0x000000000800b04c       0x48 ./Middlewares/Third_Party/FreeRTOS/Source/portable/GCC/ARM_CM4F/port.o
                0x000000000800b04c                vPortSetupTimerInterrupt
 .text.vPortEnableVFP
                0x000000000800b094       0x14 ./Middlewares/Third_Party/FreeRTOS/Source/portable/GCC/ARM_CM4F/port.o
 .text.vPortValidateInterruptPriority
                0x000000000800b0a8       0x80 ./Middlewares/Third_Party/FreeRTOS/Source/portable/GCC/ARM_CM4F/port.o
                0x000000000800b0a8                vPortValidateInterruptPriority
 .text.pvPortMalloc
                0x000000000800b128      0x198 ./Middlewares/Third_Party/FreeRTOS/Source/portable/MemMang/heap_4.o
                0x000000000800b128                pvPortMalloc
 .text.vPortFree
                0x000000000800b2c0       0xc4 ./Middlewares/Third_Party/FreeRTOS/Source/portable/MemMang/heap_4.o
                0x000000000800b2c0                vPortFree
 .text.prvHeapInit
                0x000000000800b384       0xc4 ./Middlewares/Third_Party/FreeRTOS/Source/portable/MemMang/heap_4.o
 .text.prvInsertBlockIntoFreeList
                0x000000000800b448       0xb4 ./Middlewares/Third_Party/FreeRTOS/Source/portable/MemMang/heap_4.o
 .text._ZN13Communication4initEv
                0x000000000800b4fc       0x6c ./System/Core/Src/Communication.o
                0x000000000800b4fc                Communication::init()
 .text._ZN6System4initEv
                0x000000000800b568       0x6c ./System/Core/Src/System.o
                0x000000000800b568                System::init()
 .text._ZN6ThreadD2Ev
                0x000000000800b5d4       0x20 ./System/Thread/Src/FDCANTerminal.o
                0x000000000800b5d4                Thread::~Thread()
                0x000000000800b5d4                Thread::~Thread()
 .text._ZN6ThreadD0Ev
                0x000000000800b5f4       0x20 ./System/Thread/Src/FDCANTerminal.o
                0x000000000800b5f4                Thread::~Thread()
 .text._Z7to_enumPKc
                0x000000000800b614       0x28 ./System/Thread/Src/FDCANTerminal.o
                0x000000000800b614                to_enum(char const*)
 .text._ZN13FDCANTerminalC2EP19FDCAN_HandleTypeDef
                0x000000000800b63c       0x34 ./System/Thread/Src/FDCANTerminal.o
                0x000000000800b63c                FDCANTerminal::FDCANTerminal(FDCAN_HandleTypeDef*)
                0x000000000800b63c                FDCANTerminal::FDCANTerminal(FDCAN_HandleTypeDef*)
 .text._ZN13FDCANTerminal4initEv
                0x000000000800b670       0x50 ./System/Thread/Src/FDCANTerminal.o
                0x000000000800b670                FDCANTerminal::init()
 .text._ZN13FDCANTerminal4loopEv
                0x000000000800b6c0       0x5e ./System/Thread/Src/FDCANTerminal.o
                0x000000000800b6c0                FDCANTerminal::loop()
 .text._ZN13FDCANTerminal13send_responseEPKc
                0x000000000800b71e       0x66 ./System/Thread/Src/FDCANTerminal.o
                0x000000000800b71e                FDCANTerminal::send_response(char const*)
 .text._ZN13FDCANTerminal14handle_messageEPKc
                0x000000000800b784       0x50 ./System/Thread/Src/FDCANTerminal.o
                0x000000000800b784                FDCANTerminal::handle_message(char const*)
 .text._ZN13FDCANTerminal15execute_commandE7Command
                0x000000000800b7d4       0x38 ./System/Thread/Src/FDCANTerminal.o
                0x000000000800b7d4                FDCANTerminal::execute_command(Command)
 .text._ZN13FDCANTerminalD2Ev
                0x000000000800b80c       0x24 ./System/Thread/Src/FDCANTerminal.o
                0x000000000800b80c                FDCANTerminal::~FDCANTerminal()
                0x000000000800b80c                FDCANTerminal::~FDCANTerminal()
 .text._ZN13FDCANTerminalD0Ev
                0x000000000800b830       0x20 ./System/Thread/Src/FDCANTerminal.o
                0x000000000800b830                FDCANTerminal::~FDCANTerminal()
 .text._ZN12PowerMonitorC2EP19__SPI_HandleTypeDef
                0x000000000800b850       0x38 ./System/Thread/Src/PowerMonitor.o
                0x000000000800b850                PowerMonitor::PowerMonitor(__SPI_HandleTypeDef*)
                0x000000000800b850                PowerMonitor::PowerMonitor(__SPI_HandleTypeDef*)
 .text._ZN12PowerMonitor4initEv
                0x000000000800b888       0xf2 ./System/Thread/Src/PowerMonitor.o
                0x000000000800b888                PowerMonitor::init()
 .text._ZN12PowerMonitor4loopEv
                0x000000000800b97a       0x6a ./System/Thread/Src/PowerMonitor.o
                0x000000000800b97a                PowerMonitor::loop()
 .text._ZN12PowerMonitor18read_shunt_voltageEv
                0x000000000800b9e4       0x30 ./System/Thread/Src/PowerMonitor.o
                0x000000000800b9e4                PowerMonitor::read_shunt_voltage()
 .text._ZN12PowerMonitor16read_bus_voltageEv
                0x000000000800ba14       0x30 ./System/Thread/Src/PowerMonitor.o
                0x000000000800ba14                PowerMonitor::read_bus_voltage()
 .text._ZN12PowerMonitor12read_currentEv
                0x000000000800ba44       0x30 ./System/Thread/Src/PowerMonitor.o
                0x000000000800ba44                PowerMonitor::read_current()
 .text._ZN12PowerMonitor10read_powerEv
                0x000000000800ba74       0x3c ./System/Thread/Src/PowerMonitor.o
                0x000000000800ba74                PowerMonitor::read_power()
 .text._ZN12PowerMonitor16read_temperatureEv
                0x000000000800bab0       0x32 ./System/Thread/Src/PowerMonitor.o
                0x000000000800bab0                PowerMonitor::read_temperature()
 .text._ZN12PowerMonitor3getEh
                0x000000000800bae2       0x28 ./System/Thread/Src/PowerMonitor.o
                0x000000000800bae2                PowerMonitor::get(unsigned char)
 .text._ZN12PowerMonitor3setEht
                0x000000000800bb0a       0x26 ./System/Thread/Src/PowerMonitor.o
                0x000000000800bb0a                PowerMonitor::set(unsigned char, unsigned short)
 .text._ZN12PowerMonitor5writeEhPhh
                0x000000000800bb30       0x80 ./System/Thread/Src/PowerMonitor.o
                0x000000000800bb30                PowerMonitor::write(unsigned char, unsigned char*, unsigned char)
 .text._ZN12PowerMonitor4readEhPhh
                0x000000000800bbb0       0x8a ./System/Thread/Src/PowerMonitor.o
                0x000000000800bbb0                PowerMonitor::read(unsigned char, unsigned char*, unsigned char)
 *fill*         0x000000000800bc3a        0x2 
 .text._ZN12PowerMonitorD2Ev
                0x000000000800bc3c       0x24 ./System/Thread/Src/PowerMonitor.o
                0x000000000800bc3c                PowerMonitor::~PowerMonitor()
                0x000000000800bc3c                PowerMonitor::~PowerMonitor()
 .text._ZN12PowerMonitorD0Ev
                0x000000000800bc60       0x20 ./System/Thread/Src/PowerMonitor.o
                0x000000000800bc60                PowerMonitor::~PowerMonitor()
 .text._Z10__task_runPv
                0x000000000800bc80       0x66 ./System/Thread/Src/Thread.o
                0x000000000800bc80                __task_run(void*)
 .text._ZN6ThreadC2EPKc
                0x000000000800bce6       0x1e ./System/Thread/Src/Thread.o
                0x000000000800bce6                Thread::Thread(char const*)
                0x000000000800bce6                Thread::Thread(char const*)
 .text._ZN6ThreadC2EPKc12osPriority_t
                0x000000000800bd04       0x24 ./System/Thread/Src/Thread.o
                0x000000000800bd04                Thread::Thread(char const*, osPriority_t)
                0x000000000800bd04                Thread::Thread(char const*, osPriority_t)
 .text._ZN6ThreadC2EPKc12osPriority_tm
                0x000000000800bd28       0x60 ./System/Thread/Src/Thread.o
                0x000000000800bd28                Thread::Thread(char const*, osPriority_t, unsigned long)
                0x000000000800bd28                Thread::Thread(char const*, osPriority_t, unsigned long)
 .text._ZN6Thread10is_runningEv
                0x000000000800bd88       0x18 ./System/Thread/Src/Thread.o
                0x000000000800bd88                Thread::is_running()
 .text._ZN6Thread9terminateEv
                0x000000000800bda0       0x1a ./System/Thread/Src/Thread.o
                0x000000000800bda0                Thread::terminate()
 .text._ZN6Thread14set_tick_delayEm
                0x000000000800bdba       0x1c ./System/Thread/Src/Thread.o
                0x000000000800bdba                Thread::set_tick_delay(unsigned long)
 .text._ZN6Thread14get_tick_delayEv
                0x000000000800bdd6       0x18 ./System/Thread/Src/Thread.o
                0x000000000800bdd6                Thread::get_tick_delay()
 .text.HAL_PCD_SetupStageCallback
                0x000000000800bdee       0x24 ./USB_Device/Target/usbd_conf.o
                0x000000000800bdee                HAL_PCD_SetupStageCallback
 .text.HAL_PCD_DataOutStageCallback
                0x000000000800be12       0x36 ./USB_Device/Target/usbd_conf.o
                0x000000000800be12                HAL_PCD_DataOutStageCallback
 .text.HAL_PCD_DataInStageCallback
                0x000000000800be48       0x34 ./USB_Device/Target/usbd_conf.o
                0x000000000800be48                HAL_PCD_DataInStageCallback
 .text.HAL_PCD_SOFCallback
                0x000000000800be7c       0x1c ./USB_Device/Target/usbd_conf.o
                0x000000000800be7c                HAL_PCD_SOFCallback
 .text.HAL_PCD_ResetCallback
                0x000000000800be98       0x3c ./USB_Device/Target/usbd_conf.o
                0x000000000800be98                HAL_PCD_ResetCallback
 .text.HAL_PCD_SuspendCallback
                0x000000000800bed4       0x34 ./USB_Device/Target/usbd_conf.o
                0x000000000800bed4                HAL_PCD_SuspendCallback
 .text.HAL_PCD_ResumeCallback
                0x000000000800bf08       0x38 ./USB_Device/Target/usbd_conf.o
                0x000000000800bf08                HAL_PCD_ResumeCallback
 .text.USBD_LL_OpenEP
                0x000000000800bf40       0x4c ./USB_Device/Target/usbd_conf.o
                0x000000000800bf40                USBD_LL_OpenEP
 .text.USBD_LL_StallEP
                0x000000000800bf8c       0x3e ./USB_Device/Target/usbd_conf.o
                0x000000000800bf8c                USBD_LL_StallEP
 .text.USBD_LL_ClearStallEP
                0x000000000800bfca       0x3e ./USB_Device/Target/usbd_conf.o
                0x000000000800bfca                USBD_LL_ClearStallEP
 .text.USBD_LL_IsStallEP
                0x000000000800c008       0x58 ./USB_Device/Target/usbd_conf.o
                0x000000000800c008                USBD_LL_IsStallEP
 .text.USBD_LL_SetUSBAddress
                0x000000000800c060       0x3e ./USB_Device/Target/usbd_conf.o
                0x000000000800c060                USBD_LL_SetUSBAddress
 .text.USBD_LL_Transmit
                0x000000000800c09e       0x42 ./USB_Device/Target/usbd_conf.o
                0x000000000800c09e                USBD_LL_Transmit
 .text.USBD_LL_PrepareReceive
                0x000000000800c0e0       0x42 ./USB_Device/Target/usbd_conf.o
                0x000000000800c0e0                USBD_LL_PrepareReceive
 *fill*         0x000000000800c122        0x2 
 .text.HAL_PCDEx_LPM_Callback
                0x000000000800c124       0x6c ./USB_Device/Target/usbd_conf.o
                0x000000000800c124                HAL_PCDEx_LPM_Callback
 .text.SystemClockConfig_Resume
                0x000000000800c190        0xc ./USB_Device/Target/usbd_conf.o
 .text.USBD_Get_USB_Status
                0x000000000800c19c       0x58 ./USB_Device/Target/usbd_conf.o
 .text._ZdlPvj  0x000000000800c1f4        0x4 /Applications/STM32CubeIDE.app/Contents/Eclipse/plugins/com.st.stm32cube.ide.mcu.externaltools.gnu-tools-for-stm32.11.3.rel1.macos64_1.1.100.202310310803/tools/bin/../lib/gcc/arm-none-eabi/11.3.1/../../../../arm-none-eabi/lib/thumb/v7e-m+fp/hard/libstdc++_nano.a(del_ops.o)
                0x000000000800c1f4                operator delete(void*, unsigned int)
 .text.__cxa_guard_acquire
                0x000000000800c1f8       0x18 /Applications/STM32CubeIDE.app/Contents/Eclipse/plugins/com.st.stm32cube.ide.mcu.externaltools.gnu-tools-for-stm32.11.3.rel1.macos64_1.1.100.202310310803/tools/bin/../lib/gcc/arm-none-eabi/11.3.1/../../../../arm-none-eabi/lib/thumb/v7e-m+fp/hard/libstdc++_nano.a(guard.o)
                0x000000000800c1f8                __cxa_guard_acquire
 .text.__cxa_guard_release
                0x000000000800c210        0x6 /Applications/STM32CubeIDE.app/Contents/Eclipse/plugins/com.st.stm32cube.ide.mcu.externaltools.gnu-tools-for-stm32.11.3.rel1.macos64_1.1.100.202310310803/tools/bin/../lib/gcc/arm-none-eabi/11.3.1/../../../../arm-none-eabi/lib/thumb/v7e-m+fp/hard/libstdc++_nano.a(guard.o)
                0x000000000800c210                __cxa_guard_release
 .text._Znwj    0x000000000800c216       0x22 /Applications/STM32CubeIDE.app/Contents/Eclipse/plugins/com.st.stm32cube.ide.mcu.externaltools.gnu-tools-for-stm32.11.3.rel1.macos64_1.1.100.202310310803/tools/bin/../lib/gcc/arm-none-eabi/11.3.1/../../../../arm-none-eabi/lib/thumb/v7e-m+fp/hard/libstdc++_nano.a(new_op.o)
                0x000000000800c216                operator new(unsigned int)
 .text._ZdlPv   0x000000000800c238        0x4 /Applications/STM32CubeIDE.app/Contents/Eclipse/plugins/com.st.stm32cube.ide.mcu.externaltools.gnu-tools-for-stm32.11.3.rel1.macos64_1.1.100.202310310803/tools/bin/../lib/gcc/arm-none-eabi/11.3.1/../../../../arm-none-eabi/lib/thumb/v7e-m+fp/hard/libstdc++_nano.a(del_op.o)
                0x000000000800c238                operator delete(void*)
 .text._ZSt15get_new_handlerv
                0x000000000800c23c       0x10 /Applications/STM32CubeIDE.app/Contents/Eclipse/plugins/com.st.stm32cube.ide.mcu.externaltools.gnu-tools-for-stm32.11.3.rel1.macos64_1.1.100.202310310803/tools/bin/../lib/gcc/arm-none-eabi/11.3.1/../../../../arm-none-eabi/lib/thumb/v7e-m+fp/hard/libstdc++_nano.a(new_handler.o)
                0x000000000800c23c                std::get_new_handler()
 .text.abort    0x000000000800c24c        0xe /Applications/STM32CubeIDE.app/Contents/Eclipse/plugins/com.st.stm32cube.ide.mcu.externaltools.gnu-tools-for-stm32.11.3.rel1.macos64_1.1.100.202310310803/tools/bin/../lib/gcc/arm-none-eabi/11.3.1/../../../../arm-none-eabi/lib/thumb/v7e-m+fp/hard/libc_nano.a(libc_a-abort.o)
                0x000000000800c24c                abort
 *fill*         0x000000000800c25a        0x2 
 .text.malloc   0x000000000800c25c       0x10 /Applications/STM32CubeIDE.app/Contents/Eclipse/plugins/com.st.stm32cube.ide.mcu.externaltools.gnu-tools-for-stm32.11.3.rel1.macos64_1.1.100.202310310803/tools/bin/../lib/gcc/arm-none-eabi/11.3.1/../../../../arm-none-eabi/lib/thumb/v7e-m+fp/hard/libc_nano.a(libc_a-malloc.o)
                0x000000000800c25c                malloc
 .text.free     0x000000000800c26c       0x10 /Applications/STM32CubeIDE.app/Contents/Eclipse/plugins/com.st.stm32cube.ide.mcu.externaltools.gnu-tools-for-stm32.11.3.rel1.macos64_1.1.100.202310310803/tools/bin/../lib/gcc/arm-none-eabi/11.3.1/../../../../arm-none-eabi/lib/thumb/v7e-m+fp/hard/libc_nano.a(libc_a-malloc.o)
                0x000000000800c26c                free
 .text.sbrk_aligned
                0x000000000800c27c       0x40 /Applications/STM32CubeIDE.app/Contents/Eclipse/plugins/com.st.stm32cube.ide.mcu.externaltools.gnu-tools-for-stm32.11.3.rel1.macos64_1.1.100.202310310803/tools/bin/../lib/gcc/arm-none-eabi/11.3.1/../../../../arm-none-eabi/lib/thumb/v7e-m+fp/hard/libc_nano.a(libc_a-mallocr.o)
 .text._malloc_r
                0x000000000800c2bc      0x100 /Applications/STM32CubeIDE.app/Contents/Eclipse/plugins/com.st.stm32cube.ide.mcu.externaltools.gnu-tools-for-stm32.11.3.rel1.macos64_1.1.100.202310310803/tools/bin/../lib/gcc/arm-none-eabi/11.3.1/../../../../arm-none-eabi/lib/thumb/v7e-m+fp/hard/libc_nano.a(libc_a-mallocr.o)
                0x000000000800c2bc                _malloc_r
 .text.__malloc_lock
                0x000000000800c3bc        0xc /Applications/STM32CubeIDE.app/Contents/Eclipse/plugins/com.st.stm32cube.ide.mcu.externaltools.gnu-tools-for-stm32.11.3.rel1.macos64_1.1.100.202310310803/tools/bin/../lib/gcc/arm-none-eabi/11.3.1/../../../../arm-none-eabi/lib/thumb/v7e-m+fp/hard/libc_nano.a(libc_a-mlock.o)
                0x000000000800c3bc                __malloc_lock
 .text.__malloc_unlock
                0x000000000800c3c8        0xc /Applications/STM32CubeIDE.app/Contents/Eclipse/plugins/com.st.stm32cube.ide.mcu.externaltools.gnu-tools-for-stm32.11.3.rel1.macos64_1.1.100.202310310803/tools/bin/../lib/gcc/arm-none-eabi/11.3.1/../../../../arm-none-eabi/lib/thumb/v7e-m+fp/hard/libc_nano.a(libc_a-mlock.o)
                0x000000000800c3c8                __malloc_unlock
 .text.strncpy  0x000000000800c3d4       0x26 /Applications/STM32CubeIDE.app/Contents/Eclipse/plugins/com.st.stm32cube.ide.mcu.externaltools.gnu-tools-for-stm32.11.3.rel1.macos64_1.1.100.202310310803/tools/bin/../lib/gcc/arm-none-eabi/11.3.1/../../../../arm-none-eabi/lib/thumb/v7e-m+fp/hard/libc_nano.a(libc_a-strncpy.o)
                0x000000000800c3d4                strncpy
 .text.memset   0x000000000800c3fa       0x10 /Applications/STM32CubeIDE.app/Contents/Eclipse/plugins/com.st.stm32cube.ide.mcu.externaltools.gnu-tools-for-stm32.11.3.rel1.macos64_1.1.100.202310310803/tools/bin/../lib/gcc/arm-none-eabi/11.3.1/../../../../arm-none-eabi/lib/thumb/v7e-m+fp/hard/libc_nano.a(libc_a-memset.o)
                0x000000000800c3fa                memset
 *fill*         0x000000000800c40a        0x2 
 .text._reclaim_reent
                0x000000000800c40c       0xac /Applications/STM32CubeIDE.app/Contents/Eclipse/plugins/com.st.stm32cube.ide.mcu.externaltools.gnu-tools-for-stm32.11.3.rel1.macos64_1.1.100.202310310803/tools/bin/../lib/gcc/arm-none-eabi/11.3.1/../../../../arm-none-eabi/lib/thumb/v7e-m+fp/hard/libc_nano.a(libc_a-reent.o)
                0x000000000800c40c                _reclaim_reent
 .text._raise_r
                0x000000000800c4b8       0x50 /Applications/STM32CubeIDE.app/Contents/Eclipse/plugins/com.st.stm32cube.ide.mcu.externaltools.gnu-tools-for-stm32.11.3.rel1.macos64_1.1.100.202310310803/tools/bin/../lib/gcc/arm-none-eabi/11.3.1/../../../../arm-none-eabi/lib/thumb/v7e-m+fp/hard/libc_nano.a(libc_a-signal.o)
                0x000000000800c4b8                _raise_r
 .text.raise    0x000000000800c508       0x10 /Applications/STM32CubeIDE.app/Contents/Eclipse/plugins/com.st.stm32cube.ide.mcu.externaltools.gnu-tools-for-stm32.11.3.rel1.macos64_1.1.100.202310310803/tools/bin/../lib/gcc/arm-none-eabi/11.3.1/../../../../arm-none-eabi/lib/thumb/v7e-m+fp/hard/libc_nano.a(libc_a-signal.o)
                0x000000000800c508                raise
 .text._kill_r  0x000000000800c518       0x24 /Applications/STM32CubeIDE.app/Contents/Eclipse/plugins/com.st.stm32cube.ide.mcu.externaltools.gnu-tools-for-stm32.11.3.rel1.macos64_1.1.100.202310310803/tools/bin/../lib/gcc/arm-none-eabi/11.3.1/../../../../arm-none-eabi/lib/thumb/v7e-m+fp/hard/libc_nano.a(libc_a-signalr.o)
                0x000000000800c518                _kill_r
 .text._getpid_r
                0x000000000800c53c        0x4 /Applications/STM32CubeIDE.app/Contents/Eclipse/plugins/com.st.stm32cube.ide.mcu.externaltools.gnu-tools-for-stm32.11.3.rel1.macos64_1.1.100.202310310803/tools/bin/../lib/gcc/arm-none-eabi/11.3.1/../../../../arm-none-eabi/lib/thumb/v7e-m+fp/hard/libc_nano.a(libc_a-signalr.o)
                0x000000000800c53c                _getpid_r
 .text._sbrk_r  0x000000000800c540       0x20 /Applications/STM32CubeIDE.app/Contents/Eclipse/plugins/com.st.stm32cube.ide.mcu.externaltools.gnu-tools-for-stm32.11.3.rel1.macos64_1.1.100.202310310803/tools/bin/../lib/gcc/arm-none-eabi/11.3.1/../../../../arm-none-eabi/lib/thumb/v7e-m+fp/hard/libc_nano.a(libc_a-sbrkr.o)
                0x000000000800c540                _sbrk_r
 .text.__errno  0x000000000800c560        0xc /Applications/STM32CubeIDE.app/Contents/Eclipse/plugins/com.st.stm32cube.ide.mcu.externaltools.gnu-tools-for-stm32.11.3.rel1.macos64_1.1.100.202310310803/tools/bin/../lib/gcc/arm-none-eabi/11.3.1/../../../../arm-none-eabi/lib/thumb/v7e-m+fp/hard/libc_nano.a(libc_a-errno.o)
                0x000000000800c560                __errno
 .text.__libc_init_array
                0x000000000800c56c       0x48 /Applications/STM32CubeIDE.app/Contents/Eclipse/plugins/com.st.stm32cube.ide.mcu.externaltools.gnu-tools-for-stm32.11.3.rel1.macos64_1.1.100.202310310803/tools/bin/../lib/gcc/arm-none-eabi/11.3.1/../../../../arm-none-eabi/lib/thumb/v7e-m+fp/hard/libc_nano.a(libc_a-init.o)
                0x000000000800c56c                __libc_init_array
 .text.__retarget_lock_acquire_recursive
                0x000000000800c5b4        0x2 /Applications/STM32CubeIDE.app/Contents/Eclipse/plugins/com.st.stm32cube.ide.mcu.externaltools.gnu-tools-for-stm32.11.3.rel1.macos64_1.1.100.202310310803/tools/bin/../lib/gcc/arm-none-eabi/11.3.1/../../../../arm-none-eabi/lib/thumb/v7e-m+fp/hard/libc_nano.a(libc_a-lock.o)
                0x000000000800c5b4                __retarget_lock_acquire_recursive
 .text.__retarget_lock_release_recursive
                0x000000000800c5b6        0x2 /Applications/STM32CubeIDE.app/Contents/Eclipse/plugins/com.st.stm32cube.ide.mcu.externaltools.gnu-tools-for-stm32.11.3.rel1.macos64_1.1.100.202310310803/tools/bin/../lib/gcc/arm-none-eabi/11.3.1/../../../../arm-none-eabi/lib/thumb/v7e-m+fp/hard/libc_nano.a(libc_a-lock.o)
                0x000000000800c5b6                __retarget_lock_release_recursive
 .text.memcpy   0x000000000800c5b8       0x1c /Applications/STM32CubeIDE.app/Contents/Eclipse/plugins/com.st.stm32cube.ide.mcu.externaltools.gnu-tools-for-stm32.11.3.rel1.macos64_1.1.100.202310310803/tools/bin/../lib/gcc/arm-none-eabi/11.3.1/../../../../arm-none-eabi/lib/thumb/v7e-m+fp/hard/libc_nano.a(libc_a-memcpy-stub.o)
                0x000000000800c5b8                memcpy
 .text._free_r  0x000000000800c5d4       0x98 /Applications/STM32CubeIDE.app/Contents/Eclipse/plugins/com.st.stm32cube.ide.mcu.externaltools.gnu-tools-for-stm32.11.3.rel1.macos64_1.1.100.202310310803/tools/bin/../lib/gcc/arm-none-eabi/11.3.1/../../../../arm-none-eabi/lib/thumb/v7e-m+fp/hard/libc_nano.a(libc_a-freer.o)
                0x000000000800c5d4                _free_r
 *(.glue_7)
 .glue_7        0x000000000800c66c        0x0 linker stubs
 *(.glue_7t)
 .glue_7t       0x000000000800c66c        0x0 linker stubs
 *(.eh_frame)
 .eh_frame      0x000000000800c66c        0x0 /Applications/STM32CubeIDE.app/Contents/Eclipse/plugins/com.st.stm32cube.ide.mcu.externaltools.gnu-tools-for-stm32.11.3.rel1.macos64_1.1.100.202310310803/tools/bin/../lib/gcc/arm-none-eabi/11.3.1/thumb/v7e-m+fp/hard/crtbegin.o
 *(.init)
 .init          0x000000000800c66c        0x4 /Applications/STM32CubeIDE.app/Contents/Eclipse/plugins/com.st.stm32cube.ide.mcu.externaltools.gnu-tools-for-stm32.11.3.rel1.macos64_1.1.100.202310310803/tools/bin/../lib/gcc/arm-none-eabi/11.3.1/thumb/v7e-m+fp/hard/crti.o
                0x000000000800c66c                _init
 .init          0x000000000800c670        0x8 /Applications/STM32CubeIDE.app/Contents/Eclipse/plugins/com.st.stm32cube.ide.mcu.externaltools.gnu-tools-for-stm32.11.3.rel1.macos64_1.1.100.202310310803/tools/bin/../lib/gcc/arm-none-eabi/11.3.1/thumb/v7e-m+fp/hard/crtn.o
 *(.fini)
 .fini          0x000000000800c678        0x4 /Applications/STM32CubeIDE.app/Contents/Eclipse/plugins/com.st.stm32cube.ide.mcu.externaltools.gnu-tools-for-stm32.11.3.rel1.macos64_1.1.100.202310310803/tools/bin/../lib/gcc/arm-none-eabi/11.3.1/thumb/v7e-m+fp/hard/crti.o
                0x000000000800c678                _fini
 .fini          0x000000000800c67c        0x8 /Applications/STM32CubeIDE.app/Contents/Eclipse/plugins/com.st.stm32cube.ide.mcu.externaltools.gnu-tools-for-stm32.11.3.rel1.macos64_1.1.100.202310310803/tools/bin/../lib/gcc/arm-none-eabi/11.3.1/thumb/v7e-m+fp/hard/crtn.o
                0x000000000800c684                . = ALIGN (0x4)
                0x000000000800c684                _etext = .

.vfp11_veneer   0x000000000800c684        0x0
 .vfp11_veneer  0x000000000800c684        0x0 linker stubs

.v4_bx          0x000000000800c684        0x0
 .v4_bx         0x000000000800c684        0x0 linker stubs

.iplt           0x000000000800c684        0x0
 .iplt          0x000000000800c684        0x0 /Applications/STM32CubeIDE.app/Contents/Eclipse/plugins/com.st.stm32cube.ide.mcu.externaltools.gnu-tools-for-stm32.11.3.rel1.macos64_1.1.100.202310310803/tools/bin/../lib/gcc/arm-none-eabi/11.3.1/thumb/v7e-m+fp/hard/crtbegin.o

.rodata         0x000000000800c684       0xe4
                0x000000000800c684                . = ALIGN (0x4)
 *(.rodata)
 .rodata        0x000000000800c684        0x5 ./Middlewares/Third_Party/FreeRTOS/Source/tasks.o
 *fill*         0x000000000800c689        0x3 
 .rodata        0x000000000800c68c        0xd ./Middlewares/Third_Party/FreeRTOS/Source/timers.o
 *fill*         0x000000000800c699        0x3 
 .rodata        0x000000000800c69c       0x54 ./System/Thread/Src/FDCANTerminal.o
 .rodata        0x000000000800c6f0        0xd ./System/Thread/Src/PowerMonitor.o
 *(.rodata*)
 *fill*         0x000000000800c6fd        0x3 
 .rodata.AHBPrescTable
                0x000000000800c700       0x10 ./Core/Src/system_stm32g4xx.o
                0x000000000800c700                AHBPrescTable
 .rodata.DLCtoBytes
                0x000000000800c710       0x10 ./Drivers/STM32G4xx_HAL_Driver/Src/stm32g4xx_hal_fdcan.o
 .rodata._ZTV13FDCANTerminal
                0x000000000800c720       0x18 ./System/Thread/Src/FDCANTerminal.o
                0x000000000800c720                vtable for FDCANTerminal
 .rodata._ZTV6Thread
                0x000000000800c738       0x18 ./System/Thread/Src/FDCANTerminal.o
                0x000000000800c738                vtable for Thread
 .rodata._ZTV12PowerMonitor
                0x000000000800c750       0x18 ./System/Thread/Src/PowerMonitor.o
                0x000000000800c750                vtable for PowerMonitor
                0x000000000800c768                . = ALIGN (0x4)

.rel.dyn        0x000000000800c768        0x0
 .rel.iplt      0x000000000800c768        0x0 /Applications/STM32CubeIDE.app/Contents/Eclipse/plugins/com.st.stm32cube.ide.mcu.externaltools.gnu-tools-for-stm32.11.3.rel1.macos64_1.1.100.202310310803/tools/bin/../lib/gcc/arm-none-eabi/11.3.1/thumb/v7e-m+fp/hard/crtbegin.o

.ARM.extab      0x000000000800c768        0x0
                0x000000000800c768                . = ALIGN (0x4)
 *(.ARM.extab* .gnu.linkonce.armextab.*)
                0x000000000800c768                . = ALIGN (0x4)

.ARM            0x000000000800c768        0x0
                0x000000000800c768                . = ALIGN (0x4)
                0x000000000800c768                __exidx_start = .
 *(.ARM.exidx*)
                0x000000000800c768                __exidx_end = .
                0x000000000800c768                . = ALIGN (0x4)

.preinit_array  0x000000000800c768        0x0
                0x000000000800c768                . = ALIGN (0x4)
                0x000000000800c768                PROVIDE (__preinit_array_start = .)
 *(.preinit_array*)
                0x000000000800c768                PROVIDE (__preinit_array_end = .)
                0x000000000800c768                . = ALIGN (0x4)

.init_array     0x000000000800c768        0x4
                0x000000000800c768                . = ALIGN (0x4)
                0x000000000800c768                PROVIDE (__init_array_start = .)
 *(SORT_BY_NAME(.init_array.*))
 *(.init_array*)
 .init_array    0x000000000800c768        0x4 /Applications/STM32CubeIDE.app/Contents/Eclipse/plugins/com.st.stm32cube.ide.mcu.externaltools.gnu-tools-for-stm32.11.3.rel1.macos64_1.1.100.202310310803/tools/bin/../lib/gcc/arm-none-eabi/11.3.1/thumb/v7e-m+fp/hard/crtbegin.o
                0x000000000800c76c                PROVIDE (__init_array_end = .)
                0x000000000800c76c                . = ALIGN (0x4)

.fini_array     0x000000000800c76c        0x4
                0x000000000800c76c                . = ALIGN (0x4)
                [!provide]                        PROVIDE (__fini_array_start = .)
 *(SORT_BY_NAME(.fini_array.*))
 *(.fini_array*)
 .fini_array    0x000000000800c76c        0x4 /Applications/STM32CubeIDE.app/Contents/Eclipse/plugins/com.st.stm32cube.ide.mcu.externaltools.gnu-tools-for-stm32.11.3.rel1.macos64_1.1.100.202310310803/tools/bin/../lib/gcc/arm-none-eabi/11.3.1/thumb/v7e-m+fp/hard/crtbegin.o
                [!provide]                        PROVIDE (__fini_array_end = .)
                0x000000000800c770                . = ALIGN (0x4)
                0x000000000800c770                _sidata = LOADADDR (.data)

.data           0x0000000020000000       0x60 load address 0x000000000800c770
                0x0000000020000000                . = ALIGN (0x4)
                0x0000000020000000                _sdata = .
 *(.data)
 *(.data*)
 .data.SystemCoreClock
                0x0000000020000000        0x4 ./Core/Src/system_stm32g4xx.o
                0x0000000020000000                SystemCoreClock
 .data.uwTickPrio
                0x0000000020000004        0x4 ./Drivers/STM32G4xx_HAL_Driver/Src/stm32g4xx_hal.o
                0x0000000020000004                uwTickPrio
 .data.uwTickFreq
                0x0000000020000008        0x4 ./Drivers/STM32G4xx_HAL_Driver/Src/stm32g4xx_hal.o
                0x0000000020000008                uwTickFreq
 .data.uxCriticalNesting
                0x000000002000000c        0x4 ./Middlewares/Third_Party/FreeRTOS/Source/portable/GCC/ARM_CM4F/port.o
 .data._impure_data
                0x0000000020000010       0x4c /Applications/STM32CubeIDE.app/Contents/Eclipse/plugins/com.st.stm32cube.ide.mcu.externaltools.gnu-tools-for-stm32.11.3.rel1.macos64_1.1.100.202310310803/tools/bin/../lib/gcc/arm-none-eabi/11.3.1/../../../../arm-none-eabi/lib/thumb/v7e-m+fp/hard/libc_nano.a(libc_a-impure.o)
                0x0000000020000010                _impure_data
 .data._impure_ptr
                0x000000002000005c        0x4 /Applications/STM32CubeIDE.app/Contents/Eclipse/plugins/com.st.stm32cube.ide.mcu.externaltools.gnu-tools-for-stm32.11.3.rel1.macos64_1.1.100.202310310803/tools/bin/../lib/gcc/arm-none-eabi/11.3.1/../../../../arm-none-eabi/lib/thumb/v7e-m+fp/hard/libc_nano.a(libc_a-impure.o)
                0x000000002000005c                _impure_ptr
 *(.RamFunc)
 *(.RamFunc*)
                0x0000000020000060                . = ALIGN (0x4)
                0x0000000020000060                _edata = .

.igot.plt       0x0000000020000060        0x0 load address 0x000000000800c7d0
 .igot.plt      0x0000000020000060        0x0 /Applications/STM32CubeIDE.app/Contents/Eclipse/plugins/com.st.stm32cube.ide.mcu.externaltools.gnu-tools-for-stm32.11.3.rel1.macos64_1.1.100.202310310803/tools/bin/../lib/gcc/arm-none-eabi/11.3.1/thumb/v7e-m+fp/hard/crtbegin.o
                0x0000000020000060                . = ALIGN (0x4)

.bss            0x0000000020000060    0x1051c load address 0x000000000800c7d0
                0x0000000020000060                _sbss = .
                0x0000000020000060                __bss_start__ = _sbss
 *(.bss)
 .bss           0x0000000020000060       0x1c /Applications/STM32CubeIDE.app/Contents/Eclipse/plugins/com.st.stm32cube.ide.mcu.externaltools.gnu-tools-for-stm32.11.3.rel1.macos64_1.1.100.202310310803/tools/bin/../lib/gcc/arm-none-eabi/11.3.1/thumb/v7e-m+fp/hard/crtbegin.o
 *(.bss*)
 .bss.hcrc      0x000000002000007c       0x24 ./Core/Src/crc.o
                0x000000002000007c                hcrc
 .bss.hfdcan1   0x00000000200000a0       0x64 ./Core/Src/fdcan.o
                0x00000000200000a0                hfdcan1
 .bss.hfdcan2   0x0000000020000104       0x64 ./Core/Src/fdcan.o
                0x0000000020000104                hfdcan2
 .bss.HAL_RCC_FDCAN_CLK_ENABLED
                0x0000000020000168        0x4 ./Core/Src/fdcan.o
 .bss.hi2c2     0x000000002000016c       0x54 ./Core/Src/i2c.o
                0x000000002000016c                hi2c2
 .bss.hi2c3     0x00000000200001c0       0x54 ./Core/Src/i2c.o
                0x00000000200001c0                hi2c3
 .bss.hiwdg     0x0000000020000214       0x10 ./Core/Src/iwdg.o
                0x0000000020000214                hiwdg
 .bss.hspi1     0x0000000020000224       0x64 ./Core/Src/spi.o
                0x0000000020000224                hspi1
 .bss.hspi2     0x0000000020000288       0x64 ./Core/Src/spi.o
                0x0000000020000288                hspi2
 .bss.hspi3     0x00000000200002ec       0x64 ./Core/Src/spi.o
                0x00000000200002ec                hspi3
 .bss.__sbrk_heap_end
                0x0000000020000350        0x4 ./Core/Src/sysmem.o
 .bss.uwTick    0x0000000020000354        0x4 ./Drivers/STM32G4xx_HAL_Driver/Src/stm32g4xx_hal.o
                0x0000000020000354                uwTick
 .bss.cfgidx.0  0x0000000020000358        0x1 ./Middlewares/ST/STM32_USB_Device_Library/Core/Src/usbd_ctlreq.o
 *fill*         0x0000000020000359        0x3 
 .bss.KernelState
                0x000000002000035c        0x4 ./Middlewares/Third_Party/FreeRTOS/Source/CMSIS_RTOS_V2/cmsis_os2.o
 .bss.Idle_TCB.3
                0x0000000020000360       0xa8 ./Middlewares/Third_Party/FreeRTOS/Source/CMSIS_RTOS_V2/cmsis_os2.o
 .bss.Idle_Stack.2
                0x0000000020000408      0x200 ./Middlewares/Third_Party/FreeRTOS/Source/CMSIS_RTOS_V2/cmsis_os2.o
 .bss.Timer_TCB.1
                0x0000000020000608       0xa8 ./Middlewares/Third_Party/FreeRTOS/Source/CMSIS_RTOS_V2/cmsis_os2.o
 .bss.Timer_Stack.0
                0x00000000200006b0      0x400 ./Middlewares/Third_Party/FreeRTOS/Source/CMSIS_RTOS_V2/cmsis_os2.o
 .bss.xQueueRegistry
                0x0000000020000ab0       0x40 ./Middlewares/Third_Party/FreeRTOS/Source/queue.o
                0x0000000020000ab0                xQueueRegistry
 .bss.pxCurrentTCB
                0x0000000020000af0        0x4 ./Middlewares/Third_Party/FreeRTOS/Source/tasks.o
                0x0000000020000af0                pxCurrentTCB
 .bss.pxReadyTasksLists
                0x0000000020000af4      0x460 ./Middlewares/Third_Party/FreeRTOS/Source/tasks.o
 .bss.xDelayedTaskList1
                0x0000000020000f54       0x14 ./Middlewares/Third_Party/FreeRTOS/Source/tasks.o
 .bss.xDelayedTaskList2
                0x0000000020000f68       0x14 ./Middlewares/Third_Party/FreeRTOS/Source/tasks.o
 .bss.pxDelayedTaskList
                0x0000000020000f7c        0x4 ./Middlewares/Third_Party/FreeRTOS/Source/tasks.o
 .bss.pxOverflowDelayedTaskList
                0x0000000020000f80        0x4 ./Middlewares/Third_Party/FreeRTOS/Source/tasks.o
 .bss.xPendingReadyList
                0x0000000020000f84       0x14 ./Middlewares/Third_Party/FreeRTOS/Source/tasks.o
 .bss.xTasksWaitingTermination
                0x0000000020000f98       0x14 ./Middlewares/Third_Party/FreeRTOS/Source/tasks.o
 .bss.uxDeletedTasksWaitingCleanUp
                0x0000000020000fac        0x4 ./Middlewares/Third_Party/FreeRTOS/Source/tasks.o
 .bss.xSuspendedTaskList
                0x0000000020000fb0       0x14 ./Middlewares/Third_Party/FreeRTOS/Source/tasks.o
 .bss.uxCurrentNumberOfTasks
                0x0000000020000fc4        0x4 ./Middlewares/Third_Party/FreeRTOS/Source/tasks.o
 .bss.xTickCount
                0x0000000020000fc8        0x4 ./Middlewares/Third_Party/FreeRTOS/Source/tasks.o
 .bss.uxTopReadyPriority
                0x0000000020000fcc        0x4 ./Middlewares/Third_Party/FreeRTOS/Source/tasks.o
 .bss.xSchedulerRunning
                0x0000000020000fd0        0x4 ./Middlewares/Third_Party/FreeRTOS/Source/tasks.o
 .bss.xPendedTicks
                0x0000000020000fd4        0x4 ./Middlewares/Third_Party/FreeRTOS/Source/tasks.o
 .bss.xYieldPending
                0x0000000020000fd8        0x4 ./Middlewares/Third_Party/FreeRTOS/Source/tasks.o
 .bss.xNumOfOverflows
                0x0000000020000fdc        0x4 ./Middlewares/Third_Party/FreeRTOS/Source/tasks.o
 .bss.uxTaskNumber
                0x0000000020000fe0        0x4 ./Middlewares/Third_Party/FreeRTOS/Source/tasks.o
 .bss.xNextTaskUnblockTime
                0x0000000020000fe4        0x4 ./Middlewares/Third_Party/FreeRTOS/Source/tasks.o
 .bss.xIdleTaskHandle
                0x0000000020000fe8        0x4 ./Middlewares/Third_Party/FreeRTOS/Source/tasks.o
 .bss.uxSchedulerSuspended
                0x0000000020000fec        0x4 ./Middlewares/Third_Party/FreeRTOS/Source/tasks.o
 .bss.xActiveTimerList1
                0x0000000020000ff0       0x14 ./Middlewares/Third_Party/FreeRTOS/Source/timers.o
 .bss.xActiveTimerList2
                0x0000000020001004       0x14 ./Middlewares/Third_Party/FreeRTOS/Source/timers.o
 .bss.pxCurrentTimerList
                0x0000000020001018        0x4 ./Middlewares/Third_Party/FreeRTOS/Source/timers.o
 .bss.pxOverflowTimerList
                0x000000002000101c        0x4 ./Middlewares/Third_Party/FreeRTOS/Source/timers.o
 .bss.xTimerQueue
                0x0000000020001020        0x4 ./Middlewares/Third_Party/FreeRTOS/Source/timers.o
 .bss.xTimerTaskHandle
                0x0000000020001024        0x4 ./Middlewares/Third_Party/FreeRTOS/Source/timers.o
 .bss.xLastTime.2
                0x0000000020001028        0x4 ./Middlewares/Third_Party/FreeRTOS/Source/timers.o
 .bss.ucStaticTimerQueueStorage.1
                0x000000002000102c       0xa0 ./Middlewares/Third_Party/FreeRTOS/Source/timers.o
 .bss.xStaticTimerQueue.0
                0x00000000200010cc       0x50 ./Middlewares/Third_Party/FreeRTOS/Source/timers.o
 .bss.ucMaxSysCallPriority
                0x000000002000111c        0x1 ./Middlewares/Third_Party/FreeRTOS/Source/portable/GCC/ARM_CM4F/port.o
 *fill*         0x000000002000111d        0x3 
 .bss.ulMaxPRIGROUPValue
                0x0000000020001120        0x4 ./Middlewares/Third_Party/FreeRTOS/Source/portable/GCC/ARM_CM4F/port.o
 .bss.ucHeap    0x0000000020001124     0xf000 ./Middlewares/Third_Party/FreeRTOS/Source/portable/MemMang/heap_4.o
 .bss.xStart    0x0000000020010124        0x8 ./Middlewares/Third_Party/FreeRTOS/Source/portable/MemMang/heap_4.o
 .bss.pxEnd     0x000000002001012c        0x4 ./Middlewares/Third_Party/FreeRTOS/Source/portable/MemMang/heap_4.o
 .bss.xFreeBytesRemaining
                0x0000000020010130        0x4 ./Middlewares/Third_Party/FreeRTOS/Source/portable/MemMang/heap_4.o
 .bss.xMinimumEverFreeBytesRemaining
                0x0000000020010134        0x4 ./Middlewares/Third_Party/FreeRTOS/Source/portable/MemMang/heap_4.o
 .bss.xNumberOfSuccessfulAllocations
                0x0000000020010138        0x4 ./Middlewares/Third_Party/FreeRTOS/Source/portable/MemMang/heap_4.o
 .bss.xNumberOfSuccessfulFrees
                0x000000002001013c        0x4 ./Middlewares/Third_Party/FreeRTOS/Source/portable/MemMang/heap_4.o
 .bss.xBlockAllocatedBit
                0x0000000020010140        0x4 ./Middlewares/Third_Party/FreeRTOS/Source/portable/MemMang/heap_4.o
 .bss._ZZN13Communication4initEvE9fdcanterm
                0x0000000020010144        0x4 ./System/Core/Src/Communication.o
 .bss._ZGVZN13Communication4initEvE9fdcanterm
                0x0000000020010148        0x4 ./System/Core/Src/Communication.o
 .bss._ZZN6System4initEvE12powermonitor
                0x000000002001014c        0x4 ./System/Core/Src/System.o
 .bss._ZGVZN6System4initEvE12powermonitor
                0x0000000020010150        0x4 ./System/Core/Src/System.o
 .bss.hpcd_USB_FS
                0x0000000020010154      0x2dc ./USB_Device/Target/usbd_conf.o
                0x0000000020010154                hpcd_USB_FS
 .bss._ZN12_GLOBAL__N_113__new_handlerE
                0x0000000020010430        0x4 /Applications/STM32CubeIDE.app/Contents/Eclipse/plugins/com.st.stm32cube.ide.mcu.externaltools.gnu-tools-for-stm32.11.3.rel1.macos64_1.1.100.202310310803/tools/bin/../lib/gcc/arm-none-eabi/11.3.1/../../../../arm-none-eabi/lib/thumb/v7e-m+fp/hard/libstdc++_nano.a(new_handler.o)
 .bss.__malloc_free_list
                0x0000000020010434        0x4 /Applications/STM32CubeIDE.app/Contents/Eclipse/plugins/com.st.stm32cube.ide.mcu.externaltools.gnu-tools-for-stm32.11.3.rel1.macos64_1.1.100.202310310803/tools/bin/../lib/gcc/arm-none-eabi/11.3.1/../../../../arm-none-eabi/lib/thumb/v7e-m+fp/hard/libc_nano.a(libc_a-mallocr.o)
                0x0000000020010434                __malloc_free_list
 .bss.__malloc_sbrk_start
                0x0000000020010438        0x4 /Applications/STM32CubeIDE.app/Contents/Eclipse/plugins/com.st.stm32cube.ide.mcu.externaltools.gnu-tools-for-stm32.11.3.rel1.macos64_1.1.100.202310310803/tools/bin/../lib/gcc/arm-none-eabi/11.3.1/../../../../arm-none-eabi/lib/thumb/v7e-m+fp/hard/libc_nano.a(libc_a-mallocr.o)
                0x0000000020010438                __malloc_sbrk_start
 .bss.__sf      0x000000002001043c      0x138 /Applications/STM32CubeIDE.app/Contents/Eclipse/plugins/com.st.stm32cube.ide.mcu.externaltools.gnu-tools-for-stm32.11.3.rel1.macos64_1.1.100.202310310803/tools/bin/../lib/gcc/arm-none-eabi/11.3.1/../../../../arm-none-eabi/lib/thumb/v7e-m+fp/hard/libc_nano.a(libc_a-findfp.o)
                0x000000002001043c                __sf
 .bss.errno     0x0000000020010574        0x4 /Applications/STM32CubeIDE.app/Contents/Eclipse/plugins/com.st.stm32cube.ide.mcu.externaltools.gnu-tools-for-stm32.11.3.rel1.macos64_1.1.100.202310310803/tools/bin/../lib/gcc/arm-none-eabi/11.3.1/../../../../arm-none-eabi/lib/thumb/v7e-m+fp/hard/libc_nano.a(libc_a-reent.o)
                0x0000000020010574                errno
 .bss.__lock___malloc_recursive_mutex
                0x0000000020010578        0x1 /Applications/STM32CubeIDE.app/Contents/Eclipse/plugins/com.st.stm32cube.ide.mcu.externaltools.gnu-tools-for-stm32.11.3.rel1.macos64_1.1.100.202310310803/tools/bin/../lib/gcc/arm-none-eabi/11.3.1/../../../../arm-none-eabi/lib/thumb/v7e-m+fp/hard/libc_nano.a(libc_a-lock.o)
                0x0000000020010578                __lock___malloc_recursive_mutex
 *(COMMON)
                0x000000002001057c                . = ALIGN (0x4)
 *fill*         0x0000000020010579        0x3 
                0x000000002001057c                _ebss = .
                0x000000002001057c                __bss_end__ = _ebss

._user_heap_stack
                0x000000002001057c      0x604 load address 0x000000000800c7d0
                0x0000000020010580                . = ALIGN (0x8)
 *fill*         0x000000002001057c        0x4 
                [!provide]                        PROVIDE (end = .)
                0x0000000020010580                PROVIDE (_end = .)
                0x0000000020010780                . = (. + _Min_Heap_Size)
 *fill*         0x0000000020010580      0x200 
                0x0000000020010b80                . = (. + _Min_Stack_Size)
 *fill*         0x0000000020010780      0x400 
                0x0000000020010b80                . = ALIGN (0x8)

/DISCARD/
 libc.a(*)
 libm.a(*)
 libgcc.a(*)

.ARM.attributes
                0x0000000000000000       0x30
 *(.ARM.attributes)
 .ARM.attributes
                0x0000000000000000       0x1e /Applications/STM32CubeIDE.app/Contents/Eclipse/plugins/com.st.stm32cube.ide.mcu.externaltools.gnu-tools-for-stm32.11.3.rel1.macos64_1.1.100.202310310803/tools/bin/../lib/gcc/arm-none-eabi/11.3.1/thumb/v7e-m+fp/hard/crti.o
 .ARM.attributes
                0x000000000000001e       0x34 /Applications/STM32CubeIDE.app/Contents/Eclipse/plugins/com.st.stm32cube.ide.mcu.externaltools.gnu-tools-for-stm32.11.3.rel1.macos64_1.1.100.202310310803/tools/bin/../lib/gcc/arm-none-eabi/11.3.1/thumb/v7e-m+fp/hard/crtbegin.o
 .ARM.attributes
                0x0000000000000052       0x34 ./Core/Src/crc.o
 .ARM.attributes
                0x0000000000000086       0x34 ./Core/Src/fdcan.o
 .ARM.attributes
                0x00000000000000ba       0x34 ./Core/Src/freertos.o
 .ARM.attributes
                0x00000000000000ee       0x34 ./Core/Src/gpio.o
 .ARM.attributes
                0x0000000000000122       0x34 ./Core/Src/i2c.o
 .ARM.attributes
                0x0000000000000156       0x34 ./Core/Src/iwdg.o
 .ARM.attributes
                0x000000000000018a       0x34 ./Core/Src/main.o
 .ARM.attributes
                0x00000000000001be       0x34 ./Core/Src/spi.o
 .ARM.attributes
                0x00000000000001f2       0x34 ./Core/Src/stm32g4xx_hal_msp.o
 .ARM.attributes