Archive member included to satisfy reference by file (symbol)

/Applications/STM32CubeIDE.app/Contents/Eclipse/plugins/com.st.stm32cube.ide.mcu.externaltools.gnu-tools-for-stm32.11.3.rel1.macos64_1.1.100.202310310803/tools/bin/../lib/gcc/arm-none-eabi/11.3.1/../../../../arm-none-eabi/lib/thumb/v7e-m+fp/hard/libstdc++_nano.a(del_ops.o)
                              ./System/Thread/Src/PowerMonitor.o (operator delete(void*, unsigned int))
/Applications/STM32CubeIDE.app/Contents/Eclipse/plugins/com.st.stm32cube.ide.mcu.externaltools.gnu-tools-for-stm32.11.3.rel1.macos64_1.1.100.202310310803/tools/bin/../lib/gcc/arm-none-eabi/11.3.1/../../../../arm-none-eabi/lib/thumb/v7e-m+fp/hard/libstdc++_nano.a(guard.o)
                              ./System/Core/Src/System.o (__cxa_guard_acquire)
/Applications/STM32CubeIDE.app/Contents/Eclipse/plugins/com.st.stm32cube.ide.mcu.externaltools.gnu-tools-for-stm32.11.3.rel1.macos64_1.1.100.202310310803/tools/bin/../lib/gcc/arm-none-eabi/11.3.1/../../../../arm-none-eabi/lib/thumb/v7e-m+fp/hard/libstdc++_nano.a(new_op.o)
                              ./System/Core/Src/System.o (operator new(unsigned int))
/Applications/STM32CubeIDE.app/Contents/Eclipse/plugins/com.st.stm32cube.ide.mcu.externaltools.gnu-tools-for-stm32.11.3.rel1.macos64_1.1.100.202310310803/tools/bin/../lib/gcc/arm-none-eabi/11.3.1/../../../../arm-none-eabi/lib/thumb/v7e-m+fp/hard/libstdc++_nano.a(del_op.o)
                              /Applications/STM32CubeIDE.app/Contents/Eclipse/plugins/com.st.stm32cube.ide.mcu.externaltools.gnu-tools-for-stm32.11.3.rel1.macos64_1.1.100.202310310803/tools/bin/../lib/gcc/arm-none-eabi/11.3.1/../../../../arm-none-eabi/lib/thumb/v7e-m+fp/hard/libstdc++_nano.a(del_ops.o) (operator delete(void*))
/Applications/STM32CubeIDE.app/Contents/Eclipse/plugins/com.st.stm32cube.ide.mcu.externaltools.gnu-tools-for-stm32.11.3.rel1.macos64_1.1.100.202310310803/tools/bin/../lib/gcc/arm-none-eabi/11.3.1/../../../../arm-none-eabi/lib/thumb/v7e-m+fp/hard/libstdc++_nano.a(new_handler.o)
                              /Applications/STM32CubeIDE.app/Contents/Eclipse/plugins/com.st.stm32cube.ide.mcu.externaltools.gnu-tools-for-stm32.11.3.rel1.macos64_1.1.100.202310310803/tools/bin/../lib/gcc/arm-none-eabi/11.3.1/../../../../arm-none-eabi/lib/thumb/v7e-m+fp/hard/libstdc++_nano.a(new_op.o) (std::get_new_handler())
/Applications/STM32CubeIDE.app/Contents/Eclipse/plugins/com.st.stm32cube.ide.mcu.externaltools.gnu-tools-for-stm32.11.3.rel1.macos64_1.1.100.202310310803/tools/bin/../lib/gcc/arm-none-eabi/11.3.1/../../../../arm-none-eabi/lib/thumb/v7e-m+fp/hard/libc_nano.a(libc_a-abort.o)
                              /Applications/STM32CubeIDE.app/Contents/Eclipse/plugins/com.st.stm32cube.ide.mcu.externaltools.gnu-tools-for-stm32.11.3.rel1.macos64_1.1.100.202310310803/tools/bin/../lib/gcc/arm-none-eabi/11.3.1/../../../../arm-none-eabi/lib/thumb/v7e-m+fp/hard/libstdc++_nano.a(new_op.o) (abort)
/Applications/STM32CubeIDE.app/Contents/Eclipse/plugins/com.st.stm32cube.ide.mcu.externaltools.gnu-tools-for-stm32.11.3.rel1.macos64_1.1.100.202310310803/tools/bin/../lib/gcc/arm-none-eabi/11.3.1/../../../../arm-none-eabi/lib/thumb/v7e-m+fp/hard/libc_nano.a(libc_a-exit.o)
                              /Applications/STM32CubeIDE.app/Contents/Eclipse/plugins/com.st.stm32cube.ide.mcu.externaltools.gnu-tools-for-stm32.11.3.rel1.macos64_1.1.100.202310310803/tools/bin/../lib/gcc/arm-none-eabi/11.3.1/../../../../arm-none-eabi/lib/thumb/v7e-m+fp/hard/crt0.o (exit)
/Applications/STM32CubeIDE.app/Contents/Eclipse/plugins/com.st.stm32cube.ide.mcu.externaltools.gnu-tools-for-stm32.11.3.rel1.macos64_1.1.100.202310310803/tools/bin/../lib/gcc/arm-none-eabi/11.3.1/../../../../arm-none-eabi/lib/thumb/v7e-m+fp/hard/libc_nano.a(libc_a-malloc.o)
                              /Applications/STM32CubeIDE.app/Contents/Eclipse/plugins/com.st.stm32cube.ide.mcu.externaltools.gnu-tools-for-stm32.11.3.rel1.macos64_1.1.100.202310310803/tools/bin/../lib/gcc/arm-none-eabi/11.3.1/../../../../arm-none-eabi/lib/thumb/v7e-m+fp/hard/libstdc++_nano.a(new_op.o) (malloc)
/Applications/STM32CubeIDE.app/Contents/Eclipse/plugins/com.st.stm32cube.ide.mcu.externaltools.gnu-tools-for-stm32.11.3.rel1.macos64_1.1.100.202310310803/tools/bin/../lib/gcc/arm-none-eabi/11.3.1/../../../../arm-none-eabi/lib/thumb/v7e-m+fp/hard/libc_nano.a(libc_a-mallocr.o)
                              /Applications/STM32CubeIDE.app/Contents/Eclipse/plugins/com.st.stm32cube.ide.mcu.externaltools.gnu-tools-for-stm32.11.3.rel1.macos64_1.1.100.202310310803/tools/bin/../lib/gcc/arm-none-eabi/11.3.1/../../../../arm-none-eabi/lib/thumb/v7e-m+fp/hard/libc_nano.a(libc_a-malloc.o) (_malloc_r)
/Applications/STM32CubeIDE.app/Contents/Eclipse/plugins/com.st.stm32cube.ide.mcu.externaltools.gnu-tools-for-stm32.11.3.rel1.macos64_1.1.100.202310310803/tools/bin/../lib/gcc/arm-none-eabi/11.3.1/../../../../arm-none-eabi/lib/thumb/v7e-m+fp/hard/libc_nano.a(libc_a-mlock.o)
[...]
Memory Configuration

Name             Origin             Length             Attributes
RAM              0x0000000020000000 0x0000000000020000 xrw
FLASH            0x0000000008000000 0x0000000000080000 xr
*default*        0x0000000000000000 0xffffffffffffffff

Linker script and memory map

LOAD /Applications/STM32CubeIDE.app/Contents/Eclipse/plugins/com.st.stm32cube.ide.mcu.externaltools.gnu-tools-for-stm32.11.3.rel1.macos64_1.1.100.202310310803/tools/bin/../lib/gcc/arm-none-eabi/11.3.1/thumb/v7e-m+fp/hard/crti.o
LOAD /Applications/STM32CubeIDE.app/Contents/Eclipse/plugins/com.st.stm32cube.ide.mcu.externaltools.gnu-tools-for-stm32.11.3.rel1.macos64_1.1.100.202310310803/tools/bin/../lib/gcc/arm-none-eabi/11.3.1/thumb/v7e-m+fp/hard/crtbegin.o
LOAD /Applications/STM32CubeIDE.app/Contents/Eclipse/plugins/com.st.stm32cube.ide.mcu.externaltools.gnu-tools-for-stm32.11.3.rel1.macos64_1.1.100.202310310803/tools/bin/../lib/gcc/arm-none-eabi/11.3.1/../../../../arm-none-eabi/lib/thumb/v7e-m+fp/hard/crt0.o
LOAD ./Core/Src/crc.o
LOAD ./Core/Src/fdcan.o
LOAD ./Core/Src/freertos.o
LOAD ./Core/Src/gpio.o
LOAD ./Core/Src/i2c.o
LOAD ./Core/Src/iwdg.o
LOAD ./Core/Src/main.o
LOAD ./Core/Src/spi.o
LOAD ./Core/Src/stm32g4xx_hal_msp.o
LOAD ./Core/Src/stm32g4xx_it.o
LOAD ./Core/Src/syscalls.o
LOAD ./Core/Src/sysmem.o
LOAD ./Core/Src/system_stm32g4xx.o
LOAD ./Core/Startup/startup_stm32g483retx.o
LOAD ./Drivers/STM32G4xx_HAL_Driver/Src/stm32g4xx_hal.o
LOAD ./Drivers/STM32G4xx_HAL_Driver/Src/stm32g4xx_hal_cortex.o
LOAD ./Drivers/STM32G4xx_HAL_Driver/Src/stm32g4xx_hal_crc.o
LOAD ./Drivers/STM32G4xx_HAL_Driver/Src/stm32g4xx_hal_crc_ex.o
LOAD ./Drivers/STM32G4xx_HAL_Driver/Src/stm32g4xx_hal_dma.o
LOAD ./Drivers/STM32G4xx_HAL_Driver/Src/stm32g4xx_hal_dma_ex.o
LOAD ./Drivers/STM32G4xx_HAL_Driver/Src/stm32g4xx_hal_exti.o
LOAD ./Drivers/STM32G4xx_HAL_Driver/Src/stm32g4xx_hal_fdcan.o
LOAD ./Drivers/STM32G4xx_HAL_Driver/Src/stm32g4xx_hal_flash.o
LOAD ./Drivers/STM32G4xx_HAL_Driver/Src/stm32g4xx_hal_flash_ex.o
LOAD ./Drivers/STM32G4xx_HAL_Driver/Src/stm32g4xx_hal_flash_ramfunc.o
LOAD ./Drivers/STM32G4xx_HAL_Driver/Src/stm32g4xx_hal_gpio.o
LOAD ./Drivers/STM32G4xx_HAL_Driver/Src/stm32g4xx_hal_i2c.o
LOAD ./Drivers/STM32G4xx_HAL_Driver/Src/stm32g4xx_hal_i2c_ex.o
LOAD ./Drivers/STM32G4xx_HAL_Driver/Src/stm32g4xx_hal_iwdg.o
LOAD ./Drivers/STM32G4xx_HAL_Driver/Src/stm32g4xx_hal_pcd.o
LOAD ./Drivers/STM32G4xx_HAL_Driver/Src/stm32g4xx_hal_pcd_ex.o
LOAD ./Drivers/STM32G4xx_HAL_Driver/Src/stm32g4xx_hal_pwr.o
LOAD ./Drivers/STM32G4xx_HAL_Driver/Src/stm32g4xx_hal_pwr_ex.o
LOAD ./Drivers/STM32G4xx_HAL_Driver/Src/stm32g4xx_hal_rcc.o
LOAD ./Drivers/STM32G4xx_HAL_Driver/Src/stm32g4xx_hal_rcc_ex.o
LOAD ./Drivers/STM32G4xx_HAL_Driver/Src/stm32g4xx_hal_spi.o
LOAD ./Drivers/STM32G4xx_HAL_Driver/Src/stm32g4xx_hal_spi_ex.o
LOAD ./Drivers/STM32G4xx_HAL_Driver/Src/stm32g4xx_hal_tim.o
LOAD ./Drivers/STM32G4xx_HAL_Driver/Src/stm32g4xx_hal_tim_ex.o
LOAD ./Drivers/STM32G4xx_HAL_Driver/Src/stm32g4xx_ll_usb.o
LOAD ./Middlewares/ST/STM32_USB_Device_Library/Class/CDC/Src/usbd_cdc.o
LOAD ./Middlewares/ST/STM32_USB_Device_Library/Core/Src/usbd_core.o
LOAD ./Middlewares/ST/STM32_USB_Device_Library/Core/Src/usbd_ctlreq.o
LOAD ./Middlewares/ST/STM32_USB_Device_Library/Core/Src/usbd_ioreq.o
LOAD ./Middlewares/Third_Party/FreeRTOS/Source/CMSIS_RTOS_V2/cmsis_os2.o
LOAD ./Middlewares/Third_Party/FreeRTOS/Source/croutine.o
LOAD ./Middlewares/Third_Party/FreeRTOS/Source/event_groups.o
LOAD ./Middlewares/Third_Party/FreeRTOS/Source/list.o
LOAD ./Middlewares/Third_Party/FreeRTOS/Source/queue.o
LOAD ./Middlewares/Third_Party/FreeRTOS/Source/stream_buffer.o
LOAD ./Middlewares/Third_Party/FreeRTOS/Source/tasks.o
LOAD ./Middlewares/Third_Party/FreeRTOS/Source/timers.o
LOAD ./Middlewares/Third_Party/FreeRTOS/Source/portable/GCC/ARM_CM4F/port.o
LOAD ./Middlewares/Third_Party/FreeRTOS/Source/portable/MemMang/heap_4.o
LOAD ./System/Core/Src/System.o
LOAD ./System/Thread/Src/PowerMonitor.o
LOAD ./System/Thread/Src/Thread.o
LOAD ./USB_Device/App/usb_device.o
LOAD ./USB_Device/App/usbd_cdc_if.o
LOAD ./USB_Device/App/usbd_desc.o
LOAD ./USB_Device/Target/usbd_conf.o
START GROUP
LOAD /Applications/STM32CubeIDE.app/Contents/Eclipse/plugins/com.st.stm32cube.ide.mcu.externaltools.gnu-tools-for-stm32.11.3.rel1.macos64_1.1.100.202310310803/tools/bin/../lib/gcc/arm-none-eabi/11.3.1/../../../../arm-none-eabi/lib/thumb/v7e-m+fp/hard/libstdc++_nano.a
LOAD /Applications/STM32CubeIDE.app/Contents/Eclipse/plugins/com.st.stm32cube.ide.mcu.externaltools.gnu-tools-for-stm32.11.3.rel1.macos64_1.1.100.202310310803/tools/bin/../lib/gcc/arm-none-eabi/11.3.1/../../../../arm-none-eabi/lib/thumb/v7e-m+fp/hard/libsupc++_nano.a
END GROUP
LOAD /Applications/STM32CubeIDE.app/Contents/Eclipse/plugins/com.st.stm32cube.ide.mcu.externaltools.gnu-tools-for-stm32.11.3.rel1.macos64_1.1.100.202310310803/tools/bin/../lib/gcc/arm-none-eabi/11.3.1/../../../../arm-none-eabi/lib/thumb/v7e-m+fp/hard/libstdc++_nano.a
LOAD /Applications/STM32CubeIDE.app/Contents/Eclipse/plugins/com.st.stm32cube.ide.mcu.externaltools.gnu-tools-for-stm32.11.3.rel1.macos64_1.1.100.202310310803/tools/bin/../lib/gcc/arm-none-eabi/11.3.1/../../../../arm-none-eabi/lib/thumb/v7e-m+fp/hard/libm.a
LOAD /Applications/STM32CubeIDE.app/Contents/Eclipse/plugins/com.st.stm32cube.ide.mcu.externaltools.gnu-tools-for-stm32.11.3.rel1.macos64_1.1.100.202310310803/tools/bin/../lib/gcc/arm-none-eabi/11.3.1/../../../../arm-none-eabi/lib/thumb/v7e-m+fp/hard/libc_nano.a
START GROUP
LOAD /Applications/STM32CubeIDE.app/Contents/Eclipse/plugins/com.st.stm32cube.ide.mcu.externaltools.gnu-tools-for-stm32.11.3.rel1.macos64_1.1.100.202310310803/tools/bin/../lib/gcc/arm-none-eabi/11.3.1/thumb/v7e-m+fp/hard/libgcc.a
LOAD /Applications/STM32CubeIDE.app/Contents/Eclipse/plugins/com.st.stm32cube.ide.mcu.externaltools.gnu-tools-for-stm32.11.3.rel1.macos64_1.1.100.202310310803/tools/bin/../lib/gcc/arm-none-eabi/11.3.1/../../../../arm-none-eabi/lib/thumb/v7e-m+fp/hard/libc_nano.a
END GROUP
START GROUP
LOAD /Applications/STM32CubeIDE.app/Contents/Eclipse/plugins/com.st.stm32cube.ide.mcu.externaltools.gnu-tools-for-stm32.11.3.rel1.macos64_1.1.100.202310310803/tools/bin/../lib/gcc/arm-none-eabi/11.3.1/thumb/v7e-m+fp/hard/libgcc.a
LOAD /Applications/STM32CubeIDE.app/Contents/Eclipse/plugins/com.st.stm32cube.ide.mcu.externaltools.gnu-tools-for-stm32.11.3.rel1.macos64_1.1.100.202310310803/tools/bin/../lib/gcc/arm-none-eabi/11.3.1/../../../../arm-none-eabi/lib/thumb/v7e-m+fp/hard/libc_nano.a
LOAD /Applications/STM32CubeIDE.app/Contents/Eclipse/plugins/com.st.stm32cube.ide.mcu.externaltools.gnu-tools-for-stm32.11.3.rel1.macos64_1.1.100.202310310803/tools/bin/../lib/gcc/arm-none-eabi/11.3.1/../../../../arm-none-eabi/lib/thumb/v7e-m+fp/hard/libnosys.a
END GROUP
START GROUP
LOAD /Applications/STM32CubeIDE.app/Contents/Eclipse/plugins/com.st.stm32cube.ide.mcu.externaltools.gnu-tools-for-stm32.11.3.rel1.macos64_1.1.100.202310310803/tools/bin/../lib/gcc/arm-none-eabi/11.3.1/thumb/v7e-m+fp/hard/libgcc.a
LOAD /Applications/STM32CubeIDE.app/Contents/Eclipse/plugins/com.st.stm32cube.ide.mcu.externaltools.gnu-tools-for-stm32.11.3.rel1.macos64_1.1.100.202310310803/tools/bin/../lib/gcc/arm-none-eabi/11.3.1/../../../../arm-none-eabi/lib/thumb/v7e-m+fp/hard/libc_nano.a
LOAD /Applications/STM32CubeIDE.app/Contents/Eclipse/plugins/com.st.stm32cube.ide.mcu.externaltools.gnu-tools-for-stm32.11.3.rel1.macos64_1.1.100.202310310803/tools/bin/../lib/gcc/arm-none-eabi/11.3.1/../../../../arm-none-eabi/lib/thumb/v7e-m+fp/hard/libnosys.a
END GROUP
LOAD /Applications/STM32CubeIDE.app/Contents/Eclipse/plugins/com.st.stm32cube.ide.mcu.externaltools.gnu-tools-for-stm32.11.3.rel1.macos64_1.1.100.202310310803/tools/bin/../lib/gcc/arm-none-eabi/11.3.1/thumb/v7e-m+fp/hard/crtend.o
LOAD /Applications/STM32CubeIDE.app/Contents/Eclipse/plugins/com.st.stm32cube.ide.mcu.externaltools.gnu-tools-for-stm32.11.3.rel1.macos64_1.1.100.202310310803/tools/bin/../lib/gcc/arm-none-eabi/11.3.1/thumb/v7e-m+fp/hard/crtn.o
                0x0000000020020000                _estack = (ORIGIN (RAM) + LENGTH (RAM))
                0x0000000000000200                _Min_Heap_Size = 0x200
                0x0000000000000400                _Min_Stack_Size = 0x400

.isr_vector     0x0000000008000000      0x1d8
                0x0000000008000000                . = ALIGN (0x4)
 *(.isr_vector)
 .isr_vector    0x0000000008000000      0x1d8 ./Core/Startup/startup_stm32g483retx.o
                0x0000000008000000                g_pfnVectors
                0x00000000080001d8                . = ALIGN (0x4)

.text           0x00000000080001e0     0xbb40
                0x00000000080001e0                . = ALIGN (0x4)
 *(.text)
 .text          0x00000000080001e0       0x40 /Applications/STM32CubeIDE.app/Contents/Eclipse/plugins/com.st.stm32cube.ide.mcu.externaltools.gnu-tools-for-stm32.11.3.rel1.macos64_1.1.100.202310310803/tools/bin/../lib/gcc/arm-none-eabi/11.3.1/thumb/v7e-m+fp/hard/crtbegin.o
 *(.text*)
 .text.MX_CRC_Init
                0x0000000008000220       0x58 ./Core/Src/crc.o
                0x0000000008000220                MX_CRC_Init
 .text.HAL_CRC_MspInit
                0x0000000008000278       0x40 ./Core/Src/crc.o
                0x0000000008000278                HAL_CRC_MspInit
 .text.MX_FDCAN1_Init
                0x00000000080002b8       0x8c ./Core/Src/fdcan.o
                0x00000000080002b8                MX_FDCAN1_Init
 .text.MX_FDCAN2_Init
                0x0000000008000344       0x8c ./Core/Src/fdcan.o
                0x0000000008000344                MX_FDCAN2_Init
 .text.HAL_FDCAN_MspInit
                0x00000000080003d0      0x160 ./Core/Src/fdcan.o
                0x00000000080003d0                HAL_FDCAN_MspInit
 .text.MX_FREERTOS_Init
                0x0000000008000530        0xc ./Core/Src/freertos.o
                0x0000000008000530                MX_FREERTOS_Init
 .text.MX_GPIO_Init
                0x000000000800053c      0x1a4 ./Core/Src/gpio.o
                0x000000000800053c                MX_GPIO_Init
 .text.MX_I2C2_Init
                0x00000000080006e0       0x80 ./Core/Src/i2c.o
                0x00000000080006e0                MX_I2C2_Init
 .text.MX_I2C3_Init
                0x0000000008000760       0x80 ./Core/Src/i2c.o
                0x0000000008000760                MX_I2C3_Init
 .text.HAL_I2C_MspInit
                0x00000000080007e0      0x134 ./Core/Src/i2c.o
                0x00000000080007e0                HAL_I2C_MspInit
 .text.MX_IWDG_Init
                0x0000000008000914       0x3c ./Core/Src/iwdg.o
                0x0000000008000914                MX_IWDG_Init
 .text.main     0x0000000008000950       0x42 ./Core/Src/main.o
                0x0000000008000950                main
 .text.SystemClock_Config
                0x0000000008000992       0x98 ./Core/Src/main.o
                0x0000000008000992                SystemClock_Config
 .text.Error_Handler
                0x0000000008000a2a        0xa ./Core/Src/main.o
                0x0000000008000a2a                Error_Handler
 .text.MX_SPI1_Init
                0x0000000008000a34       0x7c ./Core/Src/spi.o
                0x0000000008000a34                MX_SPI1_Init
 .text.MX_SPI2_Init
                0x0000000008000ab0       0x7c ./Core/Src/spi.o
                0x0000000008000ab0                MX_SPI2_Init
 .text.MX_SPI3_Init
                0x0000000008000b2c       0x7c ./Core/Src/spi.o
                0x0000000008000b2c                MX_SPI3_Init
 .text.HAL_SPI_MspInit
                0x0000000008000ba8      0x18c ./Core/Src/spi.o
                0x0000000008000ba8                HAL_SPI_MspInit
 .text.HAL_MspInit
                0x0000000008000d34       0x50 ./Core/Src/stm32g4xx_hal_msp.o
                0x0000000008000d34                HAL_MspInit
 .text.NMI_Handler
                0x0000000008000d84        0x6 ./Core/Src/stm32g4xx_it.o
                0x0000000008000d84                NMI_Handler
 .text.HardFault_Handler
                0x0000000008000d8a        0x6 ./Core/Src/stm32g4xx_it.o
                0x0000000008000d8a                HardFault_Handler
 .text.MemManage_Handler
                0x0000000008000d90        0x6 ./Core/Src/stm32g4xx_it.o
                0x0000000008000d90                MemManage_Handler
 .text.BusFault_Handler
                0x0000000008000d96        0x6 ./Core/Src/stm32g4xx_it.o
                0x0000000008000d96                BusFault_Handler
 .text.UsageFault_Handler
                0x0000000008000d9c        0x6 ./Core/Src/stm32g4xx_it.o
                0x0000000008000d9c                UsageFault_Handler
 .text.DebugMon_Handler
                0x0000000008000da2        0xe ./Core/Src/stm32g4xx_it.o
                0x0000000008000da2                DebugMon_Handler
 .text.SysTick_Handler
                0x0000000008000db0       0x1a ./Core/Src/stm32g4xx_it.o
                0x0000000008000db0                SysTick_Handler
 *fill*         0x0000000008000dca        0x2 
 .text.USB_LP_IRQHandler
                0x0000000008000dcc       0x14 ./Core/Src/stm32g4xx_it.o
                0x0000000008000dcc                USB_LP_IRQHandler
 .text._getpid  0x0000000008000de0       0x10 ./Core/Src/syscalls.o
                0x0000000008000de0                _getpid
 .text._kill    0x0000000008000df0       0x20 ./Core/Src/syscalls.o
                0x0000000008000df0                _kill
 .text._exit    0x0000000008000e10       0x14 ./Core/Src/syscalls.o
                0x0000000008000e10                _exit
 .text._sbrk    0x0000000008000e24       0x6c ./Core/Src/sysmem.o
                0x0000000008000e24                _sbrk
 .text.SystemInit
                0x0000000008000e90       0x24 ./Core/Src/system_stm32g4xx.o
                0x0000000008000e90                SystemInit
 .text.Reset_Handler
                0x0000000008000eb4       0x50 ./Core/Startup/startup_stm32g483retx.o
                0x0000000008000eb4                Reset_Handler
 .text.Default_Handler
                0x0000000008000f04        0x2 ./Core/Startup/startup_stm32g483retx.o
                0x0000000008000f04                TIM1_BRK_TIM15_IRQHandler
                0x0000000008000f04                EXTI2_IRQHandler
                0x0000000008000f04                TIM8_TRG_COM_IRQHandler
                0x0000000008000f04                TIM8_CC_IRQHandler
                0x0000000008000f04                SPI4_IRQHandler
                0x0000000008000f04                FDCAN3_IT0_IRQHandler
                0x0000000008000f04                TIM1_CC_IRQHandler
                0x0000000008000f04                USB_HP_IRQHandler
                0x0000000008000f04                CORDIC_IRQHandler
                0x0000000008000f04                DMA2_Channel8_IRQHandler
                0x0000000008000f04                EXTI3_IRQHandler
                0x0000000008000f04                I2C3_ER_IRQHandler
                0x0000000008000f04                EXTI0_IRQHandler
                0x0000000008000f04                I2C2_EV_IRQHandler
                0x0000000008000f04                FPU_IRQHandler
                0x0000000008000f04                FDCAN1_IT1_IRQHandler
                0x0000000008000f04                TIM1_UP_TIM16_IRQHandler
                0x0000000008000f04                ADC1_2_IRQHandler
                0x0000000008000f04                SPI1_IRQHandler
                0x0000000008000f04                TIM6_DAC_IRQHandler
                0x0000000008000f04                TIM8_UP_IRQHandler
                0x0000000008000f04                DMA2_Channel2_IRQHandler
                0x0000000008000f04                DMA1_Channel4_IRQHandler
                0x0000000008000f04                TIM20_TRG_COM_IRQHandler
                0x0000000008000f04                USART3_IRQHandler
                0x0000000008000f04                DMA1_Channel7_IRQHandler
                0x0000000008000f04                UART5_IRQHandler
                0x0000000008000f04                ADC3_IRQHandler
                0x0000000008000f04                TIM4_IRQHandler
                0x0000000008000f04                DMA2_Channel1_IRQHandler
                0x0000000008000f04                QUADSPI_IRQHandler
                0x0000000008000f04                I2C1_EV_IRQHandler
                0x0000000008000f04                DMA1_Channel6_IRQHandler
                0x0000000008000f04                UART4_IRQHandler
                0x0000000008000f04                DMA2_Channel4_IRQHandler
                0x0000000008000f04                TIM3_IRQHandler
                0x0000000008000f04                RCC_IRQHandler
                0x0000000008000f04                TIM20_UP_IRQHandler
                0x0000000008000f04                DMA1_Channel1_IRQHandler
                0x0000000008000f04                Default_Handler
                0x0000000008000f04                DMA2_Channel7_IRQHandler
                0x0000000008000f04                RTC_TAMP_LSECSS_IRQHandler
                0x0000000008000f04                FMAC_IRQHandler
                0x0000000008000f04                EXTI15_10_IRQHandler
                0x0000000008000f04                DMA1_Channel8_IRQHandler
                0x0000000008000f04                TIM7_DAC_IRQHandler
                0x0000000008000f04                FDCAN3_IT1_IRQHandler
                0x0000000008000f04                TIM5_IRQHandler
                0x0000000008000f04                UCPD1_IRQHandler
                0x0000000008000f04                I2C3_EV_IRQHandler
                0x0000000008000f04                EXTI9_5_IRQHandler
                0x0000000008000f04                RTC_WKUP_IRQHandler
                0x0000000008000f04                PVD_PVM_IRQHandler
                0x0000000008000f04                SPI2_IRQHandler
                0x0000000008000f04                ADC5_IRQHandler
                0x0000000008000f04                DMA2_Channel5_IRQHandler
                0x0000000008000f04                CRS_IRQHandler
                0x0000000008000f04                DMA1_Channel5_IRQHandler
                0x0000000008000f04                EXTI4_IRQHandler
                0x0000000008000f04                RNG_IRQHandler
                0x0000000008000f04                TIM1_TRG_COM_TIM17_IRQHandler
                0x0000000008000f04                FDCAN2_IT1_IRQHandler
                0x0000000008000f04                DMA1_Channel3_IRQHandler
                0x0000000008000f04                ADC4_IRQHandler
                0x0000000008000f04                WWDG_IRQHandler
                0x0000000008000f04                I2C4_EV_IRQHandler
                0x0000000008000f04                FDCAN2_IT0_IRQHandler
                0x0000000008000f04                LPUART1_IRQHandler
                0x0000000008000f04                DMA2_Channel6_IRQHandler
                0x0000000008000f04                FDCAN1_IT0_IRQHandler
                0x0000000008000f04                TIM2_IRQHandler
                0x0000000008000f04                COMP7_IRQHandler
                0x0000000008000f04                COMP1_2_3_IRQHandler
                0x0000000008000f04                EXTI1_IRQHandler
                0x0000000008000f04                AES_IRQHandler
                0x0000000008000f04                USART2_IRQHandler
                0x0000000008000f04                COMP4_5_6_IRQHandler
                0x0000000008000f04                TIM20_BRK_IRQHandler
                0x0000000008000f04                I2C2_ER_IRQHandler
                0x0000000008000f04                DMA1_Channel2_IRQHandler
                0x0000000008000f04                TIM8_BRK_IRQHandler
                0x0000000008000f04                FLASH_IRQHandler
                0x0000000008000f04                TIM20_CC_IRQHandler
                0x0000000008000f04                USART1_IRQHandler
                0x0000000008000f04                SPI3_IRQHandler
                0x0000000008000f04                I2C1_ER_IRQHandler
                0x0000000008000f04                FMC_IRQHandler
                0x0000000008000f04                LPTIM1_IRQHandler
                0x0000000008000f04                DMAMUX_OVR_IRQHandler
                0x0000000008000f04                I2C4_ER_IRQHandler
                0x0000000008000f04                USBWakeUp_IRQHandler
                0x0000000008000f04                SAI1_IRQHandler
                0x0000000008000f04                DMA2_Channel3_IRQHandler
                0x0000000008000f04                RTC_Alarm_IRQHandler
 .text.HAL_Init
                0x0000000008000f06       0x30 ./Drivers/STM32G4xx_HAL_Driver/Src/stm32g4xx_hal.o
                0x0000000008000f06                HAL_Init
 *fill*         0x0000000008000f36        0x2 
 .text.HAL_InitTick
                0x0000000008000f38       0x74 ./Drivers/STM32G4xx_HAL_Driver/Src/stm32g4xx_hal.o
                0x0000000008000f38                HAL_InitTick
 .text.HAL_IncTick
                0x0000000008000fac       0x24 ./Drivers/STM32G4xx_HAL_Driver/Src/stm32g4xx_hal.o
                0x0000000008000fac                HAL_IncTick
 .text.HAL_GetTick
                0x0000000008000fd0       0x18 ./Drivers/STM32G4xx_HAL_Driver/Src/stm32g4xx_hal.o
                0x0000000008000fd0                HAL_GetTick
 .text.__NVIC_SetPriorityGrouping
                0x0000000008000fe8       0x48 ./Drivers/STM32G4xx_HAL_Driver/Src/stm32g4xx_hal_cortex.o
 .text.__NVIC_GetPriorityGrouping
                0x0000000008001030       0x1c ./Drivers/STM32G4xx_HAL_Driver/Src/stm32g4xx_hal_cortex.o
 .text.__NVIC_SetPriority
                0x000000000800104c       0x54 ./Drivers/STM32G4xx_HAL_Driver/Src/stm32g4xx_hal_cortex.o
 .text.NVIC_EncodePriority
                0x00000000080010a0       0x66 ./Drivers/STM32G4xx_HAL_Driver/Src/stm32g4xx_hal_cortex.o
 *fill*         0x0000000008001106        0x2 
 .text.SysTick_Config
                0x0000000008001108       0x44 ./Drivers/STM32G4xx_HAL_Driver/Src/stm32g4xx_hal_cortex.o
 .text.HAL_NVIC_SetPriorityGrouping
                0x000000000800114c       0x16 ./Drivers/STM32G4xx_HAL_Driver/Src/stm32g4xx_hal_cortex.o
                0x000000000800114c                HAL_NVIC_SetPriorityGrouping
 .text.HAL_NVIC_SetPriority
                0x0000000008001162       0x34 ./Drivers/STM32G4xx_HAL_Driver/Src/stm32g4xx_hal_cortex.o
                0x0000000008001162                HAL_NVIC_SetPriority
 .text.HAL_SYSTICK_Config
                0x0000000008001196       0x18 ./Drivers/STM32G4xx_HAL_Driver/Src/stm32g4xx_hal_cortex.o
                0x0000000008001196                HAL_SYSTICK_Config
 *fill*         0x00000000080011ae        0x2 
 .text.HAL_CRC_Init
                0x00000000080011b0       0xc8 ./Drivers/STM32G4xx_HAL_Driver/Src/stm32g4xx_hal_crc.o
                0x00000000080011b0                HAL_CRC_Init
 .text.HAL_CRCEx_Polynomial_Set
                0x0000000008001278      0x11c ./Drivers/STM32G4xx_HAL_Driver/Src/stm32g4xx_hal_crc_ex.o
                0x0000000008001278                HAL_CRCEx_Polynomial_Set
 .text.HAL_FDCAN_Init
                0x0000000008001394      0x2b4 ./Drivers/STM32G4xx_HAL_Driver/Src/stm32g4xx_hal_fdcan.o
                0x0000000008001394                HAL_FDCAN_Init
 .text.FDCAN_CalcultateRamBlockAddresses
                0x0000000008001648       0xd8 ./Drivers/STM32G4xx_HAL_Driver/Src/stm32g4xx_hal_fdcan.o
 .text.HAL_GPIO_Init
                0x0000000008001720      0x304 ./Drivers/STM32G4xx_HAL_Driver/Src/stm32g4xx_hal_gpio.o
                0x0000000008001720                HAL_GPIO_Init
 .text.HAL_GPIO_WritePin
                0x0000000008001a24       0x30 ./Drivers/STM32G4xx_HAL_Driver/Src/stm32g4xx_hal_gpio.o
                0x0000000008001a24                HAL_GPIO_WritePin
 .text.HAL_I2C_Init
                0x0000000008001a54      0x136 ./Drivers/STM32G4xx_HAL_Driver/Src/stm32g4xx_hal_i2c.o
                0x0000000008001a54                HAL_I2C_Init
 .text.HAL_I2CEx_ConfigAnalogFilter
                0x0000000008001b8a       0x96 ./Drivers/STM32G4xx_HAL_Driver/Src/stm32g4xx_hal_i2c_ex.o
                0x0000000008001b8a                HAL_I2CEx_ConfigAnalogFilter
 .text.HAL_I2CEx_ConfigDigitalFilter
                0x0000000008001c20       0x98 ./Drivers/STM32G4xx_HAL_Driver/Src/stm32g4xx_hal_i2c_ex.o
                0x0000000008001c20                HAL_I2CEx_ConfigDigitalFilter
 .text.HAL_IWDG_Init
                0x0000000008001cb8       0x9e ./Drivers/STM32G4xx_HAL_Driver/Src/stm32g4xx_hal_iwdg.o
                0x0000000008001cb8                HAL_IWDG_Init
 .text.HAL_PCD_IRQHandler
                0x0000000008001d56      0x24e ./Drivers/STM32G4xx_HAL_Driver/Src/stm32g4xx_hal_pcd.o
                0x0000000008001d56                HAL_PCD_IRQHandler
 .text.HAL_PCD_SetAddress
                0x0000000008001fa4       0x48 ./Drivers/STM32G4xx_HAL_Driver/Src/stm32g4xx_hal_pcd.o
                0x0000000008001fa4                HAL_PCD_SetAddress
 .text.HAL_PCD_EP_Open
                0x0000000008001fec       0xba ./Drivers/STM32G4xx_HAL_Driver/Src/stm32g4xx_hal_pcd.o
                0x0000000008001fec                HAL_PCD_EP_Open
 .text.HAL_PCD_EP_Receive
                0x00000000080020a6       0x62 ./Drivers/STM32G4xx_HAL_Driver/Src/stm32g4xx_hal_pcd.o
                0x00000000080020a6                HAL_PCD_EP_Receive
 .text.HAL_PCD_EP_Transmit
                0x0000000008002108       0x6e ./Drivers/STM32G4xx_HAL_Driver/Src/stm32g4xx_hal_pcd.o
                0x0000000008002108                HAL_PCD_EP_Transmit
 .text.HAL_PCD_EP_SetStall
                0x0000000008002176       0xa4 ./Drivers/STM32G4xx_HAL_Driver/Src/stm32g4xx_hal_pcd.o
                0x0000000008002176                HAL_PCD_EP_SetStall
 .text.HAL_PCD_EP_ClrStall
                0x000000000800221a       0xa8 ./Drivers/STM32G4xx_HAL_Driver/Src/stm32g4xx_hal_pcd.o
                0x000000000800221a                HAL_PCD_EP_ClrStall
 .text.PCD_EP_ISR_Handler
                0x00000000080022c2      0x784 ./Drivers/STM32G4xx_HAL_Driver/Src/stm32g4xx_hal_pcd.o
 .text.HAL_PCD_EP_DB_Receive
                0x0000000008002a46      0x212 ./Drivers/STM32G4xx_HAL_Driver/Src/stm32g4xx_hal_pcd.o
 .text.HAL_PCD_EP_DB_Transmit
                0x0000000008002c58      0x7ec ./Drivers/STM32G4xx_HAL_Driver/Src/stm32g4xx_hal_pcd.o
 .text.HAL_PWREx_ControlVoltageScaling
                0x0000000008003444      0x148 ./Drivers/STM32G4xx_HAL_Driver/Src/stm32g4xx_hal_pwr_ex.o
                0x0000000008003444                HAL_PWREx_ControlVoltageScaling
 .text.HAL_RCC_OscConfig
                0x000000000800358c      0x624 ./Drivers/STM32G4xx_HAL_Driver/Src/stm32g4xx_hal_rcc.o
                0x000000000800358c                HAL_RCC_OscConfig
 .text.HAL_RCC_ClockConfig
                0x0000000008003bb0      0x278 ./Drivers/STM32G4xx_HAL_Driver/Src/stm32g4xx_hal_rcc.o
                0x0000000008003bb0                HAL_RCC_ClockConfig
 .text.HAL_RCC_GetSysClockFreq
                0x0000000008003e28       0xc4 ./Drivers/STM32G4xx_HAL_Driver/Src/stm32g4xx_hal_rcc.o
                0x0000000008003e28                HAL_RCC_GetSysClockFreq
 .text.RCC_GetSysClockFreqFromPLLSource
                0x0000000008003eec       0x8c ./Drivers/STM32G4xx_HAL_Driver/Src/stm32g4xx_hal_rcc.o
 .text.HAL_RCCEx_PeriphCLKConfig
                0x0000000008003f78      0x49c ./Drivers/STM32G4xx_HAL_Driver/Src/stm32g4xx_hal_rcc_ex.o
                0x0000000008003f78                HAL_RCCEx_PeriphCLKConfig
 .text.HAL_SPI_Init
                0x0000000008004414      0x156 ./Drivers/STM32G4xx_HAL_Driver/Src/stm32g4xx_hal_spi.o
                0x0000000008004414                HAL_SPI_Init
 .text.HAL_SPI_Transmit
                0x000000000800456a      0x2ea ./Drivers/STM32G4xx_HAL_Driver/Src/stm32g4xx_hal_spi.o
                0x000000000800456a                HAL_SPI_Transmit
 .text.HAL_SPI_TransmitReceive
                0x0000000008004854      0x444 ./Drivers/STM32G4xx_HAL_Driver/Src/stm32g4xx_hal_spi.o
                0x0000000008004854                HAL_SPI_TransmitReceive
 .text.SPI_WaitFlagStateUntilTimeout
                0x0000000008004c98      0x110 ./Drivers/STM32G4xx_HAL_Driver/Src/stm32g4xx_hal_spi.o
 .text.SPI_WaitFifoStateUntilTimeout
                0x0000000008004da8      0x12c ./Drivers/STM32G4xx_HAL_Driver/Src/stm32g4xx_hal_spi.o
 .text.SPI_EndRxTxTransaction
                0x0000000008004ed4       0x8c ./Drivers/STM32G4xx_HAL_Driver/Src/stm32g4xx_hal_spi.o
 .text.USB_ActivateEndpoint
                0x0000000008004f60      0x788 ./Drivers/STM32G4xx_HAL_Driver/Src/stm32g4xx_ll_usb.o
                0x0000000008004f60                USB_ActivateEndpoint
 .text.USB_EPStartXfer
                0x00000000080056e8     0x1762 ./Drivers/STM32G4xx_HAL_Driver/Src/stm32g4xx_ll_usb.o
                0x00000000080056e8                USB_EPStartXfer
 .text.USB_EPSetStall
                0x0000000008006e4a       0xa2 ./Drivers/STM32G4xx_HAL_Driver/Src/stm32g4xx_ll_usb.o
                0x0000000008006e4a                USB_EPSetStall
 .text.USB_EPClearStall
                0x0000000008006eec      0x15c ./Drivers/STM32G4xx_HAL_Driver/Src/stm32g4xx_ll_usb.o
                0x0000000008006eec                USB_EPClearStall
 .text.USB_SetDevAddress
                0x0000000008007048       0x28 ./Drivers/STM32G4xx_HAL_Driver/Src/stm32g4xx_ll_usb.o
                0x0000000008007048                USB_SetDevAddress
 .text.USB_ReadInterrupts
                0x0000000008007070       0x20 ./Drivers/STM32G4xx_HAL_Driver/Src/stm32g4xx_ll_usb.o
                0x0000000008007070                USB_ReadInterrupts
 .text.USB_WritePMA
                0x0000000008007090       0x84 ./Drivers/STM32G4xx_HAL_Driver/Src/stm32g4xx_ll_usb.o
                0x0000000008007090                USB_WritePMA
 .text.USB_ReadPMA
                0x0000000008007114       0x98 ./Drivers/STM32G4xx_HAL_Driver/Src/stm32g4xx_ll_usb.o
                0x0000000008007114                USB_ReadPMA
 .text.USBD_RunTestMode
                0x00000000080071ac       0x16 ./Middlewares/ST/STM32_USB_Device_Library/Core/Src/usbd_core.o
                0x00000000080071ac                USBD_RunTestMode
 .text.USBD_SetClassConfig
                0x00000000080071c2       0x38 ./Middlewares/ST/STM32_USB_Device_Library/Core/Src/usbd_core.o
                0x00000000080071c2                USBD_SetClassConfig
 .text.USBD_ClrClassConfig
                0x00000000080071fa       0x30 ./Middlewares/ST/STM32_USB_Device_Library/Core/Src/usbd_core.o
                0x00000000080071fa                USBD_ClrClassConfig
 .text.USBD_LL_SetupStage
                0x000000000800722a       0xaa ./Middlewares/ST/STM32_USB_Device_Library/Core/Src/usbd_core.o
                0x000000000800722a                USBD_LL_SetupStage
 .text.USBD_LL_DataOutStage
                0x00000000080072d4       0xc6 ./Middlewares/ST/STM32_USB_Device_Library/Core/Src/usbd_core.o
                0x00000000080072d4                USBD_LL_DataOutStage
 .text.USBD_LL_DataInStage
                0x000000000800739a      0x12c ./Middlewares/ST/STM32_USB_Device_Library/Core/Src/usbd_core.o
                0x000000000800739a                USBD_LL_DataInStage
 .text.USBD_LL_Reset
                0x00000000080074c6       0x9c ./Middlewares/ST/STM32_USB_Device_Library/Core/Src/usbd_core.o
                0x00000000080074c6                USBD_LL_Reset
 .text.USBD_LL_SetSpeed
                0x0000000008007562       0x20 ./Middlewares/ST/STM32_USB_Device_Library/Core/Src/usbd_core.o
                0x0000000008007562                USBD_LL_SetSpeed
 .text.USBD_LL_Suspend
                0x0000000008007582       0x2c ./Middlewares/ST/STM32_USB_Device_Library/Core/Src/usbd_core.o
                0x0000000008007582                USBD_LL_Suspend
 .text.USBD_LL_Resume
                0x00000000080075ae       0x30 ./Middlewares/ST/STM32_USB_Device_Library/Core/Src/usbd_core.o
                0x00000000080075ae                USBD_LL_Resume
 .text.USBD_LL_SOF
                0x00000000080075de       0x44 ./Middlewares/ST/STM32_USB_Device_Library/Core/Src/usbd_core.o
                0x00000000080075de                USBD_LL_SOF
 .text.SWAPBYTE
                0x0000000008007622       0x3c ./Middlewares/ST/STM32_USB_Device_Library/Core/Src/usbd_ctlreq.o
 *fill*         0x000000000800765e        0x2 
 .text.USBD_StdDevReq
                0x0000000008007660       0xdc ./Middlewares/ST/STM32_USB_Device_Library/Core/Src/usbd_ctlreq.o
                0x0000000008007660                USBD_StdDevReq
 .text.USBD_StdItfReq
                0x000000000800773c       0x92 ./Middlewares/ST/STM32_USB_Device_Library/Core/Src/usbd_ctlreq.o
                0x000000000800773c                USBD_StdItfReq
 .text.USBD_StdEPReq
                0x00000000080077ce      0x2c4 ./Middlewares/ST/STM32_USB_Device_Library/Core/Src/usbd_ctlreq.o
                0x00000000080077ce                USBD_StdEPReq
 *fill*         0x0000000008007a92        0x2 
 .text.USBD_GetDescriptor
                0x0000000008007a94      0x328 ./Middlewares/ST/STM32_USB_Device_Library/Core/Src/usbd_ctlreq.o
 .text.USBD_SetAddress
                0x0000000008007dbc       0x88 ./Middlewares/ST/STM32_USB_Device_Library/Core/Src/usbd_ctlreq.o
 .text.USBD_SetConfig
                0x0000000008007e44      0x14c ./Middlewares/ST/STM32_USB_Device_Library/Core/Src/usbd_ctlreq.o
 .text.USBD_GetConfig
                0x0000000008007f90       0x6c ./Middlewares/ST/STM32_USB_Device_Library/Core/Src/usbd_ctlreq.o
 .text.USBD_GetStatus
                0x0000000008007ffc       0x68 ./Middlewares/ST/STM32_USB_Device_Library/Core/Src/usbd_ctlreq.o
 .text.USBD_SetFeature
                0x0000000008008064       0x28 ./Middlewares/ST/STM32_USB_Device_Library/Core/Src/usbd_ctlreq.o
 .text.USBD_ClrFeature
                0x000000000800808c       0x44 ./Middlewares/ST/STM32_USB_Device_Library/Core/Src/usbd_ctlreq.o
 .text.USBD_ParseSetupRequest
                0x00000000080080d0       0x74 ./Middlewares/ST/STM32_USB_Device_Library/Core/Src/usbd_ctlreq.o
                0x00000000080080d0                USBD_ParseSetupRequest
 .text.USBD_CtlError
                0x0000000008008144       0x22 ./Middlewares/ST/STM32_USB_Device_Library/Core/Src/usbd_ctlreq.o
                0x0000000008008144                USBD_CtlError
 .text.USBD_CtlSendData
                0x0000000008008166       0x36 ./Middlewares/ST/STM32_USB_Device_Library/Core/Src/usbd_ioreq.o
                0x0000000008008166                USBD_CtlSendData
 .text.USBD_CtlContinueSendData
                0x000000000800819c       0x22 ./Middlewares/ST/STM32_USB_Device_Library/Core/Src/usbd_ioreq.o
                0x000000000800819c                USBD_CtlContinueSendData
 .text.USBD_CtlContinueRx
                0x00000000080081be       0x22 ./Middlewares/ST/STM32_USB_Device_Library/Core/Src/usbd_ioreq.o
                0x00000000080081be                USBD_CtlContinueRx
 .text.USBD_CtlSendStatus
                0x00000000080081e0       0x26 ./Middlewares/ST/STM32_USB_Device_Library/Core/Src/usbd_ioreq.o
                0x00000000080081e0                USBD_CtlSendStatus
 .text.USBD_CtlReceiveStatus
                0x0000000008008206       0x26 ./Middlewares/ST/STM32_USB_Device_Library/Core/Src/usbd_ioreq.o
                0x0000000008008206                USBD_CtlReceiveStatus
 .text.__NVIC_SetPriority
                0x000000000800822c       0x54 ./Middlewares/Third_Party/FreeRTOS/Source/CMSIS_RTOS_V2/cmsis_os2.o
 .text.SVC_Setup
                0x0000000008008280       0x12 ./Middlewares/Third_Party/FreeRTOS/Source/CMSIS_RTOS_V2/cmsis_os2.o
 *fill*         0x0000000008008292        0x2 
 .text.osKernelInitialize
                0x0000000008008294       0x48 ./Middlewares/Third_Party/FreeRTOS/Source/CMSIS_RTOS_V2/cmsis_os2.o
                0x0000000008008294                osKernelInitialize
 .text.osKernelStart
                0x00000000080082dc       0x4c ./Middlewares/Third_Party/FreeRTOS/Source/CMSIS_RTOS_V2/cmsis_os2.o
                0x00000000080082dc                osKernelStart
 .text.osThreadNew
                0x0000000008008328      0x124 ./Middlewares/Third_Party/FreeRTOS/Source/CMSIS_RTOS_V2/cmsis_os2.o
                0x0000000008008328                osThreadNew
 .text.osDelay  0x000000000800844c       0x36 ./Middlewares/Third_Party/FreeRTOS/Source/CMSIS_RTOS_V2/cmsis_os2.o
                0x000000000800844c                osDelay
 *fill*         0x0000000008008482        0x2 
 .text.vApplicationGetIdleTaskMemory
                0x0000000008008484       0x34 ./Middlewares/Third_Party/FreeRTOS/Source/CMSIS_RTOS_V2/cmsis_os2.o
                0x0000000008008484                vApplicationGetIdleTaskMemory
 .text.vApplicationGetTimerTaskMemory
                0x00000000080084b8       0x34 ./Middlewares/Third_Party/FreeRTOS/Source/CMSIS_RTOS_V2/cmsis_os2.o
                0x00000000080084b8                vApplicationGetTimerTaskMemory
 .text.vListInitialise
                0x00000000080084ec       0x40 ./Middlewares/Third_Party/FreeRTOS/Source/list.o
                0x00000000080084ec                vListInitialise
 .text.vListInitialiseItem
                0x000000000800852c       0x1a ./Middlewares/Third_Party/FreeRTOS/Source/list.o
                0x000000000800852c                vListInitialiseItem
 .text.vListInsertEnd
                0x0000000008008546       0x48 ./Middlewares/Third_Party/FreeRTOS/Source/list.o
                0x0000000008008546                vListInsertEnd
 .text.vListInsert
                0x000000000800858e       0x72 ./Middlewares/Third_Party/FreeRTOS/Source/list.o
                0x000000000800858e                vListInsert
 .text.uxListRemove
                0x0000000008008600       0x54 ./Middlewares/Third_Party/FreeRTOS/Source/list.o
                0x0000000008008600                uxListRemove
 .text.xQueueGenericReset
                0x0000000008008654       0xd0 ./Middlewares/Third_Party/FreeRTOS/Source/queue.o
                0x0000000008008654                xQueueGenericReset
 .text.xQueueGenericCreateStatic
                0x0000000008008724       0xf0 ./Middlewares/Third_Party/FreeRTOS/Source/queue.o
                0x0000000008008724                xQueueGenericCreateStatic
 .text.prvInitialiseNewQueue
                0x0000000008008814       0x46 ./Middlewares/Third_Party/FreeRTOS/Source/queue.o
 *fill*         0x000000000800885a        0x2 
 .text.xQueueGenericSend
                0x000000000800885c      0x1fc ./Middlewares/Third_Party/FreeRTOS/Source/queue.o
                0x000000000800885c                xQueueGenericSend
 .text.xQueueGenericSendFromISR
                0x0000000008008a58      0x136 ./Middlewares/Third_Party/FreeRTOS/Source/queue.o
                0x0000000008008a58                xQueueGenericSendFromISR
 *fill*         0x0000000008008b8e        0x2 
 .text.xQueueReceive
                0x0000000008008b90      0x1c0 ./Middlewares/Third_Party/FreeRTOS/Source/queue.o
                0x0000000008008b90                xQueueReceive
 .text.prvCopyDataToQueue
                0x0000000008008d50       0xd4 ./Middlewares/Third_Party/FreeRTOS/Source/queue.o
 .text.prvCopyDataFromQueue
                0x0000000008008e24       0x4c ./Middlewares/Third_Party/FreeRTOS/Source/queue.o
 .text.prvUnlockQueue
                0x0000000008008e70       0xa4 ./Middlewares/Third_Party/FreeRTOS/Source/queue.o
 .text.prvIsQueueEmpty
                0x0000000008008f14       0x2c ./Middlewares/Third_Party/FreeRTOS/Source/queue.o
 .text.prvIsQueueFull
                0x0000000008008f40       0x30 ./Middlewares/Third_Party/FreeRTOS/Source/queue.o
 .text.vQueueAddToRegistry
                0x0000000008008f70       0x54 ./Middlewares/Third_Party/FreeRTOS/Source/queue.o
                0x0000000008008f70                vQueueAddToRegistry
 .text.vQueueWaitForMessageRestricted
                0x0000000008008fc4       0x68 ./Middlewares/Third_Party/FreeRTOS/Source/queue.o
                0x0000000008008fc4                vQueueWaitForMessageRestricted
 .text.xTaskCreateStatic
                0x000000000800902c       0xba ./Middlewares/Third_Party/FreeRTOS/Source/tasks.o
                0x000000000800902c                xTaskCreateStatic
 .text.xTaskCreate
                0x00000000080090e6       0x8a ./Middlewares/Third_Party/FreeRTOS/Source/tasks.o
                0x00000000080090e6                xTaskCreate
 .text.prvInitialiseNewTask
                0x0000000008009170      0x14c ./Middlewares/Third_Party/FreeRTOS/Source/tasks.o
 .text.prvAddNewTaskToReadyList
                0x00000000080092bc       0xe0 ./Middlewares/Third_Party/FreeRTOS/Source/tasks.o
 .text.vTaskDelete
                0x000000000800939c       0xe4 ./Middlewares/Third_Party/FreeRTOS/Source/tasks.o
                0x000000000800939c                vTaskDelete
 .text.vTaskDelay
                0x0000000008009480       0x68 ./Middlewares/Third_Party/FreeRTOS/Source/tasks.o
                0x0000000008009480                vTaskDelay
 .text.vTaskStartScheduler
                0x00000000080094e8       0xe0 ./Middlewares/Third_Party/FreeRTOS/Source/tasks.o
                0x00000000080094e8                vTaskStartScheduler
 .text.vTaskSuspendAll
                0x00000000080095c8       0x1c ./Middlewares/Third_Party/FreeRTOS/Source/tasks.o
                0x00000000080095c8                vTaskSuspendAll
 .text.xTaskResumeAll
                0x00000000080095e4      0x13c ./Middlewares/Third_Party/FreeRTOS/Source/tasks.o
                0x00000000080095e4                xTaskResumeAll
 .text.xTaskGetTickCount
                0x0000000008009720       0x20 ./Middlewares/Third_Party/FreeRTOS/Source/tasks.o
                0x0000000008009720                xTaskGetTickCount
 .text.xTaskIncrementTick
                0x0000000008009740      0x174 ./Middlewares/Third_Party/FreeRTOS/Source/tasks.o
                0x0000000008009740                xTaskIncrementTick
 .text.vTaskSwitchContext
                0x00000000080098b4       0xc8 ./Middlewares/Third_Party/FreeRTOS/Source/tasks.o
                0x00000000080098b4                vTaskSwitchContext
 .text.vTaskPlaceOnEventList
                0x000000000800997c       0x48 ./Middlewares/Third_Party/FreeRTOS/Source/tasks.o
                0x000000000800997c                vTaskPlaceOnEventList
 .text.vTaskPlaceOnEventListRestricted
                0x00000000080099c4       0x58 ./Middlewares/Third_Party/FreeRTOS/Source/tasks.o
                0x00000000080099c4                vTaskPlaceOnEventListRestricted
 .text.xTaskRemoveFromEventList
                0x0000000008009a1c       0xc8 ./Middlewares/Third_Party/FreeRTOS/Source/tasks.o
                0x0000000008009a1c                xTaskRemoveFromEventList
 .text.vTaskInternalSetTimeOutState
                0x0000000008009ae4       0x2c ./Middlewares/Third_Party/FreeRTOS/Source/tasks.o
                0x0000000008009ae4                vTaskInternalSetTimeOutState
 .text.xTaskCheckForTimeOut
                0x0000000008009b10       0xc4 ./Middlewares/Third_Party/FreeRTOS/Source/tasks.o
                0x0000000008009b10                xTaskCheckForTimeOut
 .text.vTaskMissedYield
                0x0000000008009bd4       0x18 ./Middlewares/Third_Party/FreeRTOS/Source/tasks.o
                0x0000000008009bd4                vTaskMissedYield
 .text.prvIdleTask
                0x0000000008009bec       0x30 ./Middlewares/Third_Party/FreeRTOS/Source/tasks.o
 .text.prvInitialiseTaskLists
                0x0000000008009c1c       0x80 ./Middlewares/Third_Party/FreeRTOS/Source/tasks.o
 .text.prvCheckTasksWaitingTermination
                0x0000000008009c9c       0x5c ./Middlewares/Third_Party/FreeRTOS/Source/tasks.o
 .text.prvDeleteTCB
                0x0000000008009cf8       0x68 ./Middlewares/Third_Party/FreeRTOS/Source/tasks.o
 .text.prvResetNextTaskUnblockTime
                0x0000000008009d60       0x40 ./Middlewares/Third_Party/FreeRTOS/Source/tasks.o
 .text.xTaskGetSchedulerState
                0x0000000008009da0       0x3c ./Middlewares/Third_Party/FreeRTOS/Source/tasks.o
                0x0000000008009da0                xTaskGetSchedulerState
 .text.xTaskPriorityDisinherit
                0x0000000008009ddc       0xdc ./Middlewares/Third_Party/FreeRTOS/Source/tasks.o
                0x0000000008009ddc                xTaskPriorityDisinherit
 .text.prvAddCurrentTaskToDelayedList
                0x0000000008009eb8       0xa8 ./Middlewares/Third_Party/FreeRTOS/Source/tasks.o
 .text.xTimerCreateTimerTask
                0x0000000008009f60       0x90 ./Middlewares/Third_Party/FreeRTOS/Source/timers.o
                0x0000000008009f60                xTimerCreateTimerTask
 .text.xTimerGenericCommand
                0x0000000008009ff0       0x9c ./Middlewares/Third_Party/FreeRTOS/Source/timers.o
                0x0000000008009ff0                xTimerGenericCommand
 .text.prvProcessExpiredTimer
                0x000000000800a08c       0x98 ./Middlewares/Third_Party/FreeRTOS/Source/timers.o
 .text.prvTimerTask
                0x000000000800a124       0x24 ./Middlewares/Third_Party/FreeRTOS/Source/timers.o
 .text.prvProcessTimerOrBlockTask
                0x000000000800a148       0x9c ./Middlewares/Third_Party/FreeRTOS/Source/timers.o
 .text.prvGetNextExpireTime
                0x000000000800a1e4       0x48 ./Middlewares/Third_Party/FreeRTOS/Source/timers.o
 .text.prvSampleTimeNow
                0x000000000800a22c       0x40 ./Middlewares/Third_Party/FreeRTOS/Source/timers.o
 .text.prvInsertTimerInActiveList
                0x000000000800a26c       0x84 ./Middlewares/Third_Party/FreeRTOS/Source/timers.o
 .text.prvProcessReceivedCommands
                0x000000000800a2f0      0x1c4 ./Middlewares/Third_Party/FreeRTOS/Source/timers.o
 .text.prvSwitchTimerLists
                0x000000000800a4b4       0xc8 ./Middlewares/Third_Party/FreeRTOS/Source/timers.o
 .text.prvCheckForValidListAndQueue
                0x000000000800a57c       0x80 ./Middlewares/Third_Party/FreeRTOS/Source/timers.o
 .text.pxPortInitialiseStack
                0x000000000800a5fc       0x68 ./Middlewares/Third_Party/FreeRTOS/Source/portable/GCC/ARM_CM4F/port.o
                0x000000000800a5fc                pxPortInitialiseStack
 .text.prvTaskExitError
                0x000000000800a664       0x58 ./Middlewares/Third_Party/FreeRTOS/Source/portable/GCC/ARM_CM4F/port.o
 *fill*         0x000000000800a6bc        0x4 
 .text.SVC_Handler
                0x000000000800a6c0       0x28 ./Middlewares/Third_Party/FreeRTOS/Source/portable/GCC/ARM_CM4F/port.o
                0x000000000800a6c0                SVC_Handler
 .text.prvPortStartFirstTask
                0x000000000800a6e8       0x28 ./Middlewares/Third_Party/FreeRTOS/Source/portable/GCC/ARM_CM4F/port.o
 .text.xPortStartScheduler
                0x000000000800a710      0x144 ./Middlewares/Third_Party/FreeRTOS/Source/portable/GCC/ARM_CM4F/port.o
                0x000000000800a710                xPortStartScheduler
 .text.vPortEnterCritical
                0x000000000800a854       0x60 ./Middlewares/Third_Party/FreeRTOS/Source/portable/GCC/ARM_CM4F/port.o
                0x000000000800a854                vPortEnterCritical
 .text.vPortExitCritical
                0x000000000800a8b4       0x54 ./Middlewares/Third_Party/FreeRTOS/Source/portable/GCC/ARM_CM4F/port.o
                0x000000000800a8b4                vPortExitCritical
 *fill*         0x000000000800a908        0x8 
 .text.PendSV_Handler
                0x000000000800a910       0x68 ./Middlewares/Third_Party/FreeRTOS/Source/portable/GCC/ARM_CM4F/port.o
                0x000000000800a910                PendSV_Handler
 .text.xPortSysTickHandler
                0x000000000800a978       0x44 ./Middlewares/Third_Party/FreeRTOS/Source/portable/GCC/ARM_CM4F/port.o
                0x000000000800a978                xPortSysTickHandler
 .text.vPortSetupTimerInterrupt
                0x000000000800a9bc       0x48 ./Middlewares/Third_Party/FreeRTOS/Source/portable/GCC/ARM_CM4F/port.o
                0x000000000800a9bc                vPortSetupTimerInterrupt
 .text.vPortEnableVFP
                0x000000000800aa04       0x14 ./Middlewares/Third_Party/FreeRTOS/Source/portable/GCC/ARM_CM4F/port.o
 .text.vPortValidateInterruptPriority
                0x000000000800aa18       0x80 ./Middlewares/Third_Party/FreeRTOS/Source/portable/GCC/ARM_CM4F/port.o
                0x000000000800aa18                vPortValidateInterruptPriority
 .text.pvPortMalloc
                0x000000000800aa98      0x198 ./Middlewares/Third_Party/FreeRTOS/Source/portable/MemMang/heap_4.o
                0x000000000800aa98                pvPortMalloc
 .text.vPortFree
                0x000000000800ac30       0xc4 ./Middlewares/Third_Party/FreeRTOS/Source/portable/MemMang/heap_4.o
                0x000000000800ac30                vPortFree
 .text.prvHeapInit
                0x000000000800acf4       0xc4 ./Middlewares/Third_Party/FreeRTOS/Source/portable/MemMang/heap_4.o
 .text.prvInsertBlockIntoFreeList
                0x000000000800adb8       0xb4 ./Middlewares/Third_Party/FreeRTOS/Source/portable/MemMang/heap_4.o
 .text._ZN6System4initEv
                0x000000000800ae6c       0x6c ./System/Core/Src/System.o
                0x000000000800ae6c                System::init()
 .text._ZN6ThreadD2Ev
                0x000000000800aed8       0x20 ./System/Thread/Src/PowerMonitor.o
                0x000000000800aed8                Thread::~Thread()
                0x000000000800aed8                Thread::~Thread()
 .text._ZN6ThreadD0Ev
                0x000000000800aef8       0x20 ./System/Thread/Src/PowerMonitor.o
                0x000000000800aef8                Thread::~Thread()
 .text._ZN12PowerMonitorC2EP19__SPI_HandleTypeDef
                0x000000000800af18       0x38 ./System/Thread/Src/PowerMonitor.o
                0x000000000800af18                PowerMonitor::PowerMonitor(__SPI_HandleTypeDef*)
                0x000000000800af18                PowerMonitor::PowerMonitor(__SPI_HandleTypeDef*)
 .text._ZN12PowerMonitor4initEv
                0x000000000800af50       0xf2 ./System/Thread/Src/PowerMonitor.o
                0x000000000800af50                PowerMonitor::init()
 .text._ZN12PowerMonitor4loopEv
                0x000000000800b042       0x6a ./System/Thread/Src/PowerMonitor.o
                0x000000000800b042                PowerMonitor::loop()
 .text._ZN12PowerMonitor18read_shunt_voltageEv
                0x000000000800b0ac       0x30 ./System/Thread/Src/PowerMonitor.o
                0x000000000800b0ac                PowerMonitor::read_shunt_voltage()
 .text._ZN12PowerMonitor16read_bus_voltageEv
                0x000000000800b0dc       0x30 ./System/Thread/Src/PowerMonitor.o
                0x000000000800b0dc                PowerMonitor::read_bus_voltage()
 .text._ZN12PowerMonitor12read_currentEv
                0x000000000800b10c       0x24 ./System/Thread/Src/PowerMonitor.o
                0x000000000800b10c                PowerMonitor::read_current()
 .text._ZN12PowerMonitor10read_powerEv
                0x000000000800b130       0x44 ./System/Thread/Src/PowerMonitor.o
                0x000000000800b130                PowerMonitor::read_power()
 .text._ZN12PowerMonitor16read_temperatureEv
                0x000000000800b174       0x32 ./System/Thread/Src/PowerMonitor.o
                0x000000000800b174                PowerMonitor::read_temperature()
 .text._ZN12PowerMonitor3getEh
                0x000000000800b1a6       0x28 ./System/Thread/Src/PowerMonitor.o
                0x000000000800b1a6                PowerMonitor::get(unsigned char)
 .text._ZN12PowerMonitor3setEht
                0x000000000800b1ce       0x26 ./System/Thread/Src/PowerMonitor.o
                0x000000000800b1ce                PowerMonitor::set(unsigned char, unsigned short)
 .text._ZN12PowerMonitor5writeEhPhh
                0x000000000800b1f4       0x80 ./System/Thread/Src/PowerMonitor.o
                0x000000000800b1f4                PowerMonitor::write(unsigned char, unsigned char*, unsigned char)
 .text._ZN12PowerMonitor4readEhPhh
                0x000000000800b274       0x8a ./System/Thread/Src/PowerMonitor.o
                0x000000000800b274                PowerMonitor::read(unsigned char, unsigned char*, unsigned char)
 *fill*         0x000000000800b2fe        0x2 
 .text._ZN12PowerMonitorD2Ev
                0x000000000800b300       0x24 ./System/Thread/Src/PowerMonitor.o
                0x000000000800b300                PowerMonitor::~PowerMonitor()
                0x000000000800b300                PowerMonitor::~PowerMonitor()
 .text._ZN12PowerMonitorD0Ev
                0x000000000800b324       0x20 ./System/Thread/Src/PowerMonitor.o
                0x000000000800b324                PowerMonitor::~PowerMonitor()
 .text._Z10__task_runPv
                0x000000000800b344       0x66 ./System/Thread/Src/Thread.o
                0x000000000800b344                __task_run(void*)
 .text._ZN6ThreadC2EPKc
                0x000000000800b3aa       0x1e ./System/Thread/Src/Thread.o
                0x000000000800b3aa                Thread::Thread(char const*)
                0x000000000800b3aa                Thread::Thread(char const*)
 .text._ZN6ThreadC2EPKc12osPriority_t
                0x000000000800b3c8       0x24 ./System/Thread/Src/Thread.o
                0x000000000800b3c8                Thread::Thread(char const*, osPriority_t)
                0x000000000800b3c8                Thread::Thread(char const*, osPriority_t)
 .text._ZN6ThreadC2EPKc12osPriority_tm
                0x000000000800b3ec       0x60 ./System/Thread/Src/Thread.o
                0x000000000800b3ec                Thread::Thread(char const*, osPriority_t, unsigned long)
                0x000000000800b3ec                Thread::Thread(char const*, osPriority_t, unsigned long)
 .text._ZN6Thread10is_runningEv
                0x000000000800b44c       0x18 ./System/Thread/Src/Thread.o
                0x000000000800b44c                Thread::is_running()
 .text._ZN6Thread9terminateEv
                0x000000000800b464       0x1a ./System/Thread/Src/Thread.o
                0x000000000800b464                Thread::terminate()
 .text._ZN6Thread14set_tick_delayEm
                0x000000000800b47e       0x1c ./System/Thread/Src/Thread.o
                0x000000000800b47e                Thread::set_tick_delay(unsigned long)
 .text._ZN6Thread14get_tick_delayEv
                0x000000000800b49a       0x18 ./System/Thread/Src/Thread.o
                0x000000000800b49a                Thread::get_tick_delay()
 .text.HAL_PCD_SetupStageCallback
                0x000000000800b4b2       0x24 ./USB_Device/Target/usbd_conf.o
                0x000000000800b4b2                HAL_PCD_SetupStageCallback
 .text.HAL_PCD_DataOutStageCallback
                0x000000000800b4d6       0x36 ./USB_Device/Target/usbd_conf.o
                0x000000000800b4d6                HAL_PCD_DataOutStageCallback
 .text.HAL_PCD_DataInStageCallback
                0x000000000800b50c       0x34 ./USB_Device/Target/usbd_conf.o
                0x000000000800b50c                HAL_PCD_DataInStageCallback
 .text.HAL_PCD_SOFCallback
                0x000000000800b540       0x1c ./USB_Device/Target/usbd_conf.o
                0x000000000800b540                HAL_PCD_SOFCallback
 .text.HAL_PCD_ResetCallback
                0x000000000800b55c       0x3c ./USB_Device/Target/usbd_conf.o
                0x000000000800b55c                HAL_PCD_ResetCallback
 .text.HAL_PCD_SuspendCallback
                0x000000000800b598       0x34 ./USB_Device/Target/usbd_conf.o
                0x000000000800b598                HAL_PCD_SuspendCallback
 .text.HAL_PCD_ResumeCallback
                0x000000000800b5cc       0x38 ./USB_Device/Target/usbd_conf.o
                0x000000000800b5cc                HAL_PCD_ResumeCallback
 .text.USBD_LL_OpenEP
                0x000000000800b604       0x4c ./USB_Device/Target/usbd_conf.o
                0x000000000800b604                USBD_LL_OpenEP
 .text.USBD_LL_StallEP
                0x000000000800b650       0x3e ./USB_Device/Target/usbd_conf.o
                0x000000000800b650                USBD_LL_StallEP
 .text.USBD_LL_ClearStallEP
                0x000000000800b68e       0x3e ./USB_Device/Target/usbd_conf.o
                0x000000000800b68e                USBD_LL_ClearStallEP
 .text.USBD_LL_IsStallEP
                0x000000000800b6cc       0x58 ./USB_Device/Target/usbd_conf.o
                0x000000000800b6cc                USBD_LL_IsStallEP
 .text.USBD_LL_SetUSBAddress
                0x000000000800b724       0x3e ./USB_Device/Target/usbd_conf.o
                0x000000000800b724                USBD_LL_SetUSBAddress
 .text.USBD_LL_Transmit
                0x000000000800b762       0x42 ./USB_Device/Target/usbd_conf.o
                0x000000000800b762                USBD_LL_Transmit
 .text.USBD_LL_PrepareReceive
                0x000000000800b7a4       0x42 ./USB_Device/Target/usbd_conf.o
                0x000000000800b7a4                USBD_LL_PrepareReceive
 *fill*         0x000000000800b7e6        0x2 
 .text.HAL_PCDEx_LPM_Callback
                0x000000000800b7e8       0x6c ./USB_Device/Target/usbd_conf.o
                0x000000000800b7e8                HAL_PCDEx_LPM_Callback
 .text.SystemClockConfig_Resume
                0x000000000800b854        0xc ./USB_Device/Target/usbd_conf.o
 .text.USBD_Get_USB_Status
                0x000000000800b860       0x58 ./USB_Device/Target/usbd_conf.o
 .text._ZdlPvj  0x000000000800b8b8        0x4 /Applications/STM32CubeIDE.app/Contents/Eclipse/plugins/com.st.stm32cube.ide.mcu.externaltools.gnu-tools-for-stm32.11.3.rel1.macos64_1.1.100.202310310803/tools/bin/../lib/gcc/arm-none-eabi/11.3.1/../../../../arm-none-eabi/lib/thumb/v7e-m+fp/hard/libstdc++_nano.a(del_ops.o)
                0x000000000800b8b8                operator delete(void*, unsigned int)
 .text.__cxa_guard_acquire
                0x000000000800b8bc       0x18 /Applications/STM32CubeIDE.app/Contents/Eclipse/plugins/com.st.stm32cube.ide.mcu.externaltools.gnu-tools-for-stm32.11.3.rel1.macos64_1.1.100.202310310803/tools/bin/../lib/gcc/arm-none-eabi/11.3.1/../../../../arm-none-eabi/lib/thumb/v7e-m+fp/hard/libstdc++_nano.a(guard.o)
                0x000000000800b8bc                __cxa_guard_acquire
 .text.__cxa_guard_release
                0x000000000800b8d4        0x6 /Applications/STM32CubeIDE.app/Contents/Eclipse/plugins/com.st.stm32cube.ide.mcu.externaltools.gnu-tools-for-stm32.11.3.rel1.macos64_1.1.100.202310310803/tools/bin/../lib/gcc/arm-none-eabi/11.3.1/../../../../arm-none-eabi/lib/thumb/v7e-m+fp/hard/libstdc++_nano.a(guard.o)
                0x000000000800b8d4                __cxa_guard_release
 .text._Znwj    0x000000000800b8da       0x22 /Applications/STM32CubeIDE.app/Contents/Eclipse/plugins/com.st.stm32cube.ide.mcu.externaltools.gnu-tools-for-stm32.11.3.rel1.macos64_1.1.100.202310310803/tools/bin/../lib/gcc/arm-none-eabi/11.3.1/../../../../arm-none-eabi/lib/thumb/v7e-m+fp/hard/libstdc++_nano.a(new_op.o)
                0x000000000800b8da                operator new(unsigned int)
 .text._ZdlPv   0x000000000800b8fc        0x4 /Applications/STM32CubeIDE.app/Contents/Eclipse/plugins/com.st.stm32cube.ide.mcu.externaltools.gnu-tools-for-stm32.11.3.rel1.macos64_1.1.100.202310310803/tools/bin/../lib/gcc/arm-none-eabi/11.3.1/../../../../arm-none-eabi/lib/thumb/v7e-m+fp/hard/libstdc++_nano.a(del_op.o)
                0x000000000800b8fc                operator delete(void*)
 .text._ZSt15get_new_handlerv
                0x000000000800b900       0x10 /Applications/STM32CubeIDE.app/Contents/Eclipse/plugins/com.st.stm32cube.ide.mcu.externaltools.gnu-tools-for-stm32.11.3.rel1.macos64_1.1.100.202310310803/tools/bin/../lib/gcc/arm-none-eabi/11.3.1/../../../../arm-none-eabi/lib/thumb/v7e-m+fp/hard/libstdc++_nano.a(new_handler.o)
                0x000000000800b900                std::get_new_handler()
 .text.abort    0x000000000800b910        0xe /Applications/STM32CubeIDE.app/Contents/Eclipse/plugins/com.st.stm32cube.ide.mcu.externaltools.gnu-tools-for-stm32.11.3.rel1.macos64_1.1.100.202310310803/tools/bin/../lib/gcc/arm-none-eabi/11.3.1/../../../../arm-none-eabi/lib/thumb/v7e-m+fp/hard/libc_nano.a(libc_a-abort.o)
                0x000000000800b910                abort
 *fill*         0x000000000800b91e        0x2 
 .text.malloc   0x000000000800b920       0x10 /Applications/STM32CubeIDE.app/Contents/Eclipse/plugins/com.st.stm32cube.ide.mcu.externaltools.gnu-tools-for-stm32.11.3.rel1.macos64_1.1.100.202310310803/tools/bin/../lib/gcc/arm-none-eabi/11.3.1/../../../../arm-none-eabi/lib/thumb/v7e-m+fp/hard/libc_nano.a(libc_a-malloc.o)
                0x000000000800b920                malloc
 .text.free     0x000000000800b930       0x10 /Applications/STM32CubeIDE.app/Contents/Eclipse/plugins/com.st.stm32cube.ide.mcu.externaltools.gnu-tools-for-stm32.11.3.rel1.macos64_1.1.100.202310310803/tools/bin/../lib/gcc/arm-none-eabi/11.3.1/../../../../arm-none-eabi/lib/thumb/v7e-m+fp/hard/libc_nano.a(libc_a-malloc.o)
                0x000000000800b930                free
 .text.sbrk_aligned
                0x000000000800b940       0x40 /Applications/STM32CubeIDE.app/Contents/Eclipse/plugins/com.st.stm32cube.ide.mcu.externaltools.gnu-tools-for-stm32.11.3.rel1.macos64_1.1.100.202310310803/tools/bin/../lib/gcc/arm-none-eabi/11.3.1/../../../../arm-none-eabi/lib/thumb/v7e-m+fp/hard/libc_nano.a(libc_a-mallocr.o)
 .text._malloc_r
                0x000000000800b980      0x100 /Applications/STM32CubeIDE.app/Contents/Eclipse/plugins/com.st.stm32cube.ide.mcu.externaltools.gnu-tools-for-stm32.11.3.rel1.macos64_1.1.100.202310310803/tools/bin/../lib/gcc/arm-none-eabi/11.3.1/../../../../arm-none-eabi/lib/thumb/v7e-m+fp/hard/libc_nano.a(libc_a-mallocr.o)
                0x000000000800b980                _malloc_r
 .text.__malloc_lock
                0x000000000800ba80        0xc /Applications/STM32CubeIDE.app/Contents/Eclipse/plugins/com.st.stm32cube.ide.mcu.externaltools.gnu-tools-for-stm32.11.3.rel1.macos64_1.1.100.202310310803/tools/bin/../lib/gcc/arm-none-eabi/11.3.1/../../../../arm-none-eabi/lib/thumb/v7e-m+fp/hard/libc_nano.a(libc_a-mlock.o)
                0x000000000800ba80                __malloc_lock
 .text.__malloc_unlock
                0x000000000800ba8c        0xc /Applications/STM32CubeIDE.app/Contents/Eclipse/plugins/com.st.stm32cube.ide.mcu.externaltools.gnu-tools-for-stm32.11.3.rel1.macos64_1.1.100.202310310803/tools/bin/../lib/gcc/arm-none-eabi/11.3.1/../../../../arm-none-eabi/lib/thumb/v7e-m+fp/hard/libc_nano.a(libc_a-mlock.o)
                0x000000000800ba8c                __malloc_unlock
 .text.memset   0x000000000800ba98       0x10 /Applications/STM32CubeIDE.app/Contents/Eclipse/plugins/com.st.stm32cube.ide.mcu.externaltools.gnu-tools-for-stm32.11.3.rel1.macos64_1.1.100.202310310803/tools/bin/../lib/gcc/arm-none-eabi/11.3.1/../../../../arm-none-eabi/lib/thumb/v7e-m+fp/hard/libc_nano.a(libc_a-memset.o)
                0x000000000800ba98                memset
 .text._reclaim_reent
                0x000000000800baa8       0xac /Applications/STM32CubeIDE.app/Contents/Eclipse/plugins/com.st.stm32cube.ide.mcu.externaltools.gnu-tools-for-stm32.11.3.rel1.macos64_1.1.100.202310310803/tools/bin/../lib/gcc/arm-none-eabi/11.3.1/../../../../arm-none-eabi/lib/thumb/v7e-m+fp/hard/libc_nano.a(libc_a-reent.o)
                0x000000000800baa8                _reclaim_reent
 .text._raise_r
                0x000000000800bb54       0x50 /Applications/STM32CubeIDE.app/Contents/Eclipse/plugins/com.st.stm32cube.ide.mcu.externaltools.gnu-tools-for-stm32.11.3.rel1.macos64_1.1.100.202310310803/tools/bin/../lib/gcc/arm-none-eabi/11.3.1/../../../../arm-none-eabi/lib/thumb/v7e-m+fp/hard/libc_nano.a(libc_a-signal.o)
                0x000000000800bb54                _raise_r
 .text.raise    0x000000000800bba4       0x10 /Applications/STM32CubeIDE.app/Contents/Eclipse/plugins/com.st.stm32cube.ide.mcu.externaltools.gnu-tools-for-stm32.11.3.rel1.macos64_1.1.100.202310310803/tools/bin/../lib/gcc/arm-none-eabi/11.3.1/../../../../arm-none-eabi/lib/thumb/v7e-m+fp/hard/libc_nano.a(libc_a-signal.o)
                0x000000000800bba4                raise
 .text._kill_r  0x000000000800bbb4       0x24 /Applications/STM32CubeIDE.app/Contents/Eclipse/plugins/com.st.stm32cube.ide.mcu.externaltools.gnu-tools-for-stm32.11.3.rel1.macos64_1.1.100.202310310803/tools/bin/../lib/gcc/arm-none-eabi/11.3.1/../../../../arm-none-eabi/lib/thumb/v7e-m+fp/hard/libc_nano.a(libc_a-signalr.o)
                0x000000000800bbb4                _kill_r
 .text._getpid_r
                0x000000000800bbd8        0x4 /Applications/STM32CubeIDE.app/Contents/Eclipse/plugins/com.st.stm32cube.ide.mcu.externaltools.gnu-tools-for-stm32.11.3.rel1.macos64_1.1.100.202310310803/tools/bin/../lib/gcc/arm-none-eabi/11.3.1/../../../../arm-none-eabi/lib/thumb/v7e-m+fp/hard/libc_nano.a(libc_a-signalr.o)
                0x000000000800bbd8                _getpid_r
 .text._sbrk_r  0x000000000800bbdc       0x20 /Applications/STM32CubeIDE.app/Contents/Eclipse/plugins/com.st.stm32cube.ide.mcu.externaltools.gnu-tools-for-stm32.11.3.rel1.macos64_1.1.100.202310310803/tools/bin/../lib/gcc/arm-none-eabi/11.3.1/../../../../arm-none-eabi/lib/thumb/v7e-m+fp/hard/libc_nano.a(libc_a-sbrkr.o)
                0x000000000800bbdc                _sbrk_r
 .text.__errno  0x000000000800bbfc        0xc /Applications/STM32CubeIDE.app/Contents/Eclipse/plugins/com.st.stm32cube.ide.mcu.externaltools.gnu-tools-for-stm32.11.3.rel1.macos64_1.1.100.202310310803/tools/bin/../lib/gcc/arm-none-eabi/11.3.1/../../../../arm-none-eabi/lib/thumb/v7e-m+fp/hard/libc_nano.a(libc_a-errno.o)
                0x000000000800bbfc                __errno
 .text.__libc_init_array
                0x000000000800bc08       0x48 /Applications/STM32CubeIDE.app/Contents/Eclipse/plugins/com.st.stm32cube.ide.mcu.externaltools.gnu-tools-for-stm32.11.3.rel1.macos64_1.1.100.202310310803/tools/bin/../lib/gcc/arm-none-eabi/11.3.1/../../../../arm-none-eabi/lib/thumb/v7e-m+fp/hard/libc_nano.a(libc_a-init.o)
                0x000000000800bc08                __libc_init_array
 .text.__retarget_lock_acquire_recursive
                0x000000000800bc50        0x2 /Applications/STM32CubeIDE.app/Contents/Eclipse/plugins/com.st.stm32cube.ide.mcu.externaltools.gnu-tools-for-stm32.11.3.rel1.macos64_1.1.100.202310310803/tools/bin/../lib/gcc/arm-none-eabi/11.3.1/../../../../arm-none-eabi/lib/thumb/v7e-m+fp/hard/libc_nano.a(libc_a-lock.o)
                0x000000000800bc50                __retarget_lock_acquire_recursive
 .text.__retarget_lock_release_recursive
                0x000000000800bc52        0x2 /Applications/STM32CubeIDE.app/Contents/Eclipse/plugins/com.st.stm32cube.ide.mcu.externaltools.gnu-tools-for-stm32.11.3.rel1.macos64_1.1.100.202310310803/tools/bin/../lib/gcc/arm-none-eabi/11.3.1/../../../../arm-none-eabi/lib/thumb/v7e-m+fp/hard/libc_nano.a(libc_a-lock.o)
                0x000000000800bc52                __retarget_lock_release_recursive
 .text.memcpy   0x000000000800bc54       0x1c /Applications/STM32CubeIDE.app/Contents/Eclipse/plugins/com.st.stm32cube.ide.mcu.externaltools.gnu-tools-for-stm32.11.3.rel1.macos64_1.1.100.202310310803/tools/bin/../lib/gcc/arm-none-eabi/11.3.1/../../../../arm-none-eabi/lib/thumb/v7e-m+fp/hard/libc_nano.a(libc_a-memcpy-stub.o)
                0x000000000800bc54                memcpy
 .text._free_r  0x000000000800bc70       0x98 /Applications/STM32CubeIDE.app/Contents/Eclipse/plugins/com.st.stm32cube.ide.mcu.externaltools.gnu-tools-for-stm32.11.3.rel1.macos64_1.1.100.202310310803/tools/bin/../lib/gcc/arm-none-eabi/11.3.1/../../../../arm-none-eabi/lib/thumb/v7e-m+fp/hard/libc_nano.a(libc_a-freer.o)
                0x000000000800bc70                _free_r
 *(.glue_7)
 .glue_7        0x000000000800bd08        0x0 linker stubs
 *(.glue_7t)
 .glue_7t       0x000000000800bd08        0x0 linker stubs
 *(.eh_frame)
 .eh_frame      0x000000000800bd08        0x0 /Applications/STM32CubeIDE.app/Contents/Eclipse/plugins/com.st.stm32cube.ide.mcu.externaltools.gnu-tools-for-stm32.11.3.rel1.macos64_1.1.100.202310310803/tools/bin/../lib/gcc/arm-none-eabi/11.3.1/thumb/v7e-m+fp/hard/crtbegin.o
 *(.init)
 .init          0x000000000800bd08        0x4 /Applications/STM32CubeIDE.app/Contents/Eclipse/plugins/com.st.stm32cube.ide.mcu.externaltools.gnu-tools-for-stm32.11.3.rel1.macos64_1.1.100.202310310803/tools/bin/../lib/gcc/arm-none-eabi/11.3.1/thumb/v7e-m+fp/hard/crti.o
                0x000000000800bd08                _init
 .init          0x000000000800bd0c        0x8 /Applications/STM32CubeIDE.app/Contents/Eclipse/plugins/com.st.stm32cube.ide.mcu.externaltools.gnu-tools-for-stm32.11.3.rel1.macos64_1.1.100.202310310803/tools/bin/../lib/gcc/arm-none-eabi/11.3.1/thumb/v7e-m+fp/hard/crtn.o
 *(.fini)
 .fini          0x000000000800bd14        0x4 /Applications/STM32CubeIDE.app/Contents/Eclipse/plugins/com.st.stm32cube.ide.mcu.externaltools.gnu-tools-for-stm32.11.3.rel1.macos64_1.1.100.202310310803/tools/bin/../lib/gcc/arm-none-eabi/11.3.1/thumb/v7e-m+fp/hard/crti.o
                0x000000000800bd14                _fini
 .fini          0x000000000800bd18        0x8 /Applications/STM32CubeIDE.app/Contents/Eclipse/plugins/com.st.stm32cube.ide.mcu.externaltools.gnu-tools-for-stm32.11.3.rel1.macos64_1.1.100.202310310803/tools/bin/../lib/gcc/arm-none-eabi/11.3.1/thumb/v7e-m+fp/hard/crtn.o
                0x000000000800bd20                . = ALIGN (0x4)
                0x000000000800bd20                _etext = .

.vfp11_veneer   0x000000000800bd20        0x0
 .vfp11_veneer  0x000000000800bd20        0x0 linker stubs

.v4_bx          0x000000000800bd20        0x0
 .v4_bx         0x000000000800bd20        0x0 linker stubs

.iplt           0x000000000800bd20        0x0
 .iplt          0x000000000800bd20        0x0 /Applications/STM32CubeIDE.app/Contents/Eclipse/plugins/com.st.stm32cube.ide.mcu.externaltools.gnu-tools-for-stm32.11.3.rel1.macos64_1.1.100.202310310803/tools/bin/../lib/gcc/arm-none-eabi/11.3.1/thumb/v7e-m+fp/hard/crtbegin.o

.rodata         0x000000000800bd20       0x68
                0x000000000800bd20                . = ALIGN (0x4)
 *(.rodata)
 .rodata        0x000000000800bd20        0x5 ./Middlewares/Third_Party/FreeRTOS/Source/tasks.o
 *fill*         0x000000000800bd25        0x3 
 .rodata        0x000000000800bd28        0xd ./Middlewares/Third_Party/FreeRTOS/Source/timers.o
 *fill*         0x000000000800bd35        0x3 
 .rodata        0x000000000800bd38        0xd ./System/Thread/Src/PowerMonitor.o
 *(.rodata*)
 *fill*         0x000000000800bd45        0x3 
 .rodata.AHBPrescTable
                0x000000000800bd48       0x10 ./Core/Src/system_stm32g4xx.o
                0x000000000800bd48                AHBPrescTable
 .rodata._ZTV12PowerMonitor
                0x000000000800bd58       0x18 ./System/Thread/Src/PowerMonitor.o
                0x000000000800bd58                vtable for PowerMonitor
 .rodata._ZTV6Thread
                0x000000000800bd70       0x18 ./System/Thread/Src/PowerMonitor.o
                0x000000000800bd70                vtable for Thread
                0x000000000800bd88                . = ALIGN (0x4)

.rel.dyn        0x000000000800bd88        0x0
 .rel.iplt      0x000000000800bd88        0x0 /Applications/STM32CubeIDE.app/Contents/Eclipse/plugins/com.st.stm32cube.ide.mcu.externaltools.gnu-tools-for-stm32.11.3.rel1.macos64_1.1.100.202310310803/tools/bin/../lib/gcc/arm-none-eabi/11.3.1/thumb/v7e-m+fp/hard/crtbegin.o

.ARM.extab      0x000000000800bd88        0x0
                0x000000000800bd88                . = ALIGN (0x4)
 *(.ARM.extab* .gnu.linkonce.armextab.*)
                0x000000000800bd88                . = ALIGN (0x4)

.ARM            0x000000000800bd88        0x0
                0x000000000800bd88                . = ALIGN (0x4)
                0x000000000800bd88                __exidx_start = .
 *(.ARM.exidx*)
                0x000000000800bd88                __exidx_end = .
                0x000000000800bd88                . = ALIGN (0x4)

.preinit_array  0x000000000800bd88        0x0
                0x000000000800bd88                . = ALIGN (0x4)
                0x000000000800bd88                PROVIDE (__preinit_array_start = .)
 *(.preinit_array*)
                0x000000000800bd88                PROVIDE (__preinit_array_end = .)
                0x000000000800bd88                . = ALIGN (0x4)

.init_array     0x000000000800bd88        0x4
                0x000000000800bd88                . = ALIGN (0x4)
                0x000000000800bd88                PROVIDE (__init_array_start = .)
 *(SORT_BY_NAME(.init_array.*))
 *(.init_array*)
 .init_array    0x000000000800bd88        0x4 /Applications/STM32CubeIDE.app/Contents/Eclipse/plugins/com.st.stm32cube.ide.mcu.externaltools.gnu-tools-for-stm32.11.3.rel1.macos64_1.1.100.202310310803/tools/bin/../lib/gcc/arm-none-eabi/11.3.1/thumb/v7e-m+fp/hard/crtbegin.o
                0x000000000800bd8c                PROVIDE (__init_array_end = .)
                0x000000000800bd8c                . = ALIGN (0x4)

.fini_array     0x000000000800bd8c        0x4
                0x000000000800bd8c                . = ALIGN (0x4)
                [!provide]                        PROVIDE (__fini_array_start = .)
 *(SORT_BY_NAME(.fini_array.*))
 *(.fini_array*)
 .fini_array    0x000000000800bd8c        0x4 /Applications/STM32CubeIDE.app/Contents/Eclipse/plugins/com.st.stm32cube.ide.mcu.externaltools.gnu-tools-for-stm32.11.3.rel1.macos64_1.1.100.202310310803/tools/bin/../lib/gcc/arm-none-eabi/11.3.1/thumb/v7e-m+fp/hard/crtbegin.o
                [!provide]                        PROVIDE (__fini_array_end = .)
                0x000000000800bd90                . = ALIGN (0x4)
                0x000000000800bd90                _sidata = LOADADDR (.data)

.data           0x0000000020000000       0x60 load address 0x000000000800bd90
                0x0000000020000000                . = ALIGN (0x4)
                0x0000000020000000                _sdata = .
 *(.data)
 *(.data*)
 .data.SystemCoreClock
                0x0000000020000000        0x4 ./Core/Src/system_stm32g4xx.o
                0x0000000020000000                SystemCoreClock
 .data.uwTickPrio
                0x0000000020000004        0x4 ./Drivers/STM32G4xx_HAL_Driver/Src/stm32g4xx_hal.o
                0x0000000020000004                uwTickPrio
 .data.uwTickFreq
                0x0000000020000008        0x4 ./Drivers/STM32G4xx_HAL_Driver/Src/stm32g4xx_hal.o
                0x0000000020000008                uwTickFreq
 .data.uxCriticalNesting
                0x000000002000000c        0x4 ./Middlewares/Third_Party/FreeRTOS/Source/portable/GCC/ARM_CM4F/port.o
 .data._impure_data
                0x0000000020000010       0x4c /Applications/STM32CubeIDE.app/Contents/Eclipse/plugins/com.st.stm32cube.ide.mcu.externaltools.gnu-tools-for-stm32.11.3.rel1.macos64_1.1.100.202310310803/tools/bin/../lib/gcc/arm-none-eabi/11.3.1/../../../../arm-none-eabi/lib/thumb/v7e-m+fp/hard/libc_nano.a(libc_a-impure.o)
                0x0000000020000010                _impure_data
 .data._impure_ptr
                0x000000002000005c        0x4 /Applications/STM32CubeIDE.app/Contents/Eclipse/plugins/com.st.stm32cube.ide.mcu.externaltools.gnu-tools-for-stm32.11.3.rel1.macos64_1.1.100.202310310803/tools/bin/../lib/gcc/arm-none-eabi/11.3.1/../../../../arm-none-eabi/lib/thumb/v7e-m+fp/hard/libc_nano.a(libc_a-impure.o)
                0x000000002000005c                _impure_ptr
 *(.RamFunc)
 *(.RamFunc*)
                0x0000000020000060                . = ALIGN (0x4)
                0x0000000020000060                _edata = .

.igot.plt       0x0000000020000060        0x0 load address 0x000000000800bdf0
 .igot.plt      0x0000000020000060        0x0 /Applications/STM32CubeIDE.app/Contents/Eclipse/plugins/com.st.stm32cube.ide.mcu.externaltools.gnu-tools-for-stm32.11.3.rel1.macos64_1.1.100.202310310803/tools/bin/../lib/gcc/arm-none-eabi/11.3.1/thumb/v7e-m+fp/hard/crtbegin.o
                0x0000000020000060                . = ALIGN (0x4)

.bss            0x0000000020000060    0x10514 load address 0x000000000800bdf0
                0x0000000020000060                _sbss = .
                0x0000000020000060                __bss_start__ = _sbss
 *(.bss)
 .bss           0x0000000020000060       0x1c /Applications/STM32CubeIDE.app/Contents/Eclipse/plugins/com.st.stm32cube.ide.mcu.externaltools.gnu-tools-for-stm32.11.3.rel1.macos64_1.1.100.202310310803/tools/bin/../lib/gcc/arm-none-eabi/11.3.1/thumb/v7e-m+fp/hard/crtbegin.o
 *(.bss*)
 .bss.hcrc      0x000000002000007c       0x24 ./Core/Src/crc.o
                0x000000002000007c                hcrc
 .bss.hfdcan1   0x00000000200000a0       0x64 ./Core/Src/fdcan.o
                0x00000000200000a0                hfdcan1
 .bss.hfdcan2   0x0000000020000104       0x64 ./Core/Src/fdcan.o
                0x0000000020000104                hfdcan2
 .bss.HAL_RCC_FDCAN_CLK_ENABLED
                0x0000000020000168        0x4 ./Core/Src/fdcan.o
 .bss.hi2c2     0x000000002000016c       0x54 ./Core/Src/i2c.o
                0x000000002000016c                hi2c2
 .bss.hi2c3     0x00000000200001c0       0x54 ./Core/Src/i2c.o
                0x00000000200001c0                hi2c3
 .bss.hiwdg     0x0000000020000214       0x10 ./Core/Src/iwdg.o
                0x0000000020000214                hiwdg
 .bss.hspi1     0x0000000020000224       0x64 ./Core/Src/spi.o
                0x0000000020000224                hspi1
 .bss.hspi2     0x0000000020000288       0x64 ./Core/Src/spi.o
                0x0000000020000288                hspi2
 .bss.hspi3     0x00000000200002ec       0x64 ./Core/Src/spi.o
                0x00000000200002ec                hspi3
 .bss.__sbrk_heap_end
                0x0000000020000350        0x4 ./Core/Src/sysmem.o
 .bss.uwTick    0x0000000020000354        0x4 ./Drivers/STM32G4xx_HAL_Driver/Src/stm32g4xx_hal.o
                0x0000000020000354                uwTick
 .bss.cfgidx.0  0x0000000020000358        0x1 ./Middlewares/ST/STM32_USB_Device_Library/Core/Src/usbd_ctlreq.o
 *fill*         0x0000000020000359        0x3 
 .bss.KernelState
                0x000000002000035c        0x4 ./Middlewares/Third_Party/FreeRTOS/Source/CMSIS_RTOS_V2/cmsis_os2.o
 .bss.Idle_TCB.3
                0x0000000020000360       0xa8 ./Middlewares/Third_Party/FreeRTOS/Source/CMSIS_RTOS_V2/cmsis_os2.o
 .bss.Idle_Stack.2
                0x0000000020000408      0x200 ./Middlewares/Third_Party/FreeRTOS/Source/CMSIS_RTOS_V2/cmsis_os2.o
 .bss.Timer_TCB.1
                0x0000000020000608       0xa8 ./Middlewares/Third_Party/FreeRTOS/Source/CMSIS_RTOS_V2/cmsis_os2.o
 .bss.Timer_Stack.0
                0x00000000200006b0      0x400 ./Middlewares/Third_Party/FreeRTOS/Source/CMSIS_RTOS_V2/cmsis_os2.o
 .bss.xQueueRegistry
                0x0000000020000ab0       0x40 ./Middlewares/Third_Party/FreeRTOS/Source/queue.o
                0x0000000020000ab0                xQueueRegistry
 .bss.pxCurrentTCB
                0x0000000020000af0        0x4 ./Middlewares/Third_Party/FreeRTOS/Source/tasks.o
                0x0000000020000af0                pxCurrentTCB
 .bss.pxReadyTasksLists
                0x0000000020000af4      0x460 ./Middlewares/Third_Party/FreeRTOS/Source/tasks.o
 .bss.xDelayedTaskList1
                0x0000000020000f54       0x14 ./Middlewares/Third_Party/FreeRTOS/Source/tasks.o
 .bss.xDelayedTaskList2
                0x0000000020000f68       0x14 ./Middlewares/Third_Party/FreeRTOS/Source/tasks.o
 .bss.pxDelayedTaskList
                0x0000000020000f7c        0x4 ./Middlewares/Third_Party/FreeRTOS/Source/tasks.o
 .bss.pxOverflowDelayedTaskList
                0x0000000020000f80        0x4 ./Middlewares/Third_Party/FreeRTOS/Source/tasks.o
 .bss.xPendingReadyList
                0x0000000020000f84       0x14 ./Middlewares/Third_Party/FreeRTOS/Source/tasks.o
 .bss.xTasksWaitingTermination
                0x0000000020000f98       0x14 ./Middlewares/Third_Party/FreeRTOS/Source/tasks.o
 .bss.uxDeletedTasksWaitingCleanUp
                0x0000000020000fac        0x4 ./Middlewares/Third_Party/FreeRTOS/Source/tasks.o
 .bss.xSuspendedTaskList
                0x0000000020000fb0       0x14 ./Middlewares/Third_Party/FreeRTOS/Source/tasks.o
 .bss.uxCurrentNumberOfTasks
                0x0000000020000fc4        0x4 ./Middlewares/Third_Party/FreeRTOS/Source/tasks.o
 .bss.xTickCount
                0x0000000020000fc8        0x4 ./Middlewares/Third_Party/FreeRTOS/Source/tasks.o
 .bss.uxTopReadyPriority
                0x0000000020000fcc        0x4 ./Middlewares/Third_Party/FreeRTOS/Source/tasks.o
 .bss.xSchedulerRunning
                0x0000000020000fd0        0x4 ./Middlewares/Third_Party/FreeRTOS/Source/tasks.o
 .bss.xPendedTicks
                0x0000000020000fd4        0x4 ./Middlewares/Third_Party/FreeRTOS/Source/tasks.o
 .bss.xYieldPending
                0x0000000020000fd8        0x4 ./Middlewares/Third_Party/FreeRTOS/Source/tasks.o
 .bss.xNumOfOverflows
                0x0000000020000fdc        0x4 ./Middlewares/Third_Party/FreeRTOS/Source/tasks.o
 .bss.uxTaskNumber
                0x0000000020000fe0        0x4 ./Middlewares/Third_Party/FreeRTOS/Source/tasks.o
 .bss.xNextTaskUnblockTime
                0x0000000020000fe4        0x4 ./Middlewares/Third_Party/FreeRTOS/Source/tasks.o
 .bss.xIdleTaskHandle
                0x0000000020000fe8        0x4 ./Middlewares/Third_Party/FreeRTOS/Source/tasks.o
 .bss.uxSchedulerSuspended
                0x0000000020000fec        0x4 ./Middlewares/Third_Party/FreeRTOS/Source/tasks.o
 .bss.xActiveTimerList1
                0x0000000020000ff0       0x14 ./Middlewares/Third_Party/FreeRTOS/Source/timers.o
 .bss.xActiveTimerList2
                0x0000000020001004       0x14 ./Middlewares/Third_Party/FreeRTOS/Source/timers.o
 .bss.pxCurrentTimerList
                0x0000000020001018        0x4 ./Middlewares/Third_Party/FreeRTOS/Source/timers.o
 .bss.pxOverflowTimerList
                0x000000002000101c        0x4 ./Middlewares/Third_Party/FreeRTOS/Source/timers.o
 .bss.xTimerQueue
                0x0000000020001020        0x4 ./Middlewares/Third_Party/FreeRTOS/Source/timers.o
 .bss.xTimerTaskHandle
                0x0000000020001024        0x4 ./Middlewares/Third_Party/FreeRTOS/Source/timers.o
 .bss.xLastTime.2
                0x0000000020001028        0x4 ./Middlewares/Third_Party/FreeRTOS/Source/timers.o
 .bss.ucStaticTimerQueueStorage.1
                0x000000002000102c       0xa0 ./Middlewares/Third_Party/FreeRTOS/Source/timers.o
 .bss.xStaticTimerQueue.0
                0x00000000200010cc       0x50 ./Middlewares/Third_Party/FreeRTOS/Source/timers.o
 .bss.ucMaxSysCallPriority
                0x000000002000111c        0x1 ./Middlewares/Third_Party/FreeRTOS/Source/portable/GCC/ARM_CM4F/port.o
 *fill*         0x000000002000111d        0x3 
 .bss.ulMaxPRIGROUPValue
                0x0000000020001120        0x4 ./Middlewares/Third_Party/FreeRTOS/Source/portable/GCC/ARM_CM4F/port.o
 .bss.ucHeap    0x0000000020001124     0xf000 ./Middlewares/Third_Party/FreeRTOS/Source/portable/MemMang/heap_4.o
 .bss.xStart    0x0000000020010124        0x8 ./Middlewares/Third_Party/FreeRTOS/Source/portable/MemMang/heap_4.o
 .bss.pxEnd     0x000000002001012c        0x4 ./Middlewares/Third_Party/FreeRTOS/Source/portable/MemMang/heap_4.o
 .bss.xFreeBytesRemaining
                0x0000000020010130        0x4 ./Middlewares/Third_Party/FreeRTOS/Source/portable/MemMang/heap_4.o
 .bss.xMinimumEverFreeBytesRemaining
                0x0000000020010134        0x4 ./Middlewares/Third_Party/FreeRTOS/Source/portable/MemMang/heap_4.o
 .bss.xNumberOfSuccessfulAllocations
                0x0000000020010138        0x4 ./Middlewares/Third_Party/FreeRTOS/Source/portable/MemMang/heap_4.o
 .bss.xNumberOfSuccessfulFrees
                0x000000002001013c        0x4 ./Middlewares/Third_Party/FreeRTOS/Source/portable/MemMang/heap_4.o
 .bss.xBlockAllocatedBit
                0x0000000020010140        0x4 ./Middlewares/Third_Party/FreeRTOS/Source/portable/MemMang/heap_4.o
 .bss._ZZN6System4initEvE12powermonitor
                0x0000000020010144        0x4 ./System/Core/Src/System.o
 .bss._ZGVZN6System4initEvE12powermonitor
                0x0000000020010148        0x4 ./System/Core/Src/System.o
 .bss.hpcd_USB_FS
                0x000000002001014c      0x2dc ./USB_Device/Target/usbd_conf.o
                0x000000002001014c                hpcd_USB_FS
 .bss._ZN12_GLOBAL__N_113__new_handlerE
                0x0000000020010428        0x4 /Applications/STM32CubeIDE.app/Contents/Eclipse/plugins/com.st.stm32cube.ide.mcu.externaltools.gnu-tools-for-stm32.11.3.rel1.macos64_1.1.100.202310310803/tools/bin/../lib/gcc/arm-none-eabi/11.3.1/../../../../arm-none-eabi/lib/thumb/v7e-m+fp/hard/libstdc++_nano.a(new_handler.o)
 .bss.__malloc_free_list
                0x000000002001042c        0x4 /Applications/STM32CubeIDE.app/Contents/Eclipse/plugins/com.st.stm32cube.ide.mcu.externaltools.gnu-tools-for-stm32.11.3.rel1.macos64_1.1.100.202310310803/tools/bin/../lib/gcc/arm-none-eabi/11.3.1/../../../../arm-none-eabi/lib/thumb/v7e-m+fp/hard/libc_nano.a(libc_a-mallocr.o)
                0x000000002001042c                __malloc_free_list
 .bss.__malloc_sbrk_start
                0x0000000020010430        0x4 /Applications/STM32CubeIDE.app/Contents/Eclipse/plugins/com.st.stm32cube.ide.mcu.externaltools.gnu-tools-for-stm32.11.3.rel1.macos64_1.1.100.202310310803/tools/bin/../lib/gcc/arm-none-eabi/11.3.1/../../../../arm-none-eabi/lib/thumb/v7e-m+fp/hard/libc_nano.a(libc_a-mallocr.o)
                0x0000000020010430                __malloc_sbrk_start
 .bss.__sf      0x0000000020010434      0x138 /Applications/STM32CubeIDE.app/Contents/Eclipse/plugins/com.st.stm32cube.ide.mcu.externaltools.gnu-tools-for-stm32.11.3.rel1.macos64_1.1.100.202310310803/tools/bin/../lib/gcc/arm-none-eabi/11.3.1/../../../../arm-none-eabi/lib/thumb/v7e-m+fp/hard/libc_nano.a(libc_a-findfp.o)
                0x0000000020010434                __sf
 .bss.errno     0x000000002001056c        0x4 /Applications/STM32CubeIDE.app/Contents/Eclipse/plugins/com.st.stm32cube.ide.mcu.externaltools.gnu-tools-for-stm32.11.3.rel1.macos64_1.1.100.202310310803/tools/bin/../lib/gcc/arm-none-eabi/11.3.1/../../../../arm-none-eabi/lib/thumb/v7e-m+fp/hard/libc_nano.a(libc_a-reent.o)
                0x000000002001056c                errno
 .bss.__lock___malloc_recursive_mutex
                0x0000000020010570        0x1 /Applications/STM32CubeIDE.app/Contents/Eclipse/plugins/com.st.stm32cube.ide.mcu.externaltools.gnu-tools-for-stm32.11.3.rel1.macos64_1.1.100.202310310803/tools/bin/../lib/gcc/arm-none-eabi/11.3.1/../../../../arm-none-eabi/lib/thumb/v7e-m+fp/hard/libc_nano.a(libc_a-lock.o)
                0x0000000020010570                __lock___malloc_recursive_mutex
 *(COMMON)
                0x0000000020010574                . = ALIGN (0x4)
 *fill*         0x0000000020010571        0x3 
                0x0000000020010574                _ebss = .
                0x0000000020010574                __bss_end__ = _ebss

._user_heap_stack
                0x0000000020010574      0x604 load address 0x000000000800bdf0
                0x0000000020010578                . = ALIGN (0x8)
 *fill*         0x0000000020010574        0x4 
                [!provide]                        PROVIDE (end = .)
                0x0000000020010578                PROVIDE (_end = .)
                0x0000000020010778                . = (. + _Min_Heap_Size)
 *fill*         0x0000000020010578      0x200 
                0x0000000020010b78                . = (. + _Min_Stack_Size)
 *fill*         0x0000000020010778      0x400 
                0x0000000020010b78                . = ALIGN (0x8)

/DISCARD/
 libc.a(*)
 libm.a(*)
 libgcc.a(*)

.ARM.attributes
                0x0000000000000000       0x30
 *(.ARM.attributes)
 .ARM.attributes
                0x0000000000000000       0x1e /Applications/STM32CubeIDE.app/Contents/Eclipse/plugins/com.st.stm32cube.ide.mcu.externaltools.gnu-tools-for-stm32.11.3.rel1.macos64_1.1.100.202310310803/tools/bin/../lib/gcc/arm-none-eabi/11.3.1/thumb/v7e-m+fp/hard/crti.o
 .ARM.attributes
                0x000000000000001e       0x34 /Applications/STM32CubeIDE.app/Contents/Eclipse/plugins/com.st.stm32cube.ide.mcu.externaltools.gnu-tools-for-stm32.11.3.rel1.macos64_1.1.100.202310310803/tools/bin/../lib/gcc/arm-none-eabi/11.3.1/thumb/v7e-m+fp/hard/crtbegin.o
 .ARM.attributes
                0x0000000000000052       0x34 ./Core/Src/crc.o
 .ARM.attributes
                0x0000000000000086       0x34 ./Core/Src/fdcan.o
 .ARM.attributes
                0x00000000000000ba       0x34 ./Core/Src/freertos.o
 .ARM.attributes
                0x00000000000000ee       0x34 ./Core/Src/gpio.o
 .ARM.attributes
                0x0000000000000122       0x34 ./Core/Src/i2c.o
 .ARM.attributes
                0x0000000000000156       0x34 ./Core/Src/iwdg.o
 .ARM.attributes
                0x000000000000018a       0x34 ./Core/Src/main.o
 .ARM.attributes
                0x00000000000001be       0x34 ./Core/Src/spi.o
 .ARM.attributes
                0x00000000000001f2       0x34 ./Core/Src/stm32g4xx_hal_msp.o
 .ARM.attributes
                0x0000000000000226       0x34 ./Core/Src/stm32g4xx_it.o
 .ARM.attributes
                0x000000000000025a       0x34 ./Core/Src/syscalls.o
 .ARM.attributes
                0x000000000000028e       0x34 ./Core/Src/sysmem.o
 .ARM.attributes
                0x00000000000002c2       0x34 ./Core/Src/system_stm32g4xx.o
 .ARM.attributes
                0x00000000000002f6       0x21 ./Core/Startup/startup_stm32g483retx.o
 .ARM.attributes
                0x0000000000000317       0x34 ./Drivers/STM32G4xx_HAL_Driver/Src/stm32g4xx_hal.o
 .ARM.attributes
                0x000000000000034b       0x34 ./Drivers/STM32G4xx_HAL_Driver/Src/stm32g4xx_hal_cortex.o
 .ARM.attributes
                0x000000000000037f       0x34 ./Drivers/STM32G4xx_HAL_Driver/Src/stm32g4xx_hal_crc.o
 .ARM.attributes
                0x00000000000003b3       0x34 ./Drivers/STM32G4xx_HAL_Driver/Src/stm32g4xx_hal_crc_ex.o
 .ARM.attributes
                0x00000000000003e7       0x34 ./Drivers/STM32G4xx_HAL_Driver/Src/stm32g4xx_hal_fdcan.o
 .ARM.attributes
                0x000000000000041b       0x34 ./Drivers/STM32G4xx_HAL_Driver/Src/stm32g4xx_hal_gpio.o
 .ARM.attributes
                0x000000000000044f       0x34 ./Drivers/STM32G4xx_HAL_Driver/Src/stm32g4xx_hal_i2c.o
 .ARM.attributes
                0x0000000000000483       0x34 ./Drivers/STM32G4xx_HAL_Driver/Src/stm32g4xx_hal_i2c_ex.o
 .ARM.attributes
                0x00000000000004b7       0x34 ./Drivers/STM32G4xx_HAL_Driver/Src/stm32g4xx_hal_iwdg.o
 .ARM.attributes
                0x00000000000004eb       0x34 ./Drivers/STM32G4xx_HAL_Driver/Src/stm32g4xx_hal_pcd.o
 .ARM.attributes
                0x000000000000051f       0x34 ./Drivers/STM32G4xx_HAL_Driver/Src/stm32g4xx_hal_pwr_ex.o
 .ARM.attributes
                0x0000000000000553       0x34 ./Drivers/STM32G4xx_HAL_Driver/Src/stm32g4xx_hal_rcc.o
 .ARM.attributes
                0x0000000000000587       0x34 ./Drivers/STM32G4xx_HAL_Driver/Src/stm32g4xx_hal_rcc_ex.o
 .ARM.attributes
                0x00000000000005bb       0x34 ./Drivers/STM32G4xx_HAL_Driver/Src/stm32g4xx_hal_spi.o
 .ARM.attributes
                0x00000000000005ef       0x34 ./Drivers/STM32G4xx_HAL_Driver/Src/stm32g4xx_ll_usb.o
 .ARM.attributes
                0x0000000000000623       0x34 ./Middlewares/ST/STM32_USB_Device_Library/Core/Src/usbd_core.o
 .ARM.attributes
                0x0000000000000657       0x34 ./Middlewares/ST/STM32_USB_Device_Library/Core/Src/usbd_ctlreq.o
 .ARM.attributes
                0x000000000000068b       0x34 ./Middlewares/ST/STM32_USB_Device_Library/Core/Src/usbd_ioreq.o
 .ARM.attributes
                0x00000000000006bf       0x34 ./Middlewares/Third_Party/FreeRTOS/Source/CMSIS_RTOS_V2/cmsis_os2.o
 .ARM.attributes
                0x00000000000006f3       0x34 ./Middlewares/Third_Party/FreeRTOS/Source/list.o
 .ARM.attributes
                0x0000000000000727       0x34 ./Middlewares/Third_Party/FreeRTOS/Source/queue.o
 .ARM.attributes
                0x000000000000075b       0x34 ./Middlewares/Third_Party/FreeRTOS/Source/tasks.o
 .ARM.attributes
                0x000000000000078f       0x34 ./Middlewares/Third_Party/FreeRTOS/Source/timers.o
 .ARM.attributes
                0x00000000000007c3       0x34 ./Middlewares/Third_Party/FreeRTOS/Source/portable/GCC/ARM_CM4F/port.o
 .ARM.attributes
                0x00000000000007f7       0x34 ./Middlewares/Third_Party/FreeRTOS/Source/portable/MemMang/heap_4.o
 .ARM.attributes
                0x000000000000082b       0x34 ./System/Core/Src/System.o
 .ARM.attributes
                0x000000000000085f       0x34 ./System/Thread/Src/PowerMonitor.o
 .ARM.attributes
                0x0000000000000893       0x34 ./System/Thread/Src/Thread.o
 .ARM.attributes
                0x00000000000008c7       0x34 ./USB_Device/Target/usbd_conf.o
 .ARM.attributes
                0x00000000000008fb       0x34 /Applications/STM32CubeIDE.app/Contents/Eclipse/plugins/com.st.stm32cube.ide.mcu.externaltools.gnu-tools-for-stm32.11.3.rel1.macos64_1.1.100.202310310803/tools/bin/../lib/gcc/arm-none-eabi/11.3.1/../../../../arm-none-eabi/lib/thumb/v7e-m+fp/hard/libstdc++_nano.a(del_ops.o)
 .ARM.attributes
                0x000000000000092f       0x34 /Applications/STM32CubeIDE.app/Contents/Eclipse/plugins/com.st.stm32cube.ide.mcu.externaltools.gnu-tools-for-stm32.11.3.rel1.macos64_1.1.100.202310310803/tools/bin/../lib/gcc/arm-none-eabi/11.3.1/../../../../arm-none-eabi/lib/thumb/v7e-m+fp/hard/libstdc++_nano.a(guard.o)
 .ARM.attributes
                0x0000000000000963       0x34 /Applications/STM32CubeIDE.app/Contents/Eclipse/plugins/com.st.stm32cube.ide.mcu.externaltools.gnu-tools-for-stm32.11.3.rel1.macos64_1.1.100.202310310803/tools/bin/../lib/gcc/arm-none-eabi/11.3.1/../../../../arm-none-eabi/lib/thumb/v7e-m+fp/hard/libstdc++_nano.a(new_op.o)
 .ARM.attributes
                0x0000000000000997       0x34 /Applications/STM32CubeIDE.app/Contents/Eclipse/plugins/com.st.stm32cube.ide.mcu.externaltools.gnu-tools-for-stm32.11.3.rel1.macos64_1.1.100.202310310803/tools/bin/../lib/gcc/arm-none-eabi/11.3.1/../../../../arm-none-eabi/lib/thumb/v7e-m+fp/hard/libstdc++_nano.a(del_op.o)
 .ARM.attributes