../System/Thread/Inc/Thread.h:22:10:Thread::~Thread()	16	static
../System/Thread/Inc/Thread.h:22:10:virtual Thread::~Thread()	16	static
../System/Thread/Src/PowerMonitor.cpp:16:1:PowerMonitor::PowerMonitor(SPI_HandleTypeDef*)	16	static
../System/Thread/Src/PowerMonitor.cpp:19:6:virtual void PowerMonitor::init()	24	static
../System/Thread/Src/PowerMonitor.cpp:60:6:virtual void PowerMonitor::loop()	24	static
../System/Thread/Src/PowerMonitor.cpp:71:7:float PowerMonitor::read_shunt_voltage()	16	static
../System/Thread/Src/PowerMonitor.cpp:75:7:float PowerMonitor::read_bus_voltage()	16	static
../System/Thread/Src/PowerMonitor.cpp:79:7:float PowerMonitor::read_current()	16	static
../System/Thread/Src/PowerMonitor.cpp:83:7:float PowerMonitor::read_power()	24	static
../System/Thread/Src/PowerMonitor.cpp:93:7:float PowerMonitor::read_temperature()	16	static
../System/Thread/Src/PowerMonitor.cpp:97:10:uint16_t PowerMonitor::get(uint8_t)	24	static
../System/Thread/Src/PowerMonitor.cpp:103:6:bool PowerMonitor::set(uint8_t, uint16_t)	16	static
../System/Thread/Src/PowerMonitor.cpp:107:6:bool PowerMonitor::write(uint8_t, uint8_t*, uint8_t)	32	static,ignoring_inline_asm
../System/Thread/Src/PowerMonitor.cpp:122:6:bool PowerMonitor::read(uint8_t, uint8_t*, uint8_t)	48	static,ignoring_inline_asm
../System/Thread/Inc/PowerMonitor.h:26:7:PowerMonitor::~PowerMonitor()	16	static
../System/Thread/Inc/PowerMonitor.h:26:7:virtual PowerMonitor::~PowerMonitor()	16	static
